----------------------------
Doing the following analysis: 
FuelScen_carbontaxbase_demand_scaled_1_risk_rate_3.8
----------------------------
Reading data...
Number of scenarios:  9
Number of scenarios:  1
Reading and constructing data
Function construct_sets Took 0.0018 seconds
Function construct_network Took 0.0057 seconds
Transport demand in the base year 2018 (in MTonnes):
             product  tot_weight
0           Dry bulk       94.86
1   Container (fast)        4.07
2   Container (slow)        9.23
3  Break bulk (fast)       11.61
4  Break bulk (slow)       15.37
5           Neo bulk       19.28
Function construct_ODD Took 0.5650 seconds
Function construct_vehicles Took 0.5734 seconds
Function construct_emission_transfer Took 0.1887 seconds
Function construct_costs Took 2.5840 seconds
Function construct_time_value Took 0.0011 seconds
Function construct_investments Took 0.0091 seconds
Function construct_charging_edges Took 0.1886 seconds
Function construct_tech_readiness Took 0.0071 seconds
Function construct_path_generation Took 0.2352 seconds
Function construct_param2 Took 0.0838 seconds
Function combined_sets Took 0.5490 seconds
Function combined_sets Took 0.4441 seconds
Done reading data.
Time used reading the base data: 17.705869674682617
Solving the first time period for initialization purposes...
Function combined_sets Took 0.1702 seconds
Set parameter Username
Academic license - for non-commercial use only - expires 2025-09-27
Read LP format model from file C:\Users\sandee\Documents\Github\STraM_ntnu_development\temp\pyomo\tmpapp3m_ns.pyomo.lp
Reading time = 4.66 seconds
x1: 2206927 rows, 540793 columns, 7780366 nonzeros
Set parameter FeasibilityTol to value 0.0001
Set parameter MIPGap to value 0.002
Gurobi Optimizer version 11.0.0 build v11.0.0rc2 (win64 - Windows 10.0 (19045.2))

CPU model: Intel(R) Core(TM) i7-10700 CPU @ 2.90GHz, instruction set [SSE2|AVX|AVX2]
Thread count: 8 physical cores, 16 logical processors, using up to 16 threads

Optimize a model with 2206927 rows, 540793 columns and 7780366 nonzeros
Model fingerprint: 0x5421208a
Coefficient statistics:
  Matrix range     [6e-06, 1e+03]
  Objective range  [8e-02, 3e-01]
  Bounds range     [0e+00, 0e+00]
  RHS range        [1e-03, 9e+01]
Presolve removed 2204267 rows and 518514 columns
Presolve time: 4.33s
Presolved: 2660 rows, 23242 columns, 201160 nonzeros

Concurrent LP optimizer: primal simplex, dual simplex, and barrier
Showing barrier log only...

Ordering time: 0.02s

Barrier statistics:
 AA' NZ     : 8.445e+04
 Factor NZ  : 1.892e+05 (roughly 12 MB of memory)
 Factor Ops : 2.641e+07 (less than 1 second per iteration)
 Threads    : 6

                  Objective                Residual
Iter       Primal          Dual         Primal    Dual     Compl     Time
   0   4.26674854e+00 -5.65025000e-01  2.86e+05 0.00e+00  1.23e+00     4s
   1   1.56946924e+00 -6.13247941e-01  6.92e+04 2.27e-02  3.11e-01     4s
   2   7.49592777e-01  6.10723261e-01  1.42e+04 1.52e-02  6.80e-02     4s
   3   8.39325503e-01  7.19825325e+00  5.24e+03 3.39e-03  2.50e-02     4s
   4   4.97431563e+00  3.02919298e+01  2.92e+03 1.40e-03  1.41e-02     4s
   5   8.63115495e+00  4.26087728e+01  2.26e+03 1.30e-03  1.08e-02     4s
   6   1.28086961e+01  3.93930892e+01  2.06e+03 1.23e-03  9.88e-03     4s
   7   2.00399418e+01  4.28764966e+01  1.62e+03 1.11e-03  7.87e-03     4s
   8   2.30447315e+01  6.37755672e+01  1.38e+03 6.43e-04  6.62e-03     4s
   9   2.40925851e+01  7.62454351e+01  1.31e+03 5.05e-04  6.34e-03     4s
  10   2.55667834e+01  8.15729541e+01  1.23e+03 4.87e-04  5.91e-03     4s
  11   2.65231593e+01  8.61681677e+01  1.18e+03 4.58e-04  5.67e-03     5s
  12   3.38662272e+01  8.99111907e+01  8.97e+02 4.11e-04  4.23e-03     5s
  13   3.94848755e+01  9.39287078e+01  7.67e+02 3.93e-04  3.56e-03     5s
  14   4.12391231e+01  1.01268662e+02  7.32e+02 3.70e-04  3.39e-03     5s
  15   4.34513272e+01  1.04288268e+02  6.95e+02 3.64e-04  3.21e-03     5s
  16   4.49496670e+01  1.11403668e+02  6.72e+02 3.48e-04  3.10e-03     5s
  17   4.91139099e+01  1.14265015e+02  6.17e+02 3.32e-04  2.83e-03     5s
  18   5.57584611e+01  1.21761313e+02  5.36e+02 2.94e-04  2.41e-03     5s
  19   5.92407687e+01  1.30553926e+02  4.95e+02 2.78e-04  2.21e-03     5s
  20   6.16149596e+01  1.38437342e+02  4.73e+02 2.68e-04  2.11e-03     5s
  21   6.74765734e+01  1.47734705e+02  4.28e+02 2.48e-04  1.88e-03     5s
  22   7.19208570e+01  1.57330300e+02  3.97e+02 2.35e-04  1.72e-03     5s
  23   7.51818898e+01  1.60312216e+02  3.77e+02 2.26e-04  1.63e-03     5s
  24   7.87565195e+01  1.66108044e+02  3.58e+02 2.16e-04  1.54e-03     5s
  25   8.26350396e+01  1.71847819e+02  3.38e+02 2.08e-04  1.44e-03     5s
  26   8.49121617e+01  1.77158710e+02  3.26e+02 2.03e-04  1.38e-03     5s
  27   8.55682773e+01  1.81046098e+02  3.23e+02 1.96e-04  1.38e-03     5s
  28   8.67810582e+01  1.81926064e+02  3.18e+02 1.92e-04  1.36e-03     5s
  29   9.08319051e+01  1.87303515e+02  3.00e+02 1.83e-04  1.25e-03     5s
  30   9.60330965e+01  1.93305227e+02  2.79e+02 1.73e-04  1.15e-03     5s
  31   1.01882096e+02  2.01458344e+02  2.57e+02 1.62e-04  1.04e-03     5s
  32   1.05742602e+02  2.05170592e+02  2.43e+02 1.59e-04  9.70e-04     5s
  33   1.09364258e+02  2.12151106e+02  2.31e+02 1.54e-04  9.13e-04     5s
  34   1.14273641e+02  2.24095882e+02  2.17e+02 1.44e-04  8.52e-04     5s
  35   1.16883118e+02  2.34336050e+02  2.10e+02 1.38e-04  8.32e-04     5s
  36   1.20742896e+02  2.44179113e+02  2.00e+02 1.32e-04  7.83e-04     5s
  37   1.23939229e+02  2.46432986e+02  1.93e+02 1.31e-04  7.38e-04     5s
  38   1.30074456e+02  2.53763415e+02  1.82e+02 1.26e-04  6.88e-04     5s
  39   1.33728401e+02  2.63844600e+02  1.76e+02 1.20e-04  6.68e-04     5s
  40   1.36968937e+02  2.69135487e+02  1.70e+02 1.18e-04  6.46e-04     5s
  41   1.39936528e+02  2.74631889e+02  1.66e+02 1.16e-04  6.22e-04     5s
  42   1.42187451e+02  2.84293044e+02  1.62e+02 1.13e-04  6.07e-04     5s
  43   1.44401336e+02  2.92774378e+02  1.59e+02 1.11e-04  6.04e-04     5s
  44   1.47932204e+02  3.00815303e+02  1.54e+02 1.09e-04  5.68e-04     5s
  45   1.50804131e+02  3.11528471e+02  1.51e+02 1.07e-04  5.63e-04     5s
  46   1.54814120e+02  3.17724676e+02  1.47e+02 1.05e-04  5.45e-04     5s
  47   1.59495332e+02  3.20355448e+02  1.42e+02 1.03e-04  5.25e-04     5s
  48   1.65209594e+02  3.28387678e+02  1.37e+02 9.92e-05  5.07e-04     5s
  49   1.68997255e+02  3.32601464e+02  1.34e+02 9.72e-05  4.95e-04     5s
  50   1.70836533e+02  3.37158488e+02  1.32e+02 9.51e-05  4.91e-04     5s
  51   1.74218612e+02  3.43350569e+02  1.29e+02 9.29e-05  4.78e-04     5s
  52   1.76292585e+02  3.46829106e+02  1.27e+02 9.19e-05  4.71e-04     5s
  53   1.78933070e+02  3.50111229e+02  1.25e+02 9.08e-05  4.61e-04     5s
  54   1.81800793e+02  3.55032901e+02  1.23e+02 8.92e-05  4.52e-04     5s
  55   1.84289342e+02  3.59474848e+02  1.21e+02 8.76e-05  4.47e-04     5s
  56   1.87643766e+02  3.65022200e+02  1.19e+02 8.62e-05  4.34e-04     5s
  57   1.91391062e+02  3.70217214e+02  1.16e+02 8.47e-05  4.25e-04     5s
  58   1.94375859e+02  3.76735729e+02  1.14e+02 8.36e-05  4.14e-04     5s
  59   1.98095845e+02  3.84505475e+02  1.11e+02 8.21e-05  4.02e-04     5s
  60   2.01500884e+02  3.88140455e+02  1.09e+02 8.11e-05  3.92e-04     5s
  61   2.03134262e+02  3.93860036e+02  1.08e+02 7.94e-05  3.90e-04     5s
  62   2.05663449e+02  3.98579261e+02  1.07e+02 7.80e-05  3.85e-04     5s
  63   2.08440282e+02  4.00849801e+02  1.05e+02 7.73e-05  3.78e-04     5s
  64   2.11091015e+02  4.05919919e+02  1.04e+02 7.63e-05  3.74e-04     5s
  65   2.14046726e+02  4.07885128e+02  1.02e+02 7.59e-05  3.66e-04     5s

Barrier performed 65 iterations in 4.89 seconds (5.49 work units)
Barrier solve interrupted - model solved by another algorithm


Solved with dual simplex
Iteration    Objective       Primal Inf.    Dual Inf.      Time
    6147    5.3711172e+02   9.000000e-04   1.628435e+08      6s
Extra simplex iterations after uncrush: 3
    6150    5.3711196e+02   0.000000e+00   0.000000e+00      6s

Solved in 6150 iterations and 6.35 seconds (8.05 work units)
Optimal objective  5.371119568e+02
the solution is feasible and optimal
Solution time: 14.389634609222412
Function combined_sets Took 0.4297 seconds
-----
Constructing full SP model...
Done constructing model.
Time used constructing the model: 91.66263771057129
----------
Solving model...
Set parameter Username
Academic license - for non-commercial use only - expires 2025-09-27
Read LP format model from file C:\Users\sandee\Documents\Github\STraM_ntnu_development\temp\pyomo\tmphnumc_nq.pyomo.lp
Reading time = 14.76 seconds
x1: 4554352 rows, 1834336 columns, 25949476 nonzeros
Set parameter FeasibilityTol to value 0.01
Set parameter MIPGap to value 0.002
Gurobi Optimizer version 11.0.0 build v11.0.0rc2 (win64 - Windows 10.0 (19045.2))

CPU model: Intel(R) Core(TM) i7-10700 CPU @ 2.90GHz, instruction set [SSE2|AVX|AVX2]
Thread count: 8 physical cores, 16 logical processors, using up to 16 threads

Optimize a model with 4554352 rows, 1834336 columns and 25949476 nonzeros
Model fingerprint: 0xdf146bf8
Variable types: 1834030 continuous, 306 integer (306 binary)
Coefficient statistics:
  Matrix range     [6e-06, 1e+03]
  Objective range  [8e-02, 3e-01]
  Bounds range     [1e+00, 6e+04]
  RHS range        [1e-03, 9e+01]
Presolve removed 4275901 rows and 1030994 columns (presolve time = 5s) ...
Presolve removed 4353661 rows and 1037449 columns
Presolve time: 8.36s
Presolved: 200691 rows, 796887 columns, 16339455 nonzeros
Variable types: 796853 continuous, 34 integer (34 binary)
Deterministic concurrent LP optimizer: primal simplex, dual simplex, and barrier
Showing barrier log only...

Root barrier log...

Ordering time: 1.55s

Barrier statistics:
 AA' NZ     : 4.448e+06
 Factor NZ  : 1.148e+07 (roughly 400 MB of memory)
 Factor Ops : 2.806e+09 (less than 1 second per iteration)
 Threads    : 5

                  Objective                Residual
Iter       Primal          Dual         Primal    Dual     Compl     Time
   0   1.38213126e+13 -1.10661734e+13  9.14e+10 7.63e+01  2.67e+09    54s
   1   9.47467462e+12 -1.09128552e+13  6.26e+10 2.09e+02  1.85e+09    55s
   2   4.27359705e+12 -9.45866244e+12  2.78e+10 1.54e+02  8.52e+08    56s
   3   9.23589888e+11 -3.98435969e+12  5.22e+09 1.13e+01  1.69e+08    57s
   4   1.94448600e+11 -1.48202625e+12  5.51e+08 1.40e-01  1.80e+07    58s
   5   6.90546452e+10 -3.88054272e+11  1.38e+08 3.71e-02  4.74e+06    59s
   6   3.09322662e+10 -1.65299234e+11  5.18e+07 1.13e-02  1.80e+06    60s
   7   1.31850689e+10 -4.47494528e+10  1.84e+07 5.46e-12  6.42e+05    61s
   8   7.10478704e+09 -2.31613152e+10  9.53e+06 1.09e-11  3.35e+05    62s
   9   6.14920787e+09 -1.95259964e+10  8.22e+06 1.05e-11  2.89e+05    63s
  10   5.93282644e+09 -1.87330387e+10  7.92e+06 9.09e-12  2.79e+05    63s
  11   5.36939429e+09 -1.79928812e+10  7.09e+06 1.00e-11  2.51e+05    64s
  12   4.33775204e+09 -1.71612881e+10  5.70e+06 9.09e-12  2.03e+05    65s
  13   3.59800861e+09 -1.47176794e+10  4.66e+06 7.28e-12  1.67e+05    66s
  14   1.99058700e+09 -8.48170738e+09  2.54e+06 4.80e-10  9.22e+04    67s
  15   1.14858867e+09 -3.61044511e+09  1.41e+06 1.88e-09  5.10e+04    68s
  16   8.82451331e+08 -1.49012945e+09  1.07e+06 3.35e-09  3.81e+04    70s
  17   5.32368056e+08 -1.02195157e+09  6.20e+05 4.43e-09  2.20e+04    70s
  18   1.58655065e+08 -9.47297450e+08  1.84e+05 3.24e-09  6.94e+03    71s
  19   8.04908594e+07 -5.99156232e+08  9.24e+04 1.88e-09  3.47e+03    72s
  20   6.11765598e+07 -3.33838598e+08  7.01e+04 1.59e-09  2.46e+03    73s
  21   2.29813099e+07 -1.75634595e+08  2.49e+04 4.63e-09  8.64e+02    73s
  22   8.32456232e+06 -1.01708916e+08  8.10e+03 5.09e-11  2.94e+02    74s
  23   4.78613023e+06 -5.13235208e+07  4.42e+03 1.09e-11  1.47e+02    75s
  24   2.55767652e+06 -2.58536941e+07  2.23e+03 1.04e-10  7.01e+01    76s
  25   1.18136122e+06 -1.26232415e+07  9.40e+02 3.26e-10  2.97e+01    77s
  26   6.50682659e+05 -9.54931754e+06  4.98e+02 1.47e-10  1.75e+01    78s
  27   5.04416116e+05 -7.54404366e+06  3.80e+02 1.26e-10  1.34e+01    79s
  28   3.66858447e+05 -6.55017830e+06  2.73e+02 8.82e-11  1.03e+01    80s
  29   1.80030579e+05 -3.63340901e+06  1.26e+02 6.00e-11  5.11e+00    81s
  30   1.25476382e+05 -2.37329123e+06  8.45e+01 3.23e-11  3.32e+00    82s
  31   8.67976392e+04 -1.93571348e+06  5.57e+01 2.27e-11  2.41e+00    83s
  32   7.56820967e+04 -1.75212793e+06  4.77e+01 2.00e-11  2.11e+00    84s
  33   6.17915308e+04 -1.55417248e+06  3.79e+01 1.73e-11  1.77e+00    85s
  34   5.01444243e+04 -1.27515922e+06  2.96e+01 1.32e-11  1.41e+00    86s
  35   4.46074463e+04 -1.20423753e+06  2.56e+01 1.18e-11  1.28e+00    87s
  36   4.29156965e+04 -1.15981258e+06  2.44e+01 1.11e-11  1.23e+00    88s
  37   3.79992343e+04 -9.99180752e+05  2.10e+01 8.19e-12  1.05e+00    89s
  38   3.09204410e+04 -9.38979241e+05  1.60e+01 7.05e-12  9.13e-01    90s
  39   2.89988280e+04 -7.80035963e+05  1.47e+01 5.91e-12  7.74e-01    92s
  40   2.73167907e+04 -7.33562471e+05  1.35e+01 5.68e-12  7.20e-01    93s
  41   2.59391158e+04 -6.94780347e+05  1.26e+01 5.46e-12  6.75e-01    95s
  42   2.33459881e+04 -6.26177202e+05  1.08e+01 4.55e-12  5.96e-01    96s
  43   1.97046742e+04 -5.26515640e+05  8.32e+00 3.87e-12  4.83e-01    98s
  44   1.79424877e+04 -4.39197129e+05  7.06e+00 3.41e-12  4.01e-01    99s
  45   1.63419788e+04 -3.94108969e+05  5.94e+00 3.07e-12  3.52e-01   100s
  46   1.43309810e+04 -3.48254079e+05  4.55e+00 2.61e-12  2.99e-01   102s
  47   1.31197525e+04 -2.79463951e+05  3.73e+00 2.16e-12  2.39e-01   103s
  48   1.27014735e+04 -2.54034610e+05  3.46e+00 1.93e-12  2.17e-01   104s
  49   1.22531809e+04 -2.41119912e+05  3.17e+00 1.82e-12  2.04e-01   106s
  50   1.14132495e+04 -2.04740626e+05  2.63e+00 1.59e-12  1.71e-01   107s
  51   1.09653682e+04 -1.72375916e+05  2.34e+00 1.74e-12  1.45e-01   108s
  52   1.04621158e+04 -1.49166662e+05  2.04e+00 1.90e-12  1.25e-01   110s
  53   9.74998766e+03 -1.36917513e+05  1.62e+00 1.79e-12  1.12e-01   111s
  54   9.12425986e+03 -1.30241068e+05  1.26e+00 1.56e-12  1.04e-01   113s
  55   8.85786320e+03 -1.19838122e+05  1.12e+00 1.65e-12  9.49e-02   114s
  56   8.50536980e+03 -1.10907200e+05  9.36e-01 2.00e-12  8.69e-02   115s
  57   8.14636904e+03 -9.10200194e+04  7.57e-01 2.43e-12  7.14e-02   117s
  58   8.06235653e+03 -8.73028769e+04  7.21e-01 1.87e-12  6.85e-02   118s

Barrier performed 58 iterations in 118.00 seconds (78.39 work units)
Barrier solve interrupted - model solved by another algorithm

Concurrent spin time: 0.14s

Solved with dual simplex
Warning: Markowitz tolerance tightened to 0.125

Root simplex log...

Iteration    Objective       Primal Inf.    Dual Inf.      Time
   91031    2.4440997e+03   1.000000e-02   2.454248e+09    120s
   94865    2.4442894e+03   0.000000e+00   0.000000e+00    122s
Extra simplex iterations after uncrush: 7732

Root relaxation: objective 2.444289e+03, 94865 iterations, 81.10 seconds (34.90 work units)

    Nodes    |    Current Node    |     Objective Bounds      |     Work
 Expl Unexpl |  Obj  Depth IntInf | Incumbent    BestBd   Gap | It/Node Time

     0     0 2444.28944    0    3          - 2444.28944      -     -  123s
H    0     0                    2444.3010609 2444.28944  0.00%     -  125s

Explored 1 nodes (94865 simplex iterations) in 126.89 seconds (80.43 work units)
Thread count was 16 (of 16 available processors)

Solution count 2: 2444.3 2444.3 

Optimal solution found (tolerance 2.00e-03)
Warning: max constraint violation (7.9740e-02) exceeds tolerance
Warning: max bound violation (7.9009e-02) exceeds tolerance
Best objective 2.444301060875e+03, best bound 2.444301060875e+03, gap 0.0000%
the solution is feasible and optimal
Solution time: 149.3119843006134
Done solving model.
Time used solving the model: 233.72728729248047
----------Dumping data in pickle file...done.
Dumping results in pickle file.....done.
objective function value:  2444.3010608747277
objective function value normalized (Billion EURO):  244.43
                         2023                                            \
                           OO     OB     OP     BO     BB     BP     PO   
LCOT                    4.289  4.289  4.289  4.289  4.289  4.289  4.289   
LCOT (Empty Trips)      1.228  1.228  1.228  1.228  1.228  1.228  1.228   
Emission                0.394  0.394  0.394  0.394  0.394  0.394  0.394   
Emission (Empty Trips)  0.176  0.176  0.176  0.176  0.176  0.176  0.176   
CO2_Penalty             0.000  0.000  0.000  0.000  0.000  0.000  0.000   
Time value              1.343  1.343  1.343  1.343  1.343  1.343  1.343   
Transfer                2.065  2.065  2.065  2.065  2.065  2.065  2.065   
RailTrack               0.116  0.116  0.116  0.116  0.116  0.116  0.116   
Terminal                0.045  0.045  0.045  0.045  0.045  0.045  0.045   
RailElectr.             0.000  0.000  0.000  0.000  0.000  0.000  0.000   
Charging                0.000  0.000  0.000  0.000  0.000  0.000  0.000   
H2_Filling              0.000  0.000  0.000  0.000  0.000  0.000  0.000   

                                       2028                              \
                           PB     PP     OO     OB     OP     BO     BB   
LCOT                    4.289  4.289  4.782  4.782  4.782  4.782  4.782   
LCOT (Empty Trips)      1.228  1.228  1.073  1.073  1.073  1.073  1.073   
Emission                0.394  0.394  0.903  0.903  0.903  0.903  0.903   
Emission (Empty Trips)  0.176  0.176  0.249  0.249  0.249  0.249  0.249   
CO2_Penalty             0.000  0.000  0.000  0.000  0.000  0.000  0.000   
Time value              1.343  1.343  1.628  1.628  1.628  1.628  1.628   
Transfer                2.065  2.065  2.618  2.618  2.618  2.618  2.618   
RailTrack               0.116  0.116  0.000  0.000  0.000  0.000  0.000   
Terminal                0.045  0.045  0.029  0.029  0.029  0.029  0.029   
RailElectr.             0.000  0.000  0.000  0.000  0.000  0.000  0.000   
Charging                0.000  0.000  0.007  0.007  0.007  0.007  0.007   
H2_Filling              0.000  0.000  0.000  0.000  0.000  0.000  0.000   

                                                     2034                \
                           BP     PO     PB     PP     OO     OB     OP   
LCOT                    4.782  4.782  4.782  4.782  5.045  4.902  4.911   
LCOT (Empty Trips)      1.073  1.073  1.073  1.073  1.075  1.052  1.052   
Emission                0.903  0.903  0.903  0.903  0.934  1.093  1.093   
Emission (Empty Trips)  0.249  0.249  0.249  0.249  0.271  0.298  0.298   
CO2_Penalty             0.000  0.000  0.000  0.000  0.000  0.000  0.000   
Time value              1.628  1.628  1.628  1.628  1.928  1.928  1.927   
Transfer                2.618  2.618  2.618  2.618  3.092  3.094  3.092   
RailTrack               0.000  0.000  0.000  0.000  0.000  0.000  0.000   
Terminal                0.029  0.029  0.029  0.029  0.000  0.000 -0.000   
RailElectr.             0.000  0.000  0.000  0.000  0.000  0.000  0.000   
Charging                0.007  0.007  0.007  0.007  0.056  0.015  0.015   
H2_Filling              0.000  0.000  0.000  0.000  0.000  0.000  0.000   

                                                                   2040  \
                           BO     BB     BP     PO     PB     PP     OO   
LCOT                    5.641  5.705  5.514  5.759  5.820  5.914  5.311   
LCOT (Empty Trips)      1.303  1.216  1.224  1.337  1.353  1.268  1.128   
Emission                0.671  0.671  0.863  0.668  0.671  0.671  0.732   
Emission (Empty Trips)  0.133  0.233  0.233  0.116  0.133  0.233  0.222   
CO2_Penalty             0.000  0.000  0.000  0.000  0.000  0.000  0.000   
Time value              1.928  1.927  1.927  1.929  1.927  1.926  2.040   
Transfer                3.093  3.094  3.092  3.093  3.095  3.093  3.009   
RailTrack               0.000  0.000  0.000  0.000  0.000  0.000  0.000   
Terminal                0.000  0.000  0.000  0.000  0.000  0.000  0.001   
RailElectr.             0.000  0.000  0.000  0.000  0.000  0.000  0.000   
Charging                0.081  0.081  0.081  0.081  0.081  0.081  0.163   
H2_Filling              0.000  0.000  0.000  0.000  0.000  0.000  0.002   

                                                                         \
                           OB     OP     BO     BB     BP     PO     PB   
LCOT                    5.270  5.309  5.964  6.090  5.861  6.054  6.185   
LCOT (Empty Trips)      1.119  1.127  1.409  1.269  1.241  1.411  1.467   
Emission                0.817  0.817  0.354  0.359  0.671  0.354  0.354   
Emission (Empty Trips)  0.222  0.222  0.004  0.203  0.222  0.004  0.004   
CO2_Penalty             0.000  0.000  0.000  0.000  0.000  0.000  0.000   
Time value              2.042  2.045  2.040  2.041  2.043  2.042  2.041   
Transfer                3.010  3.000  3.004  3.002  2.999  3.001  3.002   
RailTrack               0.000  0.000  0.000  0.000  0.000  0.000  0.000   
Terminal                0.001  0.001  0.001  0.001  0.001  0.001  0.001   
RailElectr.             0.000  0.000  0.000  0.000  0.000  0.000  0.000   
Charging                0.162  0.162  0.163  0.163  0.162  0.163  0.163   
H2_Filling              0.000  0.000  0.002  0.002  0.002  0.002  0.002   

                                2050                                     \
                           PP     OO     OB     OP     BO     BB     BP   
LCOT                    6.346  6.217  6.122  6.138  6.592  6.835  6.803   
LCOT (Empty Trips)      1.313  1.414  1.260  1.252  1.435  1.481  1.534   
Emission                0.360  0.432  0.747  0.778  0.055  0.055  0.368   
Emission (Empty Trips)  0.204  0.028  0.220  0.235  0.000  0.000  0.000   
CO2_Penalty             0.000  0.000  0.000  0.000  0.000  0.000  0.000   
Time value              2.043  2.422  2.416  2.416  2.421  2.414  2.414   
Transfer                3.001  3.335  3.277  3.282  3.281  3.279  3.281   
RailTrack               0.000  0.000  0.000  0.000  0.000  0.000  0.000   
Terminal                0.001  0.000  0.000  0.000  0.000  0.000  0.000   
RailElectr.             0.000  0.000  0.000  0.000  0.000  0.000  0.000   
Charging                0.162  0.165  0.165  0.165  0.165  0.165  0.165   
H2_Filling              0.002  0.002  0.002  0.002  0.002  0.002  0.002   

                                              2023        2028           2034  \
                           PO     PB     PP   mean  std   mean  std      mean   
LCOT                    6.609  6.850  7.044  4.289  0.0  4.782  0.0  5.467889   
LCOT (Empty Trips)      1.436  1.480  1.534  1.228  0.0  1.073  0.0  1.208889   
Emission                0.055  0.055  0.056  0.394  0.0  0.903  0.0  0.815000   
Emission (Empty Trips)  0.000  0.000  0.000  0.176  0.0  0.249  0.0  0.216444   
CO2_Penalty             0.000  0.000  0.000  0.000  0.0  0.000  0.0  0.000000   
Time value              2.419  2.414  2.415  1.343  0.0  1.628  0.0  1.927444   
Transfer                3.278  3.280  3.280  2.065  0.0  2.618  0.0  3.093111   
RailTrack               0.000  0.000  0.000  0.116  0.0  0.000  0.0  0.000000   
Terminal                0.000  0.000  0.000  0.045  0.0  0.029  0.0  0.000000   
RailElectr.             0.000  0.000  0.000  0.000  0.0  0.000  0.0  0.000000   
Charging                0.166  0.165  0.165  0.000  0.0  0.007  0.0  0.063556   
H2_Filling              0.002  0.002  0.002  0.000  0.0  0.000  0.0  0.000000   

                                      2040                2050            
                             std      mean       std      mean       std  
LCOT                    0.403926  5.821111  0.415732  6.578889  0.342932  
LCOT (Empty Trips)      0.120916  1.276000  0.134067  1.425111  0.104534  
Emission                0.185602  0.535333  0.216863  0.289000  0.305959  
Emission (Empty Trips)  0.071690  0.145222  0.106186  0.053667  0.099050  
CO2_Penalty             0.000000  0.000000  0.000000  0.000000  0.000000  
Time value              0.000882  2.041889  0.001616  2.416778  0.003114  
Transfer                0.001054  3.003111  0.003887  3.285889  0.018483  
RailTrack               0.000000  0.000000  0.000000  0.000000  0.000000  
Terminal                0.000000  0.001000  0.000000  0.000000  0.000000  
RailElectr.             0.000000  0.000000  0.000000  0.000000  0.000000  
Charging                0.028719  0.162556  0.000527  0.165111  0.000333  
H2_Filling              0.000000  0.001556  0.000882  0.002000  0.000000  
                       2023     2028      2034      2040      2050     
                       mean std mean  std mean  std mean  std mean  std
LCOT                    4.3   0  4.8    0  5.5  0.4  5.8 0.42  6.6 0.34
LCOT (Empty Trips)      1.2   0  1.1    0  1.2 0.12  1.3 0.13  1.4  0.1
Emission               0.39   0  0.9    0 0.82 0.19 0.54 0.22 0.29 0.31
Emission (Empty Trips) 0.18   0 0.25    0 0.22 0.07 0.15 0.11 0.05  0.1
CO2_Penalty               0   0    0    0    0    0    0    0    0    0
Time value              1.3   0  1.6    0  1.9    0    2    0  2.4    0
Transfer                2.1   0  2.6    0  3.1    0    3    0  3.3 0.02
RailTrack              0.12   0    0    0    0    0    0    0    0    0
Terminal               0.04   0 0.03    0    0    0    0    0    0    0
RailElectr.               0   0    0    0    0    0    0    0    0    0
Charging                  0   0 0.01    0 0.06 0.03 0.16    0 0.17    0
H2_Filling                0   0    0    0    0    0    0    0    0    0
discount_factor           1   1 0.83 0.83 0.66 0.66 0.53 0.53 0.36 0.36
emissions (MTonnes CO2 eq.):
             AvgEmission     Std  AvgEmission_perc  Std_perc
time_period                                                 
2023                 7.2       0             1e+02         0
2028                 6.6 5.5e-09                91   7.6e-08
2034                 4.9     1.2                68        17
2040                 3.2     1.5                45        21
2050                 1.6     1.9                22        26
----------------
Average transport work in GTONNES*km:
    mode            product time_period TransportArbeid
0   Rail           Dry bulk        2023             9.7
1   Rail           Neo bulk        2023          0.0016
2   Road  Break bulk (fast)        2023             5.5
3   Road  Break bulk (slow)        2023             5.8
4   Road   Container (fast)        2023               2
5   Road   Container (slow)        2023             2.7
6   Road           Dry bulk        2023            0.56
7   Road           Neo bulk        2023              12
8    Sea  Break bulk (fast)        2023           0.091
9    Sea  Break bulk (slow)        2023               1
10   Sea   Container (fast)        2023             0.1
11   Sea   Container (slow)        2023               1
12   Sea           Dry bulk        2023              97
13   Sea           Neo bulk        2023            0.26

