----------------------------
Doing the following analysis: 
FuelScen_carbontaxbase_demand_scaled_1.2_risk_rate_3.8
----------------------------
Reading data...
Number of scenarios:  9
Number of scenarios:  1
Reading and constructing data
Function construct_sets Took 0.0013 seconds
Function construct_network Took 0.0052 seconds
Transport demand in the base year 2018 (in MTonnes):
             product  tot_weight
0           Dry bulk       94.86
1   Container (fast)        4.07
2   Container (slow)        9.23
3  Break bulk (fast)       11.61
4  Break bulk (slow)       15.37
5           Neo bulk       19.28
Function construct_ODD Took 0.5434 seconds
Function construct_vehicles Took 0.5409 seconds
Function construct_emission_transfer Took 0.1601 seconds
Function construct_costs Took 2.3363 seconds
Function construct_time_value Took 0.0011 seconds
Function construct_investments Took 0.0085 seconds
Function construct_charging_edges Took 0.1825 seconds
Function construct_tech_readiness Took 0.0056 seconds
Function construct_path_generation Took 0.1652 seconds
Function construct_param2 Took 0.0597 seconds
Function combined_sets Took 0.4272 seconds
Function combined_sets Took 0.4431 seconds
Done reading data.
Time used reading the base data: 16.770586252212524
Solving the first time period for initialization purposes...
Function combined_sets Took 0.1495 seconds
Set parameter Username
Academic license - for non-commercial use only - expires 2025-09-27
Read LP format model from file C:\Users\sandee\Documents\Github\STraM_ntnu_development\temp\pyomo\tmphiuvdrm_.pyomo.lp
Reading time = 4.50 seconds
x1: 2207188 rows, 540793 columns, 7783282 nonzeros
Set parameter FeasibilityTol to value 0.0001
Set parameter MIPGap to value 0.002
Gurobi Optimizer version 11.0.0 build v11.0.0rc2 (win64 - Windows 10.0 (19045.2))

CPU model: Intel(R) Core(TM) i7-10700 CPU @ 2.90GHz, instruction set [SSE2|AVX|AVX2]
Thread count: 8 physical cores, 16 logical processors, using up to 16 threads

Optimize a model with 2207188 rows, 540793 columns and 7783282 nonzeros
Model fingerprint: 0x4a48feda
Coefficient statistics:
  Matrix range     [6e-06, 1e+03]
  Objective range  [8e-02, 3e-01]
  Bounds range     [0e+00, 0e+00]
  RHS range        [1e-03, 9e+01]
Presolve removed 2204499 rows and 518511 columns
Presolve time: 4.16s
Presolved: 2689 rows, 23245 columns, 201439 nonzeros

Concurrent LP optimizer: primal simplex, dual simplex, and barrier
Showing barrier log only...

Ordering time: 0.02s

Barrier statistics:
 AA' NZ     : 8.530e+04
 Factor NZ  : 1.928e+05 (roughly 12 MB of memory)
 Factor Ops : 2.723e+07 (less than 1 second per iteration)
 Threads    : 6

                  Objective                Residual
Iter       Primal          Dual         Primal    Dual     Compl     Time
   0   4.26536739e+00 -5.65025000e-01  2.85e+05 0.00e+00  1.23e+00     4s
   1   1.59059947e+00  3.24727004e-01  7.06e+04 2.27e-02  3.17e-01     4s
   2   7.51568609e-01  1.88853500e+00  1.43e+04 1.55e-02  6.85e-02     4s
   3   1.09059481e+00  1.03663842e+01  5.55e+03 3.40e-03  2.64e-02     4s
   4   3.05670931e+00  3.64970310e+01  3.69e+03 1.62e-03  1.77e-02     4s
   5   3.92907207e+00  4.78692680e+01  3.15e+03 1.54e-03  1.51e-02     4s
   6   6.89659730e+00  3.39308276e+01  2.78e+03 1.46e-03  1.33e-02     4s
   7   8.05017877e+00  4.39663986e+01  2.64e+03 1.39e-03  1.27e-02     4s
   8   1.49396936e+01  3.89057488e+01  2.40e+03 1.29e-03  1.16e-02     4s
   9   2.29788815e+01  7.01421814e+01  1.84e+03 8.87e-04  8.91e-03     4s
  10   2.81480489e+01  9.07147909e+01  1.51e+03 7.43e-04  7.38e-03     4s
  11   3.25837154e+01  9.89770997e+01  1.31e+03 7.00e-04  6.32e-03     4s
  12   4.27471067e+01  1.07939425e+02  1.04e+03 6.03e-04  4.95e-03     4s
  13   4.86558985e+01  1.21108512e+02  9.07e+02 5.28e-04  4.24e-03     4s
  14   5.20637754e+01  1.25345540e+02  8.49e+02 5.17e-04  3.95e-03     4s
  15   5.41539888e+01  1.34476037e+02  8.18e+02 4.88e-04  3.80e-03     4s
  16   5.53365049e+01  1.36853457e+02  8.02e+02 4.81e-04  3.72e-03     4s
  17   6.27679370e+01  1.42880221e+02  7.11e+02 4.52e-04  3.27e-03     4s
  18   6.90891033e+01  1.61080502e+02  6.33e+02 3.88e-04  2.86e-03     4s
  19   7.11082744e+01  1.65267193e+02  6.12e+02 3.80e-04  2.75e-03     4s
  20   7.40917746e+01  1.72821228e+02  5.82e+02 3.64e-04  2.60e-03     4s
  21   8.03280383e+01  1.79145766e+02  5.33e+02 3.43e-04  2.36e-03     4s
  22   8.30541730e+01  1.86555524e+02  5.12e+02 3.30e-04  2.26e-03     4s
  23   8.71390219e+01  1.94875845e+02  4.84e+02 3.16e-04  2.12e-03     4s
  24   9.44672719e+01  2.07462536e+02  4.44e+02 2.78e-04  1.94e-03     4s
  25   9.97652509e+01  2.13346492e+02  4.16e+02 2.69e-04  1.79e-03     4s
  26   1.02548857e+02  2.17902096e+02  4.02e+02 2.62e-04  1.72e-03     4s
  27   1.07104669e+02  2.20801015e+02  3.81e+02 2.52e-04  1.63e-03     4s
  28   1.11366202e+02  2.28261063e+02  3.61e+02 2.41e-04  1.53e-03     4s
  29   1.13985068e+02  2.32271550e+02  3.50e+02 2.36e-04  1.48e-03     4s
  30   1.22140706e+02  2.42691032e+02  3.18e+02 2.17e-04  1.31e-03     4s
  31   1.24079150e+02  2.52397229e+02  3.11e+02 2.05e-04  1.30e-03     5s
  32   1.29837874e+02  2.58303008e+02  2.91e+02 1.99e-04  1.19e-03     5s
  33   1.33526330e+02  2.67833432e+02  2.80e+02 1.90e-04  1.12e-03     5s
  34   1.39608530e+02  2.77723227e+02  2.62e+02 1.80e-04  1.04e-03     5s
  35   1.46206068e+02  2.90768609e+02  2.46e+02 1.70e-04  9.57e-04     5s
  36   1.51021567e+02  3.02508109e+02  2.35e+02 1.62e-04  9.15e-04     5s
  37   1.55750889e+02  3.06710731e+02  2.25e+02 1.59e-04  8.54e-04     5s
  38   1.59407270e+02  3.16477889e+02  2.18e+02 1.53e-04  8.36e-04     5s
  39   1.63877073e+02  3.28440295e+02  2.10e+02 1.47e-04  8.08e-04     5s
  40   1.68237052e+02  3.40204174e+02  2.03e+02 1.42e-04  7.82e-04     5s
  41   1.70744028e+02  3.47960263e+02  1.99e+02 1.40e-04  7.63e-04     5s
  42   1.74744158e+02  3.56215643e+02  1.94e+02 1.37e-04  7.41e-04     5s
  43   1.78003055e+02  3.71108223e+02  1.89e+02 1.33e-04  7.31e-04     5s
  44   1.82605921e+02  3.77736715e+02  1.83e+02 1.31e-04  6.85e-04     5s
  45   1.86819090e+02  3.77986262e+02  1.78e+02 1.29e-04  6.54e-04     5s
  46   1.87365242e+02  3.85403765e+02  1.78e+02 1.26e-04  6.58e-04     5s
  47   1.92200576e+02  3.87684837e+02  1.73e+02 1.23e-04  6.34e-04     5s
  48   1.99640749e+02  3.98037287e+02  1.66e+02 1.19e-04  6.13e-04     5s
  49   2.02589096e+02  4.03377858e+02  1.63e+02 1.17e-04  6.02e-04     5s
  50   2.06922676e+02  4.07704588e+02  1.59e+02 1.15e-04  5.85e-04     5s
  51   2.08644655e+02  4.10984995e+02  1.58e+02 1.14e-04  5.79e-04     5s
  52   2.11340910e+02  4.16229532e+02  1.56e+02 1.12e-04  5.71e-04     5s
  53   2.14375750e+02  4.21176416e+02  1.53e+02 1.10e-04  5.61e-04     5s
  54   2.18353337e+02  4.27733094e+02  1.50e+02 1.08e-04  5.48e-04     5s
  55   2.20246214e+02  4.34776856e+02  1.48e+02 1.06e-04  5.47e-04     5s
  56   2.25249922e+02  4.38281522e+02  1.45e+02 1.05e-04  5.28e-04     5s
  57   2.29414243e+02  4.43816427e+02  1.42e+02 1.03e-04  5.13e-04     5s

Barrier performed 57 iterations in 4.89 seconds (5.43 work units)
Barrier solve interrupted - model solved by another algorithm


Solved with primal simplex
Extra simplex iterations after uncrush: 6
Iteration    Objective       Primal Inf.    Dual Inf.      Time
   11181    6.4697818e+02   0.000000e+00   0.000000e+00      8s

Solved in 11181 iterations and 7.79 seconds (10.08 work units)
Optimal objective  6.469781837e+02
the solution is feasible and optimal
Solution time: 15.46103310585022
Function combined_sets Took 0.4003 seconds
-----
Constructing full SP model...
Done constructing model.
Time used constructing the model: 93.65160465240479
----------
Solving model...
Set parameter Username
Academic license - for non-commercial use only - expires 2025-09-27
Read LP format model from file C:\Users\sandee\Documents\Github\STraM_ntnu_development\temp\pyomo\tmpnfg2lvwc.pyomo.lp
Reading time = 14.59 seconds
x1: 4555261 rows, 1834336 columns, 25960375 nonzeros
Set parameter FeasibilityTol to value 0.01
Set parameter MIPGap to value 0.002
Gurobi Optimizer version 11.0.0 build v11.0.0rc2 (win64 - Windows 10.0 (19045.2))

CPU model: Intel(R) Core(TM) i7-10700 CPU @ 2.90GHz, instruction set [SSE2|AVX|AVX2]
Thread count: 8 physical cores, 16 logical processors, using up to 16 threads

Optimize a model with 4555261 rows, 1834336 columns and 25960375 nonzeros
Model fingerprint: 0x65de426a
Variable types: 1834030 continuous, 306 integer (306 binary)
Coefficient statistics:
  Matrix range     [6e-06, 1e+03]
  Objective range  [8e-02, 3e-01]
  Bounds range     [1e+00, 7e+04]
  RHS range        [1e-03, 9e+01]
Presolve removed 4274965 rows and 946038 columns (presolve time = 5s) ...
Presolve removed 4352725 rows and 1037439 columns
Presolve time: 8.25s
Presolved: 202536 rows, 796897 columns, 16361109 nonzeros
Variable types: 796863 continuous, 34 integer (34 binary)
Deterministic concurrent LP optimizer: primal simplex, dual simplex, and barrier
Showing barrier log only...

Root barrier log...

Ordering time: 1.67s

Barrier statistics:
 AA' NZ     : 4.501e+06
 Factor NZ  : 1.161e+07 (roughly 400 MB of memory)
 Factor Ops : 2.862e+09 (less than 1 second per iteration)
 Threads    : 5

                  Objective                Residual
Iter       Primal          Dual         Primal    Dual     Compl     Time
   0   1.62894290e+13 -1.33109457e+13  1.08e+11 7.71e+01  3.15e+09    55s
   1   1.11711447e+13 -1.32127446e+13  7.38e+10 2.13e+02  2.18e+09    56s
   2   5.06175574e+12 -1.13755618e+13  3.29e+10 1.56e+02  1.01e+09    57s
   3   1.06628422e+12 -4.73051228e+12  5.97e+09 1.10e+01  1.95e+08    58s
   4   2.27786549e+11 -1.69191596e+12  5.77e+08 1.44e-01  2.07e+07    59s
   5   7.13884989e+10 -4.31300641e+11  1.32e+08 3.32e-02  4.64e+06    60s
   6   3.24388762e+10 -1.38792775e+11  4.98e+07 7.65e-03  1.78e+06    60s
   7   1.23995153e+10 -5.49520554e+10  1.52e+07 4.73e-11  5.61e+05    62s
   8   9.90566984e+09 -3.82548068e+10  1.19e+07 3.64e-11  4.38e+05    63s
   9   8.20681525e+09 -3.51037358e+10  9.80e+06 1.24e-10  3.63e+05    64s
  10   7.78816832e+09 -3.22012980e+10  9.28e+06 1.75e-10  3.43e+05    64s
  11   6.93135410e+09 -3.06388206e+10  8.21e+06 6.55e-11  3.05e+05    65s
  12   4.33613219e+09 -1.74547433e+10  4.93e+06 3.35e-09  1.84e+05    66s
  13   2.17194586e+09 -5.82348469e+09  2.36e+06 4.00e-10  8.82e+04    67s
  14   1.15793838e+09 -4.04418096e+09  1.22e+06 2.18e-10  4.62e+04    68s
  15   4.16046458e+08 -1.25231847e+09  3.54e+05 7.49e-09  1.38e+04    69s
  16   1.41017916e+08 -1.09174059e+09  1.15e+05 5.91e-09  4.90e+03    70s
  17   7.30239456e+07 -6.54452423e+08  5.77e+04 4.13e-09  2.45e+03    70s
  18   3.64756811e+07 -4.25213864e+08  2.70e+04 4.74e-09  1.19e+03    71s
  19   1.62980986e+07 -1.71555409e+08  1.12e+04 2.55e-09  4.55e+02    72s
  20   8.08202233e+06 -6.49772630e+07  5.33e+03 6.40e-10  1.87e+02    72s
  21   3.28331487e+06 -2.59080416e+07  2.03e+03 7.55e-10  6.82e+01    73s
  22   1.47086913e+06 -1.50044341e+07  8.59e+02 2.31e-10  3.07e+01    74s
  23   9.12542056e+05 -1.07323015e+07  5.26e+02 1.62e-10  1.95e+01    76s
  24   5.54288619e+05 -7.16233956e+06  3.12e+02 1.10e-10  1.19e+01    77s
  25   3.38381671e+05 -4.32209536e+06  1.85e+02 9.55e-11  6.98e+00    78s
  26   2.35709285e+05 -3.28298672e+06  1.26e+02 6.96e-11  4.93e+00    78s
  27   1.52421317e+05 -2.40992039e+06  7.95e+01 4.64e-11  3.28e+00    79s
  28   1.21014279e+05 -2.13720740e+06  6.14e+01 4.14e-11  2.70e+00    80s
  29   1.03058135e+05 -1.87047581e+06  5.12e+01 3.41e-11  2.29e+00    81s
  30   8.76080173e+04 -1.47167952e+06  4.24e+01 2.64e-11  1.82e+00    82s
  31   8.07754353e+04 -1.37119030e+06  3.88e+01 2.36e-11  1.67e+00    83s
  32   7.27998706e+04 -1.24884275e+06  3.44e+01 2.09e-11  1.50e+00    84s
  33   6.70581792e+04 -1.04687912e+06  3.12e+01 1.68e-11  1.28e+00    86s
  34   6.32823514e+04 -1.01164393e+06  2.92e+01 1.61e-11  1.22e+00    87s
  35   5.80855539e+04 -9.25693425e+05  2.64e+01 1.43e-11  1.10e+00    88s
  36   5.10044524e+04 -8.45054083e+05  2.26e+01 1.32e-11  9.71e-01    89s
  37   4.52288972e+04 -7.06895196e+05  1.95e+01 1.14e-11  8.12e-01    90s
  38   3.78911338e+04 -5.70344279e+05  1.55e+01 8.19e-12  6.40e-01    91s
  39   3.25787664e+04 -4.57553118e+05  1.26e+01 6.37e-12  5.08e-01    92s
  40   2.69485793e+04 -3.72503451e+05  9.62e+00 5.00e-12  3.97e-01    93s
  41   2.50068101e+04 -2.98457095e+05  8.62e+00 3.64e-12  3.26e-01    95s
  42   2.16850678e+04 -2.47336388e+05  6.90e+00 3.77e-12  2.64e-01    96s
  43   1.92034371e+04 -2.05094248e+05  5.63e+00 2.50e-12  2.14e-01    97s
  44   1.85528738e+04 -1.82067421e+05  5.30e+00 2.22e-12  1.92e-01    99s
  45   1.71513804e+04 -1.60654318e+05  4.59e+00 1.82e-12  1.67e-01   100s
  46   1.65035768e+04 -1.45174077e+05  4.26e+00 1.65e-12  1.52e-01   101s
  47   1.48091911e+04 -1.39118395e+05  3.42e+00 1.79e-12  1.37e-01   102s
  48   1.46424757e+04 -1.29992847e+05  3.33e+00 2.21e-12  1.29e-01   104s
  49   1.39920205e+04 -1.23090758e+05  3.02e+00 1.72e-12  1.21e-01   105s
  50   1.27338490e+04 -1.04684036e+05  2.41e+00 1.92e-12  1.00e-01   107s
  51   1.24708421e+04 -9.59252780e+04  2.29e+00 1.88e-12  9.22e-02   108s
  52   1.17955410e+04 -9.12318563e+04  1.97e+00 1.68e-12  8.54e-02   109s
  53   1.13966488e+04 -7.74532697e+04  1.80e+00 2.25e-12  7.33e-02   111s
  54   1.03545770e+04 -7.07856808e+04  1.35e+00 2.03e-12  6.41e-02   112s
  55   9.69411660e+03 -6.07850484e+04  1.09e+00 2.25e-12  5.44e-02   114s
  56   8.90003148e+03 -4.70446638e+04  8.13e-01 1.72e-12  4.20e-02   115s
  57   8.35766413e+03 -3.87882191e+04  6.40e-01 1.46e-12  3.47e-02   117s
  58   7.97640157e+03 -2.91539372e+04  5.37e-01 1.63e-12  2.71e-02   118s
  59   7.36363584e+03 -2.06538122e+04  3.71e-01 1.31e-12  2.00e-02   120s
  60   6.95692579e+03 -1.93034055e+04  2.83e-01 8.88e-13  1.84e-02   121s
  61   6.60987697e+03 -1.65351392e+04  2.18e-01 9.70e-13  1.61e-02   122s
  62   6.43836533e+03 -1.16492972e+04  1.93e-01 7.62e-13  1.25e-02   124s
  63   6.06105890e+03 -8.69839544e+03  1.40e-01 5.64e-13  1.01e-02   126s
  64   5.92174278e+03 -8.20373024e+03  1.24e-01 4.63e-11  9.65e-03   127s
  65   5.82600050e+03 -7.60286593e+03  1.14e-01 1.49e-10  9.15e-03   129s
  66   5.68510521e+03 -6.63465373e+03  1.01e-01 2.98e-10  8.37e-03   130s
  67   5.54375375e+03 -5.52789540e+03  8.98e-02 5.56e-10  7.51e-03   132s
  68   5.44275422e+03 -5.10621413e+03  8.22e-02 7.62e-10  7.14e-03   133s
  69   5.32247832e+03 -4.30452789e+03  7.31e-02 1.06e-09  6.50e-03   134s

Barrier performed 69 iterations in 134.44 seconds (86.82 work units)
Barrier solve interrupted - model solved by another algorithm

Concurrent spin time: 0.36s

Solved with dual simplex

Root simplex log...

Iteration    Objective       Primal Inf.    Dual Inf.      Time
  105012    3.0200716e+03   5.507111e-01   6.593219e+11    135s
Warning: Markowitz tolerance tightened to 0.125
  112574    3.0200324e+03   0.000000e+00   0.000000e+00    139s
Extra simplex iterations after uncrush: 7562

Root relaxation: objective 3.020032e+03, 112574 iterations, 95.55 seconds (38.83 work units)

    Nodes    |    Current Node    |     Objective Bounds      |     Work
 Expl Unexpl |  Obj  Depth IntInf | Incumbent    BestBd   Gap | It/Node Time

     0     0 3020.03245    0    2          - 3020.03245      -     -  139s
H    0     0                    3020.0781454 3020.03245  0.00%     -  141s

Explored 1 nodes (112574 simplex iterations) in 143.23 seconds (85.10 work units)
Thread count was 16 (of 16 available processors)

Solution count 2: 3020.08 3020.08 

Optimal solution found (tolerance 2.00e-03)
Warning: max constraint violation (8.4911e-02) exceeds tolerance
Warning: max bound violation (7.8176e-02) exceeds tolerance
Best objective 3.020078145311e+03, best bound 3.020078145311e+03, gap 0.0000%
the solution is feasible and optimal
Solution time: 165.45642113685608
Done solving model.
Time used solving the model: 250.1703119277954
----------Dumping data in pickle file...done.
Dumping results in pickle file.....done.
objective function value:  3020.078145310997
objective function value normalized (Billion EURO):  302.01
                         2023                                            \
                           OO     OB     OP     BO     BB     BP     PO   
LCOT                    5.322  5.322  5.322  5.322  5.322  5.322  5.322   
LCOT (Empty Trips)      1.443  1.443  1.443  1.443  1.443  1.443  1.443   
Emission                0.489  0.489  0.489  0.489  0.489  0.489  0.489   
Emission (Empty Trips)  0.205  0.205  0.205  0.205  0.205  0.205  0.205   
CO2_Penalty             0.000  0.000  0.000  0.000  0.000  0.000  0.000   
Time value              1.708  1.708  1.708  1.708  1.708  1.708  1.708   
Transfer                2.663  2.663  2.663  2.663  2.663  2.663  2.663   
RailTrack               0.116  0.116  0.116  0.116  0.116  0.116  0.116   
Terminal                0.036  0.036  0.036  0.036  0.036  0.036  0.036   
RailElectr.             0.000  0.000  0.000  0.000  0.000  0.000  0.000   
Charging                0.000  0.000  0.000  0.000  0.000  0.000  0.000   
H2_Filling              0.000  0.000  0.000  0.000  0.000  0.000  0.000   

                                       2028                              \
                           PB     PP     OO     OB     OP     BO     BB   
LCOT                    5.322  5.322  5.932  5.932  5.932  5.932  5.932   
LCOT (Empty Trips)      1.443  1.443  1.262  1.262  1.262  1.262  1.262   
Emission                0.489  0.489  1.119  1.119  1.119  1.119  1.119   
Emission (Empty Trips)  0.205  0.205  0.302  0.302  0.302  0.302  0.302   
CO2_Penalty             0.000  0.000  0.000  0.000  0.000  0.000  0.000   
Time value              1.708  1.708  2.056  2.056  2.056  2.056  2.056   
Transfer                2.663  2.663  3.246  3.246  3.246  3.246  3.246   
RailTrack               0.116  0.116  0.000  0.000  0.000  0.000  0.000   
Terminal                0.036  0.036  0.054  0.054  0.054  0.054  0.054   
RailElectr.             0.000  0.000  0.000  0.000  0.000  0.000  0.000   
Charging                0.000  0.000  0.009  0.009  0.009  0.009  0.009   
H2_Filling              0.000  0.000  0.000  0.000  0.000  0.000  0.000   

                                                     2034                \
                           BP     PO     PB     PP     OO     OB     OP   
LCOT                    5.932  5.932  5.932  5.932  6.267  6.086  6.099   
LCOT (Empty Trips)      1.262  1.262  1.262  1.262  1.291  1.247  1.261   
Emission                1.119  1.119  1.119  1.119  1.161  1.354  1.353   
Emission (Empty Trips)  0.302  0.302  0.302  0.302  0.333  0.364  0.364   
CO2_Penalty             0.000  0.000  0.000  0.000  0.000  0.000  0.000   
Time value              2.056  2.056  2.056  2.056  2.375  2.374  2.373   
Transfer                3.246  3.246  3.246  3.246  3.776  3.789  3.776   
RailTrack               0.000  0.000  0.000  0.000  0.000  0.000  0.000   
Terminal                0.054  0.054  0.054  0.054  0.002  0.002  0.002   
RailElectr.             0.000  0.000  0.000  0.000  0.000  0.000  0.000   
Charging                0.009  0.009  0.009  0.009  0.069  0.019  0.020   
H2_Filling              0.000  0.000  0.000  0.000  0.000  0.000  0.000   

                                                                   2040  \
                           BO     BB     BP     PO     PB     PP     OO   
LCOT                    7.005  7.086  6.848  7.154  7.231  7.342  6.633   
LCOT (Empty Trips)      1.568  1.448  1.454  1.600  1.612  1.511  1.366   
Emission                0.829  0.829  1.068  0.826  0.829  0.829  0.905   
Emission (Empty Trips)  0.164  0.287  0.285  0.143  0.163  0.287  0.273   
CO2_Penalty             0.000  0.000  0.000  0.000  0.000  0.000  0.000   
Time value              2.373  2.372  2.375  2.373  2.372  2.373  2.571   
Transfer                3.773  3.787  3.791  3.788  3.788  3.787  3.647   
RailTrack               0.000  0.000  0.000  0.000  0.000  0.000  0.000   
Terminal                0.002  0.002  0.003  0.003  0.002  0.002  0.018   
RailElectr.             0.000  0.000  0.000  0.000  0.000  0.000  0.000   
Charging                0.100  0.099  0.100  0.099  0.100  0.099  0.202   
H2_Filling              0.000  0.000  0.000  0.000  0.000  0.000  0.002   

                                                                         \
                           OB     OP     BO     BB     BP     PO     PB   
LCOT                    6.563  6.580  7.441  7.598  7.288  7.550  7.716   
LCOT (Empty Trips)      1.364  1.359  1.707  1.533  1.512  1.706  1.778   
Emission                1.012  1.013  0.436  0.442  0.833  0.436  0.436   
Emission (Empty Trips)  0.273  0.274  0.005  0.250  0.274  0.005  0.005   
CO2_Penalty             0.000  0.000  0.000  0.000  0.000  0.000  0.000   
Time value              2.572  2.574  2.570  2.572  2.571  2.571  2.571   
Transfer                3.656  3.689  3.650  3.650  3.648  3.651  3.648   
RailTrack               0.000  0.000  0.000  0.000  0.000  0.000  0.000   
Terminal                0.018  0.018  0.018  0.018  0.018  0.017  0.018   
RailElectr.             0.000  0.000  0.000  0.000  0.000  0.000  0.000   
Charging                0.201  0.200  0.202  0.202  0.202  0.202  0.202   
H2_Filling              0.000  0.000  0.002  0.002  0.002  0.002  0.002   

                                2050                                     \
                           PP     OO     OB     OP     BO     BB     BP   
LCOT                    7.902  7.645  7.523  7.543  8.104  8.394  8.361   
LCOT (Empty Trips)      1.609  1.718  1.530  1.525  1.747  1.799  1.866   
Emission                0.444  0.534  0.919  0.957  0.066  0.066  0.459   
Emission (Empty Trips)  0.251  0.035  0.268  0.288  0.000  0.000  0.000   
CO2_Penalty             0.000  0.000  0.000  0.000  0.000  0.000  0.000   
Time value              2.574  3.013  3.012  3.006  3.012  3.007  3.009   
Transfer                3.636  4.045  3.986  3.987  3.984  3.986  3.984   
RailTrack               0.000  0.000  0.000  0.000  0.000  0.000  0.000   
Terminal                0.018  0.000  0.000  0.000  0.000  0.000  0.000   
RailElectr.             0.000  0.000  0.000  0.000  0.000  0.000  0.000   
Charging                0.202  0.203  0.204  0.204  0.204  0.204  0.204   
H2_Filling              0.002  0.002  0.002  0.002  0.002  0.002  0.002   

                                              2023        2028           2034  \
                           PO     PB     PP   mean  std   mean  std      mean   
LCOT                    8.121  8.419  8.658  5.322  0.0  5.932  0.0  6.790889   
LCOT (Empty Trips)      1.745  1.799  1.864  1.443  0.0  1.262  0.0  1.443556   
Emission                0.066  0.066  0.067  0.489  0.0  1.119  0.0  1.008667   
Emission (Empty Trips)  0.000  0.000  0.000  0.205  0.0  0.302  0.0  0.265556   
CO2_Penalty             0.000  0.000  0.000  0.000  0.0  0.000  0.0  0.000000   
Time value              3.013  3.009  3.007  1.708  0.0  2.056  0.0  2.373333   
Transfer                3.985  3.985  3.986  2.663  0.0  3.246  0.0  3.783889   
RailTrack               0.000  0.000  0.000  0.116  0.0  0.000  0.0  0.000000   
Terminal                0.000  0.000  0.000  0.036  0.0  0.054  0.0  0.002222   
RailElectr.             0.000  0.000  0.000  0.000  0.0  0.000  0.0  0.000000   
Charging                0.204  0.204  0.204  0.000  0.0  0.009  0.0  0.078333   
H2_Filling              0.002  0.002  0.002  0.000  0.0  0.000  0.0  0.000000   

                                      2040                2050            
                             std      mean       std      mean       std  
LCOT                    0.501934  7.252333  0.523545  8.085333  0.420774  
LCOT (Empty Trips)      0.145020  1.548222  0.162438  1.732556  0.126786  
Emission                0.231039  0.661889  0.269987  0.355556  0.377555  
Emission (Empty Trips)  0.087379  0.178889  0.130755  0.065667  0.121029  
CO2_Penalty             0.000000  0.000000  0.000000  0.000000  0.000000  
Time value              0.001118  2.571778  0.001394  3.009778  0.002774  
Transfer                0.006827  3.652778  0.014584  3.992000  0.019900  
RailTrack               0.000000  0.000000  0.000000  0.000000  0.000000  
Terminal                0.000441  0.017889  0.000333  0.000000  0.000000  
RailElectr.             0.000000  0.000000  0.000000  0.000000  0.000000  
Charging                0.034821  0.201667  0.000707  0.203889  0.000333  
H2_Filling              0.000000  0.001556  0.000882  0.002000  0.000000  
                       2023     2028      2034      2040      2050     
                       mean std mean  std mean  std mean  std mean  std
LCOT                    5.3   0  5.9    0  6.8  0.5  7.2 0.52  8.1 0.42
LCOT (Empty Trips)      1.4   0  1.3    0  1.4 0.15  1.6 0.16  1.7 0.13
Emission               0.49   0  1.1    0    1 0.23 0.66 0.27 0.36 0.38
Emission (Empty Trips)  0.2   0  0.3    0 0.27 0.09 0.18 0.13 0.07 0.12
CO2_Penalty               0   0    0    0    0    0    0    0    0    0
Time value              1.7   0  2.1    0  2.4    0  2.6    0    3    0
Transfer                2.7   0  3.2    0  3.8 0.01  3.6 0.01    4 0.02
RailTrack              0.12   0    0    0    0    0    0    0    0    0
Terminal               0.04   0 0.05    0    0    0 0.02    0    0    0
RailElectr.               0   0    0    0    0    0    0    0    0    0
Charging                  0   0 0.01    0 0.08 0.03  0.2    0  0.2    0
H2_Filling                0   0    0    0    0    0    0    0    0    0
discount_factor           1   1 0.83 0.83 0.66 0.66 0.53 0.53 0.36 0.36
emissions (MTonnes CO2 eq.):
             AvgEmission     Std  AvgEmission_perc  Std_perc
time_period                                                 
2023                 8.7       0             1e+02         0
2028                 8.1 9.1e-10                93     1e-08
2034                   6     1.5                69        17
2040                   4     1.9                46        21
2050                 1.9     2.3                22        27
----------------
Average transport work in GTONNES*km:
    mode            product time_period TransportArbeid
0   Rail  Break bulk (slow)        2023          0.0024
1   Rail   Container (slow)        2023         0.00013
2   Rail           Dry bulk        2023              10
3   Rail           Neo bulk        2023         -0.0023
4   Road  Break bulk (fast)        2023             6.6
5   Road  Break bulk (slow)        2023             7.5
6   Road   Container (fast)        2023             2.7
7   Road   Container (slow)        2023             3.5
8   Road           Dry bulk        2023            0.68
9   Road           Neo bulk        2023              15
10   Sea  Break bulk (fast)        2023            0.27
11   Sea  Break bulk (slow)        2023             1.4
12   Sea   Container (fast)        2023            0.17
13   Sea   Container (slow)        2023             1.2
14   Sea           Dry bulk        2023         1.2e+02
15   Sea           Neo bulk        2023            0.35

