----------------------------
Doing the following analysis: 
FuelScen_carbontaxbase
averse
----------------------------
Reading data...
Number of scenarios:  9
Number of scenarios:  1
Reading and constructing data
Function construct_sets Took 0.0026 seconds
Function construct_network Took 0.0081 seconds
Transport demand in the base year 2018 (in MTonnes):
             product  tot_weight
0           Dry bulk          95
1   Container (fast)         4.1
2   Container (slow)         9.2
3  Break bulk (fast)          12
4  Break bulk (slow)          15
5           Neo bulk          19
Function construct_ODD Took 0.9208 seconds
Function construct_vehicles Took 1.4433 seconds
Function construct_emission_transfer Took 0.2434 seconds
Function construct_costs Took 3.6962 seconds
Function construct_time_value Took 0.0015 seconds
Function construct_investments Took 0.0113 seconds
Function construct_charging_edges Took 0.2961 seconds
Function construct_tech_readiness Took 0.0064 seconds
Function construct_path_generation Took 0.2723 seconds
Function construct_param2 Took 0.1005 seconds
Function combined_sets Took 0.6918 seconds
Function combined_sets Took 0.8078 seconds
Done reading data.
Time used reading the base data: 28.633909702301025
Solving the first time period for initialization purposes...
Function combined_sets Took 0.2375 seconds
Using license file C:\Users\steffejb\gurobi.lic
Academic license - for non-commercial use only
Read LP format model from file C:\Users\steffejb\OneDrive - NTNU\Work\GitHub\STraM_ntnu_development\temp\pyomo\tmpxg25_7yk.pyomo.lp
Reading time = 13.52 seconds
x540794: 2206928 rows, 540794 columns, 7780367 nonzeros
Changed value of parameter FeasibilityTol to 0.0001
   Prev: 1e-06  Min: 1e-09  Max: 0.01  Default: 1e-06
Changed value of parameter MIPGap to 0.002
   Prev: 0.0001  Min: 0.0  Max: inf  Default: 0.0001
Parameter NumericFocus unchanged
   Value: 0  Min: 0  Max: 3  Default: 0
Parameter BarConvTol unchanged
   Value: 1e-08  Min: 0.0  Max: 1.0  Default: 1e-08
Parameter Crossover unchanged
   Value: -1  Min: -1  Max: 5  Default: -1
Parameter Method unchanged
   Value: -1  Min: -1  Max: 5  Default: -1
Parameter NodeMethod unchanged
   Value: -1  Min: -1  Max: 2  Default: -1
Gurobi Optimizer version 9.0.0 build v9.0.0rc2 (win64)
Optimize a model with 2206928 rows, 540794 columns and 7780367 nonzeros
Model fingerprint: 0x99fdf325
Coefficient statistics:
  Matrix range     [6e-06, 1e+03]
  Objective range  [1e-03, 1e+00]
  Bounds range     [0e+00, 0e+00]
  RHS range        [1e-03, 9e+01]

Concurrent LP optimizer: dual simplex and barrier
Showing barrier log only...

Presolve removed 561816 rows and 483559 columns (presolve time = 6s) ...
Presolve removed 2204268 rows and 518515 columns
Presolve time: 8.16s
Presolved: 2660 rows, 23242 columns, 201160 nonzeros

Ordering time: 0.01s

Barrier statistics:
 AA' NZ     : 8.445e+04
 Factor NZ  : 1.896e+05 (roughly 12 MBytes of memory)
 Factor Ops : 2.653e+07 (less than 1 second per iteration)
 Threads    : 3

                  Objective                Residual
Iter       Primal          Dual         Primal    Dual     Compl     Time
   0   9.44559823e+01 -1.92600000e-01  6.64e+04 0.00e+00  2.36e+00     8s
   1   3.87921649e+01 -2.04017323e+00  2.58e+04 6.05e-02  9.61e-01     8s
   2   2.53446997e+01 -3.22867796e+00  1.53e+04 1.29e-02  5.55e-01     8s
   3   8.26449047e+00 -1.81667198e+00  2.54e+03 6.83e-03  9.54e-02     8s
   4   4.87569288e+00  6.93863164e+00  9.59e+02 1.36e-03  3.67e-02     8s
   5   3.79458325e+00  1.00164916e+01  6.59e+02 1.08e-03  2.52e-02     8s
   6   3.57066971e+00  2.42378394e+01  5.17e+02 7.26e-04  2.01e-02     8s
   7   4.28602976e+00  2.97699042e+01  4.48e+02 6.58e-04  1.75e-02     8s
   8   1.08378224e+01  3.50106038e+01  2.82e+02 5.87e-04  1.09e-02     8s
   9   1.52957006e+01  5.48363895e+01  2.20e+02 3.84e-04  8.56e-03     8s
  10   1.71024677e+01  6.28046206e+01  2.03e+02 3.48e-04  7.88e-03     8s
  11   1.98973211e+01  6.65777441e+01  1.82e+02 3.27e-04  7.04e-03     8s
  12   2.48161702e+01  6.86411968e+01  1.56e+02 2.94e-04  6.00e-03     8s
  13   2.94451704e+01  7.30246636e+01  1.37e+02 2.79e-04  5.23e-03     8s
  14   3.40900315e+01  7.57527620e+01  1.20e+02 2.62e-04  4.55e-03     8s
  15   3.69949461e+01  8.24858930e+01  1.10e+02 2.27e-04  4.19e-03     8s
  16   4.29445317e+01  8.59088052e+01  9.10e+01 2.12e-04  3.41e-03     8s
  17   4.61645639e+01  8.90854527e+01  8.22e+01 2.02e-04  3.06e-03     9s
  18   4.75892216e+01  9.26716618e+01  7.84e+01 1.92e-04  2.92e-03     9s
  19   4.97010630e+01  9.85141153e+01  7.34e+01 1.82e-04  2.72e-03     9s
  20   5.09038003e+01  1.02516697e+02  7.11e+01 1.77e-04  2.64e-03     9s
  21   5.17052444e+01  1.05795255e+02  6.96e+01 1.74e-04  2.58e-03     9s
  22   5.36680215e+01  1.09286208e+02  6.62e+01 1.70e-04  2.44e-03     9s
  23   5.51624492e+01  1.09823225e+02  6.38e+01 1.67e-04  2.34e-03     9s
  24   5.63251528e+01  1.10935168e+02  6.20e+01 1.66e-04  2.27e-03     9s
  25   5.72765544e+01  1.14845271e+02  6.07e+01 1.61e-04  2.22e-03     9s
  26   6.02330996e+01  1.19971854e+02  5.64e+01 1.56e-04  2.04e-03     9s
  27   6.17512742e+01  1.31705147e+02  5.43e+01 1.48e-04  1.96e-03     9s
  28   6.48453326e+01  1.22034357e+02  5.23e+01 1.41e-04  1.90e-03     9s
  29   6.95496272e+01  1.29158553e+02  4.79e+01 1.33e-04  1.74e-03     9s
  30   7.17988873e+01  1.32595045e+02  4.60e+01 1.27e-04  1.66e-03     9s
  31   7.53149694e+01  1.35213654e+02  4.32e+01 1.22e-04  1.56e-03     9s
  32   7.83410076e+01  1.37850465e+02  4.09e+01 1.17e-04  1.47e-03     9s
  33   8.08504807e+01  1.41411652e+02  3.90e+01 1.11e-04  1.40e-03     9s
  34   8.20408774e+01  1.43190122e+02  3.81e+01 1.09e-04  1.37e-03     9s
  35   8.39831857e+01  1.42823671e+02  3.68e+01 1.08e-04  1.32e-03     9s
  36   4.00002433e+03 -1.92600000e+03  2.81e+06 0.00e+00  1.00e+06     9s
  37   1.98276652e+04 -2.92580505e+04  1.30e+06 6.34e+02  5.07e+05     9s
  38   5.82737017e+05 -6.07180949e+04  2.68e+05 3.72e+02  1.15e+05     9s
  39   6.56663456e+05 -2.20863108e+05  8.45e+04 1.17e+02  3.66e+04     9s
  40   6.84115442e+05 -2.79454244e+05  2.51e+04 6.20e+01  1.25e+04     9s
  41   7.09766968e+05 -3.20278192e+05  7.88e+03 2.79e+01  4.45e+03     9s
  42   6.89718383e+05 -3.19357349e+05  3.29e+03 7.58e+00  1.70e+03     9s
  43   5.82387702e+05 -2.69237869e+05  5.90e+02 2.98e+00  4.03e+02     9s
  44   4.42712325e+05 -2.02335804e+05  2.05e+02 1.61e+00  1.72e+02     9s
  45   3.02742317e+05 -1.58257618e+05  7.53e+01 9.71e-01  8.30e+01     9s
  46   2.32719485e+05 -1.10899491e+05  3.37e+01 5.47e-01  4.44e+01     9s
  47   1.40131949e+05 -6.45596447e+04  1.23e+01 2.52e-01  1.94e+01     9s
  48   7.57585932e+04 -5.36387227e+04  4.60e+00 2.00e-01  1.14e+01     9s
  49   3.09573149e+04 -2.62476967e+04  1.24e+00 8.65e-02  4.31e+00     9s
  50   1.80474856e+04 -7.79201326e+03  5.65e-01 2.14e-02  1.52e+00     9s
  51   7.50785485e+03 -4.50963436e+03  1.57e-01 1.25e-02  6.84e-01     9s
  52   5.89866068e+03 -3.07303551e+03  1.13e-01 9.00e-03  4.91e-01     9s
  53   4.34565713e+03 -1.58524798e+03  7.27e-02 5.02e-03  3.00e-01     9s
  54   3.26336642e+03 -1.02195633e+03  4.55e-02 3.61e-03  2.09e-01     9s
  55   2.15992079e+03 -4.36877385e+02  2.25e-02 2.06e-03  1.20e-01     9s
  56   1.45655428e+03 -1.03196470e+02  1.12e-02 1.20e-03  6.92e-02     9s
  57   1.18272380e+03  1.89366833e+02  7.53e-03 6.10e-04  4.26e-02     9s
  58   9.53490130e+02  2.81823248e+02  4.59e-03 4.15e-04  2.84e-02     9s
  59   8.55109269e+02  3.76163220e+02  3.44e-03 2.47e-04  1.99e-02     9s
  60   6.92792512e+02  4.42066221e+02  1.58e-03 1.37e-04  1.04e-02     9s
  61   5.92950700e+02  4.82525820e+02  4.39e-04 8.05e-05  4.60e-03     9s
  62   5.61617273e+02  5.06989628e+02  1.40e-04 4.41e-05  2.28e-03     9s
  63   5.52713229e+02  5.19617220e+02  7.64e-05 2.71e-05  1.38e-03     9s
  64   5.47484487e+02  5.24959399e+02  4.53e-05 1.93e-05  9.45e-04     9s
  65   5.45672845e+02  5.29930988e+02  3.52e-05 1.20e-05  6.55e-04     9s
  66   5.44091223e+02  5.31650041e+02  2.75e-05 9.40e-06  5.17e-04     9s
  67   5.42189838e+02  5.34731423e+02  1.85e-05 4.56e-06  3.07e-04     9s
  68   5.39454774e+02  5.35292676e+02  7.71e-06 3.19e-06  1.73e-04     9s
  69   5.38198192e+02  5.36010422e+02  3.08e-06 2.01e-06  9.23e-05     9s
  70   5.37878945e+02  5.36240155e+02  1.93e-06 1.61e-06  6.95e-05     9s
  71   5.37600851e+02  5.36546374e+02  1.07e-06 1.09e-06  4.49e-05     9s
  72   5.37424116e+02  5.36856064e+02  6.32e-07 5.39e-07  2.40e-05     9s
  73   5.37347588e+02  5.36935327e+02  4.71e-07 3.74e-07  1.73e-05     9s
  74   5.37230827e+02  5.37006112e+02  2.16e-07 2.26e-07  9.52e-06     9s
  75   5.37147696e+02  5.37082223e+02  3.67e-08 5.84e-08  2.75e-06     9s
  76   5.37118418e+02  5.37106562e+02  5.60e-09 9.98e-09  4.98e-07     9s
  77   5.37114699e+02  5.37109844e+02  2.02e-09 4.19e-09  2.05e-07     9s
  78   5.37113385e+02  5.37111946e+02  7.86e-10 4.61e-10  5.79e-08     9s
  79   5.37112348e+02  5.37112221e+02  1.41e-10 2.92e-11  5.07e-09     9s
  80   5.37112255e+02  5.37112247e+02  1.30e-10 1.28e-12  2.84e-10     9s
  81   5.37112249e+02  5.37112248e+02  5.38e-08 6.61e-14  3.48e-11     9s

Barrier solved model in 81 iterations and 9.38 seconds
Optimal objective 5.37112249e+02

Crossover log...

       0 DPushes remaining with DInf 5.0598301e-13                 9s

      79 PPushes remaining with PInf 0.0000000e+00                 9s
       0 PPushes remaining with PInf 0.0000000e+00                 9s

  Push phase complete: Pinf 0.0000000e+00, Dinf 4.9984149e-13      9s

Iteration    Objective       Primal Inf.    Dual Inf.      Time
     475    5.3711220e+02   5.400000e-03   1.741950e+10     11s
Extra one simplex iteration after uncrush
     476    5.3711220e+02   0.000000e+00   0.000000e+00     12s

Solved with barrier
Solved in 476 iterations and 13.74 seconds
Optimal objective  5.371122044e+02
the solution is feasible and optimal
Solution time: 33.025256872177124
Function combined_sets Took 0.8480 seconds
-----
Constructing full SP model...
Done constructing model.
Time used constructing the model: 248.0664074420929
----------
Solving model...
Using license file C:\Users\steffejb\gurobi.lic
Academic license - for non-commercial use only
Read LP format model from file C:\Users\steffejb\OneDrive - NTNU\Work\GitHub\STraM_ntnu_development\temp\pyomo\tmpmlnafczf.pyomo.lp
Reading time = 58.78 seconds
x2706869: 4554353 rows, 1834337 columns, 25949477 nonzeros
Changed value of parameter FeasibilityTol to 0.01
   Prev: 1e-06  Min: 1e-09  Max: 0.01  Default: 1e-06
Changed value of parameter MIPGap to 0.002
   Prev: 0.0001  Min: 0.0  Max: inf  Default: 0.0001
Parameter NumericFocus unchanged
   Value: 0  Min: 0  Max: 3  Default: 0
Parameter BarConvTol unchanged
   Value: 1e-08  Min: 0.0  Max: 1.0  Default: 1e-08
Parameter Crossover unchanged
   Value: -1  Min: -1  Max: 5  Default: -1
Parameter Method unchanged
   Value: -1  Min: -1  Max: 5  Default: -1
Parameter NodeMethod unchanged
   Value: -1  Min: -1  Max: 2  Default: -1
Gurobi Optimizer version 9.0.0 build v9.0.0rc2 (win64)
Optimize a model with 4554353 rows, 1834337 columns and 25949477 nonzeros
Model fingerprint: 0x34fddb30
Variable types: 1834031 continuous, 306 integer (306 binary)
Coefficient statistics:
  Matrix range     [6e-06, 1e+03]
  Objective range  [1e-03, 1e+00]
  Bounds range     [1e+00, 6e+04]
  RHS range        [1e-03, 9e+01]
Presolve removed 0 rows and 0 columns (presolve time = 6s) ...
Presolve removed 19676 rows and 73 columns (presolve time = 11s) ...
Presolve removed 4353437 rows and 1029627 columns (presolve time = 15s) ...
Presolve removed 4423716 rows and 1035802 columns (presolve time = 23s) ...
Presolve removed 4426298 rows and 1042687 columns (presolve time = 27s) ...
Presolve removed 4426298 rows and 1042687 columns (presolve time = 30s) ...
Presolve removed 4457399 rows and 1115219 columns (presolve time = 39s) ...
Presolve removed 4457399 rows and 1135194 columns (presolve time = 40s) ...
Presolve removed 4458316 rows and 1135543 columns (presolve time = 45s) ...
Presolve removed 4458891 rows and 1135605 columns (presolve time = 51s) ...
Presolve removed 4459105 rows and 1136162 columns (presolve time = 55s) ...
Presolve removed 4459105 rows and 1136162 columns (presolve time = 60s) ...
Presolve removed 4459186 rows and 1136243 columns (presolve time = 66s) ...
Presolve removed 4459186 rows and 1136243 columns (presolve time = 70s) ...
Presolve removed 4460725 rows and 1137683 columns (presolve time = 79s) ...
Presolve removed 4461949 rows and 1137683 columns (presolve time = 83s) ...
Presolve removed 4461944 rows and 1137678 columns
Presolve time: 82.78s
Presolved: 92409 rows, 696659 columns, 8955426 nonzeros
Variable types: 696625 continuous, 34 integer (34 binary)

Deterministic concurrent LP optimizer: primal simplex, dual simplex, and barrier
Showing barrier log only...

Root barrier log...

Ordering time: 2.33s

Barrier statistics:
 AA' NZ     : 4.238e+06
 Factor NZ  : 1.076e+07 (roughly 400 MBytes of memory)
 Factor Ops : 2.704e+09 (roughly 1 second per iteration)
 Threads    : 1

                  Objective                Residual
Iter       Primal          Dual         Primal    Dual     Compl     Time
   0   1.59166164e+12 -3.15686414e+12  1.51e+10 7.42e+01  4.49e+08   118s
   1   7.78268418e+11 -2.83008856e+12  7.17e+09 1.54e+02  2.17e+08   121s
   2   3.52649204e+11 -2.61303274e+12  3.01e+09 1.23e+02  9.54e+07   124s
   3   7.19256762e+10 -1.01484319e+12  3.52e+08 2.46e-01  1.19e+07   126s
   4   2.48171463e+10 -3.12577076e+11  4.97e+07 1.55e-02  1.86e+06   129s
   5   1.01718204e+10 -6.08431505e+10  1.50e+07 1.16e-03  5.40e+05   133s
   6   6.03846077e+09 -2.61271175e+10  8.41e+06 5.35e-10  3.01e+05   135s
   7   4.45708561e+09 -1.77199629e+10  6.09e+06 5.82e-10  2.19e+05   138s
   8   3.21034338e+09 -1.63091632e+10  4.36e+06 7.57e-10  1.59e+05   140s
   9   2.19585706e+09 -1.26353527e+10  2.90e+06 3.38e-09  1.07e+05   142s
  10   8.83090525e+08 -5.66644324e+09  1.06e+06 4.37e-09  3.99e+04   144s
  11   5.39735072e+08 -3.27474457e+09  6.42e+05 2.54e-09  2.42e+04   147s
  12   2.06454241e+08 -1.62925333e+09  2.31e+05 1.11e-09  8.99e+03   150s
  13   1.00701281e+08 -1.09661048e+09  1.06e+05 6.04e-10  4.32e+03   152s
  14   7.25290349e+07 -8.83948050e+08  7.61e+04 4.40e-10  3.13e+03   156s
  15   2.34387046e+07 -2.98661244e+08  2.28e+04 3.79e-11  9.24e+02   159s
  16   5.22669726e+06 -1.18858127e+08  4.18e+03 1.24e-10  2.03e+02   162s
  17   2.12857064e+06 -3.51179233e+07  1.55e+03 2.06e-10  6.26e+01   164s
  18   9.99986098e+05 -2.06618191e+07  6.81e+02 5.82e-11  3.04e+01   166s
  19   6.61725126e+05 -1.68779126e+07  4.37e+02 5.64e-11  2.18e+01   169s
  20   5.73838083e+05 -1.39149913e+07  3.77e+02 4.37e-11  1.83e+01   171s
  21   4.28221771e+05 -1.10533070e+07  2.78e+02 3.37e-11  1.40e+01   173s
  22   2.81045179e+05 -8.95028776e+06  1.79e+02 2.82e-11  1.02e+01   176s
  23   1.73667316e+05 -5.90244901e+06  1.05e+02 1.91e-11  6.38e+00   179s
  24   1.01901314e+05 -3.75292109e+06  5.77e+01 1.32e-11  3.81e+00   181s
  25   8.47872378e+04 -3.38266176e+06  4.70e+01 1.18e-11  3.32e+00   184s
  26   7.16584069e+04 -2.95445867e+06  3.88e+01 1.05e-11  2.84e+00   186s
  27   6.56466872e+04 -2.53627444e+06  3.48e+01 8.64e-12  2.45e+00   189s
  28   5.69744848e+04 -2.09251871e+06  2.93e+01 6.37e-12  2.02e+00   192s
  29   4.60529796e+04 -1.90921328e+06  2.27e+01 5.91e-12  1.76e+00   195s
  30   4.31491193e+04 -1.75394231e+06  2.09e+01 5.00e-12  1.61e+00   198s
  31   3.55541469e+04 -1.58109548e+06  1.63e+01 4.55e-12  1.40e+00   201s
  32   3.31030736e+04 -1.25809370e+06  1.48e+01 3.87e-12  1.14e+00   204s
  33   2.73288098e+04 -1.07707814e+06  1.14e+01 3.18e-12  9.44e-01   207s
  34   2.29446473e+04 -9.05642712e+05  8.69e+00 2.73e-12  7.74e-01   209s
  35   1.93166335e+04 -7.48141859e+05  6.50e+00 2.50e-12  6.25e-01   211s
  36   1.80967365e+04 -6.38968189e+05  5.77e+00 2.16e-12  5.34e-01   213s
  37   1.54244256e+04 -5.48235428e+05  4.27e+00 1.71e-12  4.47e-01   216s
  38   1.39755711e+04 -4.41075404e+05  3.47e+00 1.51e-12  3.58e-01   218s
  39   1.28494915e+04 -3.94552894e+05  2.85e+00 1.52e-12  3.16e-01   220s
  40   1.24326850e+04 -3.64356802e+05  2.63e+00 1.25e-12  2.91e-01   222s
  41   1.19938280e+04 -3.09741576e+05  2.39e+00 1.41e-12  2.49e-01   224s
  42   1.07570483e+04 -2.71563477e+05  1.74e+00 1.59e-12  2.14e-01   226s
  43   1.05408471e+04 -2.53501325e+05  1.63e+00 1.98e-12  1.99e-01   229s
  44   9.90327683e+03 -2.34817763e+05  1.30e+00 1.61e-12  1.82e-01   231s
  45   9.64600485e+03 -2.12639725e+05  1.18e+00 1.78e-12  1.65e-01   233s
  46   9.31887222e+03 -1.98810898e+05  1.02e+00 1.30e-12  1.53e-01   235s
  47   8.97733262e+03 -1.70827506e+05  8.61e-01 1.76e-12  1.32e-01   238s
  48   8.54825139e+03 -1.42575502e+05  6.80e-01 1.93e-12  1.10e-01   240s
  49   8.10439349e+03 -1.24455922e+05  5.14e-01 1.78e-12  9.55e-02   242s
  50   7.47717206e+03 -9.63319331e+04  3.04e-01 1.45e-12  7.38e-02   244s
  51   6.96317871e+03 -6.93658381e+04  1.75e-01 1.38e-12  5.38e-02   247s
  52   6.53884365e+03 -5.54469042e+04  1.07e-01 1.29e-12  4.34e-02   249s
  53   6.29512667e+03 -4.56158613e+04  8.50e-02 9.56e-13  3.63e-02   251s
  54   6.12087562e+03 -3.61743782e+04  7.20e-02 8.51e-13  2.95e-02   254s
  55   5.89578295e+03 -2.85228289e+04  5.74e-02 7.24e-13  2.40e-02   256s
  56   5.52795663e+03 -2.22460831e+04  3.65e-02 6.44e-13  1.93e-02   258s
  57   5.34449346e+03 -1.83029936e+04  2.89e-02 5.96e-13  1.64e-02   260s
  58   5.02116275e+03 -1.44997618e+04  1.79e-02 5.27e-13  1.36e-02   263s
  59   4.86347616e+03 -1.20301702e+04  1.49e-02 4.59e-13  1.17e-02   265s
  60   4.72742638e+03 -9.72980746e+03  1.25e-02 4.16e-13  1.00e-02   267s
  61   4.57052058e+03 -8.70243165e+03  1.01e-02 3.96e-13  9.21e-03   269s
  62   4.48442064e+03 -7.69102630e+03  9.10e-03 3.68e-13  8.45e-03   271s
  63   4.38379392e+03 -6.45739239e+03  8.09e-03 3.30e-13  7.52e-03   273s
  64   4.29596930e+03 -5.40154364e+03  7.33e-03 3.24e-13  6.73e-03   275s
  65   4.17747218e+03 -4.64857935e+03  6.27e-03 2.81e-13  6.12e-03   277s
  66   4.05579594e+03 -3.97307475e+03  5.27e-03 2.75e-13  5.57e-03   280s
  67   3.99741546e+03 -3.52514699e+03  4.85e-03 2.35e-13  5.22e-03   282s
  68   3.93541957e+03 -3.17577629e+03  4.41e-03 2.30e-13  4.93e-03   284s
  69   3.78758168e+03 -2.72287279e+03  3.59e-03 1.79e-13  4.51e-03   286s
  70   3.72313616e+03 -1.84234313e+03  3.25e-03 1.84e-13  3.86e-03   288s
  71   3.69151812e+03 -1.32284624e+03  3.09e-03 1.47e-13  3.48e-03   290s
  72   3.62685426e+03 -1.16670330e+03  2.79e-03 1.63e-13  3.32e-03   292s
  73   3.56039669e+03 -8.54497591e+02  2.49e-03 1.42e-13  3.06e-03   294s
  74   3.53313469e+03 -6.13672405e+02  2.37e-03 1.69e-13  2.88e-03   296s
  75   3.43580435e+03 -2.36612754e+02  1.95e-03 1.59e-13  2.55e-03   298s
  76   3.38718630e+03 -1.12482737e+02  1.75e-03 1.66e-13  2.43e-03   300s
  77   3.35280914e+03  7.93099524e+01  1.61e-03 1.18e-11  2.27e-03   302s
  78   3.32604057e+03  2.74138209e+02  1.50e-03 4.64e-11  2.12e-03   305s
  79   3.30131922e+03  6.33060779e+02  1.40e-03 1.64e-10  1.85e-03   307s
  80   3.22877299e+03  8.65489906e+02  1.11e-03 3.25e-10  1.64e-03   309s
  81   3.16538824e+03  1.28871546e+03  8.79e-04 5.92e-10  1.30e-03   311s
  82   3.12864268e+03  1.62486760e+03  7.58e-04 8.88e-10  1.04e-03   313s
  83   3.07276680e+03  1.88465024e+03  5.84e-04 1.17e-09  8.24e-04   315s
  84   3.03718354e+03  2.15396320e+03  4.81e-04 1.38e-09  6.12e-04   317s
  85   2.97856961e+03  2.28506872e+03  3.24e-04 1.51e-09  4.81e-04   319s
  86   2.95410033e+03  2.42530948e+03  2.65e-04 1.54e-09  3.66e-04   321s
  87   2.91952568e+03  2.48762155e+03  1.86e-04 1.55e-09  2.99e-04   323s
  88   2.89812605e+03  2.58704747e+03  1.38e-04 1.52e-09  2.16e-04   325s
  89   2.88627301e+03  2.64923327e+03  1.12e-04 1.42e-09  1.64e-04   327s
  90   2.87543901e+03  2.70102823e+03  8.58e-05 1.25e-09  1.21e-04   328s
  91   2.86438139e+03  2.72949314e+03  5.53e-05 1.12e-09  9.35e-05   330s
  92   2.86026322e+03  2.77212380e+03  4.12e-05 8.41e-10  6.11e-05   331s
  93   2.85632784e+03  2.79389165e+03  2.32e-05 8.00e-10  4.33e-05   333s
  94   2.85482306e+03  2.81984747e+03  1.28e-05 1.18e-09  2.42e-05   334s
  95   2.85382205e+03  2.82764283e+03  7.13e-06 1.20e-09  1.81e-05   336s
  96   2.85342612e+03  2.83451286e+03  4.16e-06 9.16e-10  1.31e-05   337s
  97   2.85334987e+03  2.83614208e+03  3.71e-06 8.32e-10  1.19e-05   339s
  98   2.85310400e+03  2.84029459e+03  1.96e-06 6.33e-10  8.88e-06   340s
  99   2.85293353e+03  2.84346929e+03  1.18e-06 4.50e-10  6.56e-06   342s
 100   2.85281502e+03  2.84505575e+03  7.98e-07 3.69e-10  5.38e-06   343s
 101   2.85270818e+03  2.84686648e+03  4.96e-07 2.78e-10  4.05e-06   345s
 102   2.85259311e+03  2.84926912e+03  1.43e-07 1.56e-10  2.30e-06   347s
 103   2.85255563e+03  2.84954823e+03  8.71e-08 1.42e-10  2.08e-06   349s
 104   2.85250653e+03  2.84987780e+03  5.01e-08 1.37e-10  1.82e-06   351s
 105   2.85248327e+03  2.85018327e+03  4.38e-08 1.39e-10  1.59e-06   352s
 106   2.85245381e+03  2.85045500e+03  3.47e-08 1.49e-10  1.39e-06   354s
 107   2.85240178e+03  2.85056286e+03  2.15e-08 1.49e-10  1.27e-06   355s
 108   2.85234527e+03  2.85083314e+03  1.42e-08 1.51e-10  1.05e-06   357s
 109   2.85229835e+03  2.85103504e+03  9.90e-09 1.42e-10  8.75e-07   359s
 110   2.85225806e+03  2.85118453e+03  8.61e-09 1.27e-10  7.44e-07   360s
 111   2.85223932e+03  2.85128349e+03  8.27e-09 1.18e-10  6.62e-07   362s
 112   2.85219173e+03  2.85150112e+03  1.19e-08 9.26e-11  4.79e-07   364s
 113   2.85216861e+03  2.85162248e+03  8.92e-09 7.46e-11  3.78e-07   365s
 114   2.85214543e+03  2.85168754e+03  7.55e-09 6.38e-11  3.17e-07   367s
 115   2.85212033e+03  2.85183011e+03  4.61e-09 8.37e-11  2.01e-07   369s
 116   2.85209951e+03  2.85188998e+03  2.56e-09 9.96e-11  1.45e-07   370s
 117   2.85208396e+03  2.85194814e+03  1.35e-09 9.65e-11  9.41e-08   372s
 118   2.85207895e+03  2.85199725e+03  3.18e-09 7.54e-11  5.66e-08   373s
 119   2.85207546e+03  2.85201542e+03  2.67e-09 7.91e-11  4.16e-08   375s
 120   2.85207337e+03  2.85203039e+03  1.95e-09 8.16e-11  2.98e-08   376s
 121   2.85207122e+03  2.85203659e+03  1.51e-09 8.32e-11  2.40e-08   378s
 122   2.85206956e+03  2.85204209e+03  9.14e-10 8.41e-11  1.90e-08   379s
 123   2.85206817e+03  2.85205157e+03  2.90e-10 8.55e-11  1.15e-08   380s
 124   2.85206692e+03  2.85206028e+03  1.76e-10 8.60e-11  4.60e-09   382s
 125   2.85206673e+03  2.85206360e+03  1.79e-10 8.46e-11  2.17e-09   383s
 126   2.85206650e+03  2.85206481e+03  1.20e-10 8.50e-11  1.18e-09   384s
 127   2.85206646e+03  2.85206543e+03  2.77e-10 8.17e-11  7.10e-10   386s
 128   2.85206641e+03  2.85206571e+03  1.77e-10 8.08e-11  4.90e-10   387s
 129   2.85206637e+03  2.85206615e+03  8.06e-11 8.16e-11  1.57e-10   388s
 130   2.85206635e+03  2.85206627e+03  1.60e-10 8.18e-11  5.46e-11   389s
 131   2.85206634e+03  2.85206631e+03  1.02e-10 8.19e-11  1.68e-11   391s

Barrier solved model in 131 iterations and 390.68 seconds
Optimal objective 2.85206634e+03


Root crossover log...

   31952 DPushes remaining with DInf 2.4762535e-04               391s
       0 DPushes remaining with DInf 3.6850257e+02               393s

    1013 PPushes remaining with PInf 7.3011124e+05               393s
      15 PPushes remaining with PInf 4.2687873e+05               393s

  Push phase complete: Pinf 4.2687873e+05, Dinf 6.2715480e+01    393s


Root simplex log...

Iteration    Objective       Primal Inf.    Dual Inf.      Time
   19876    2.5643930e+03   0.000000e+00   7.080296e+01    393s
Warning: Markowitz tolerance tightened to 0.125
   25600    2.5642922e+03   0.000000e+00   1.026701e+02    396s
   38559    2.5628835e+03   0.000000e+00   2.059613e+04    400s
   47533    2.5579739e+03   0.000000e+00   4.563993e+04    405s
Concurrent spin time: 82.08s (can be avoided by choosing Method=3)

Solved with dual simplex

Root relaxation: objective 2.476248e+03, 140928 iterations, 313.20 seconds

    Nodes    |    Current Node    |     Objective Bounds      |     Work
 Expl Unexpl |  Obj  Depth IntInf | Incumbent    BestBd   Gap | It/Node Time

     0     0 2476.24828    0    3          - 2476.24828      -     -  408s
H    0     0                    2476.2813543 2476.24828  0.00%     -  410s

Explored 1 nodes (140928 simplex iterations) in 412.77 seconds
Thread count was 8 (of 8 available processors)

Solution count 1: 2476.28 

Optimal solution found (tolerance 2.00e-03)
Warning: max constraint violation (7.9740e-02) exceeds tolerance
Warning: max bound violation (7.9352e-02) exceeds tolerance
Best objective 2.476281354267e+03, best bound 2.476281354267e+03, gap 0.0000%
the solution is feasible and optimal
Solution time: 486.6498098373413
Done solving model.
Time used solving the model: 705.3253929615021
----------Dumping data in pickle file...done.
Dumping results in pickle file.....done.
objective function value:  2476.281354267256
objective function value normalized (Billion EURO):  247.63
                        2023                                                  \
                          OO    OB    OP    BO    BB    BP    PO    PB    PP   
LCOT                     4.3   4.3   4.3   4.3   4.3   4.3   4.3   4.3   4.3   
LCOT (Empty Trips)       1.2   1.2   1.2   1.2   1.2   1.2   1.2   1.2   1.2   
Emission                 0.4   0.4   0.4   0.4   0.4   0.4   0.4   0.4   0.4   
Emission (Empty Trips)  0.17  0.17  0.17  0.17  0.17  0.17  0.17  0.17  0.17   
CO2_Penalty                0     0     0     0     0     0     0     0     0   
Time value               1.3   1.3   1.3   1.3   1.3   1.3   1.3   1.3   1.3   
Transfer                 2.1   2.1   2.1   2.1   2.1   2.1   2.1   2.1   2.1   
RailTrack               0.12  0.12  0.12  0.12  0.12  0.12  0.12  0.12  0.12   
Terminal               0.043 0.043 0.043 0.043 0.043 0.043 0.043 0.043 0.043   
RailElectr.               -0     0    -0     0     0     0     0     0     0   
Charging                   0     0     0     0     0     0     0     0     0   
H2_Filling                 0     0     0     0     0     0     0     0     0   

                        2028                                                  \
                          OO    OB    OP    BO    BB    BP    PO    PB    PP   
LCOT                     4.8   4.8   4.8   4.8   4.8   4.8   4.8   4.8   4.8   
LCOT (Empty Trips)       1.1   1.1   1.1   1.1   1.1   1.1   1.1   1.1   1.1   
Emission                 0.9   0.9   0.9   0.9   0.9   0.9   0.9   0.9   0.9   
Emission (Empty Trips)  0.25  0.25  0.25  0.25  0.25  0.25  0.25  0.25  0.25   
CO2_Penalty                0     0     0     0     0     0     0     0     0   
Time value               1.6   1.6   1.6   1.6   1.6   1.6   1.6   1.6   1.6   
Transfer                 2.6   2.6   2.6   2.6   2.6   2.6   2.6   2.6   2.6   
RailTrack                  0     0     0     0     0     0     0     0     0   
Terminal               0.027 0.027 0.027 0.027 0.027 0.027 0.027 0.027 0.027   
RailElectr.                0     0     0     0     0     0     0     0     0   
Charging               0.007 0.007 0.007 0.007 0.007 0.007 0.007 0.007 0.007   
H2_Filling                 0     0     0     0     0     0     0     0     0   

                        2034                                                  \
                          OO    OB    OP    BO    BB    BP    PO    PB    PP   
LCOT                     4.9   4.9   4.9   5.6   5.7   5.5   5.8   5.8   5.9   
LCOT (Empty Trips)       1.1   1.1   1.1   1.3   1.2   1.2   1.3   1.4   1.3   
Emission                 1.1   1.1   1.1  0.67  0.67  0.86  0.67  0.67  0.67   
Emission (Empty Trips)   0.3   0.3   0.3  0.13  0.23  0.23  0.12  0.13  0.23   
CO2_Penalty                0     0     0     0     0     0     0     0     0   
Time value               1.9   1.9   1.9   1.9   1.9   1.9   1.9   1.9   1.9   
Transfer                 3.1   3.1   3.1   3.1   3.1   3.1   3.1   3.1   3.1   
RailTrack                  0     0     0     0     0     0     0     0     0   
Terminal                   0     0     0     0     0     0     0     0     0   
RailElectr.                0     0     0     0     0     0     0     0     0   
Charging               0.017 0.017 0.008 0.081 0.081 0.081 0.081 0.081 0.081   
H2_Filling                 0     0     0     0     0     0     0     0     0   

                        2040                                                  \
                          OO    OB    OP    BO    BB    BP    PO    PB    PP   
LCOT                     5.3   5.3   5.3     6   5.9   5.8   6.1   6.2   6.4   
LCOT (Empty Trips)       1.1   1.1   1.1   1.4   1.4   1.2   1.4   1.5   1.3   
Emission                0.75  0.82  0.82  0.35  0.53  0.73  0.35  0.35  0.36   
Emission (Empty Trips)  0.22  0.22  0.22 0.004  0.12  0.22 0.004 0.004   0.2   
CO2_Penalty                0     0     0     0     0     0     0     0     0   
Time value                 2     2     2     2     2     2     2     2     2   
Transfer                   3     3     3     3     3     3     3     3     3   
RailTrack                  0     0     0     0     0     0     0     0     0   
Terminal               0.001 0.001 0.001 0.001 0.001 0.001 0.001 0.001 0.001   
RailElectr.                0     0     0     0     0     0     0     0     0   
Charging                0.16  0.16  0.16  0.16  0.16  0.16  0.16  0.16  0.16   
H2_Filling             0.001     0     0 0.002 0.002 0.002 0.002 0.002 0.002   

                        2050                                                  \
                          OO    OB    OP    BO    BB    BP    PO    PB    PP   
LCOT                       6   6.1   6.1   6.6   6.7   6.8   6.6   6.9   7.1   
LCOT (Empty Trips)       1.3   1.2   1.2   1.4   1.5   1.5   1.4   1.5   1.5   
Emission                0.72  0.78  0.78 0.054  0.23  0.43 0.054 0.054 0.055   
Emission (Empty Trips)   0.2  0.23  0.24     0     0 0.028    -0     0     0   
CO2_Penalty                0     0     0     0     0     0     0     0     0   
Time value               2.4   2.4   2.4   2.4   2.4   2.4   2.4   2.4   2.4   
Transfer                 3.3   3.3   3.3   3.3   3.3   3.3   3.3   3.3   3.3   
RailTrack                  0     0     0     0     0     0     0     0     0   
Terminal                   0     0     0     0     0     0     0     0     0   
RailElectr.                0     0     0     0     0     0     0     0     0   
Charging                0.17  0.17  0.17  0.17  0.17  0.17  0.17  0.17  0.17   
H2_Filling             0.002 0.002 0.002 0.002 0.002 0.002 0.002 0.002 0.002   

                        2023      2028          2034          2040          \
                        mean std  mean     std  mean    std   mean     std   
LCOT                     4.3   0   4.8       0   5.5   0.43    5.8    0.41   
LCOT (Empty Trips)       1.2   0   1.1       0   1.2   0.12    1.3    0.14   
Emission                 0.4   0   0.9       0  0.83   0.21   0.56    0.21   
Emission (Empty Trips)  0.18   0  0.25 2.9e-17  0.22  0.075   0.14     0.1   
CO2_Penalty                0   0     0       0     0      0      0       0   
Time value               1.3   0   1.6       0   1.9 0.0024      2  0.0015   
Transfer                 2.1   0   2.6       0   3.1 0.0026      3  0.0052   
RailTrack               0.12   0     0       0     0      0      0       0   
Terminal               0.043   0 0.027       0     0      0  0.001       0   
RailElectr.                0   0     0       0     0      0      0       0   
Charging                   0   0 0.007       0 0.059  0.034   0.16 0.00053   
H2_Filling                 0   0     0       0     0      0 0.0014 0.00088   

                        2050          
                        mean     std  
LCOT                     6.5    0.37  
LCOT (Empty Trips)       1.4    0.11  
Emission                0.35    0.33  
Emission (Empty Trips) 0.078    0.11  
CO2_Penalty                0       0  
Time value               2.4  0.0032  
Transfer                 3.3   0.019  
RailTrack                  0       0  
Terminal                   0       0  
RailElectr.                0       0  
Charging                0.17 0.00044  
H2_Filling             0.002       0  
                       2023     2028      2034      2040      2050     
                       mean std mean  std mean  std mean  std mean  std
LCOT                    4.3   0  4.8    0  5.5 0.43  5.8 0.41  6.5 0.37
LCOT (Empty Trips)      1.2   0  1.1    0  1.2 0.12  1.3 0.14  1.4 0.11
Emission                0.4   0  0.9    0 0.83 0.21 0.56 0.21 0.35 0.33
Emission (Empty Trips) 0.18   0 0.25    0 0.22 0.07 0.14  0.1 0.08 0.11
CO2_Penalty               0   0    0    0    0    0    0    0    0    0
Time value              1.4   0  1.6    0  1.9    0    2    0  2.4    0
Transfer                2.1   0  2.6    0  3.1    0    3 0.01  3.3 0.02
RailTrack              0.12   0    0    0    0    0    0    0    0    0
Terminal               0.04   0 0.03    0    0    0    0    0    0    0
RailElectr.               0   0    0    0    0    0    0    0    0    0
Charging                  0   0 0.01    0 0.06 0.03 0.16    0 0.17    0
H2_Filling                0   0    0    0    0    0    0    0    0    0
discount_factor           1   1 0.83 0.83 0.66 0.66 0.53 0.53 0.36 0.36
emissions (MTonnes CO2 eq.):
             AvgEmission  Std  AvgEmission_perc  Std_perc
time_period                                              
2023                 7.2    0             1e+02         0
2028                 6.6    0                91         0
2034                   5  1.3                69        18
2040                 3.3  1.5                45        21
2050                   2  2.1                28        29
----------------
Average transport work in GTONNES*km:
    mode            product time_period  TransportArbeid
0   Rail           Dry bulk        2023              9.7
1   Rail           Neo bulk        2023           0.0012
2   Road  Break bulk (fast)        2023              5.5
3   Road  Break bulk (slow)        2023              5.8
4   Road   Container (fast)        2023              2.1
5   Road   Container (slow)        2023              2.7
6   Road           Dry bulk        2023             0.56
7   Road           Neo bulk        2023               12
8    Sea  Break bulk (fast)        2023            0.091
9    Sea  Break bulk (slow)        2023              1.1
10   Sea   Container (fast)        2023              0.1
11   Sea   Container (slow)        2023                1
12   Sea           Dry bulk        2023               97
13   Sea           Neo bulk        2023             0.26

