----------------------------
Doing the following analysis: 
FuelScen_carbontaxbase_lambda0_alpha0.8
----------------------------
Reading data...
Number of scenarios:  9
Number of scenarios:  1
Reading and constructing data
Function construct_sets Took 0.0015 seconds
Function construct_network Took 0.0058 seconds
Transport demand in the base year 2018 (in MTonnes):
             product  tot_weight
0           Dry bulk       94.86
1   Container (fast)        4.07
2   Container (slow)        9.23
3  Break bulk (fast)       11.61
4  Break bulk (slow)       15.37
5           Neo bulk       19.28
Function construct_ODD Took 1.0659 seconds
Function construct_vehicles Took 0.8994 seconds
Function construct_emission_transfer Took 0.2051 seconds
Function construct_costs Took 2.8724 seconds
Function construct_time_value Took 0.0014 seconds
Function construct_investments Took 0.0121 seconds
Function construct_charging_edges Took 0.2656 seconds
Function construct_tech_readiness Took 0.0064 seconds
Function construct_path_generation Took 0.2425 seconds
Function construct_param2 Took 0.0891 seconds
Function combined_sets Took 0.6899 seconds
Function combined_sets Took 0.6969 seconds
Done reading data.
Time used reading the base data: 25.086103200912476
Solving the first time period for initialization purposes...
Function combined_sets Took 0.2656 seconds
Using license file C:\Users\steffejb\gurobi.lic
Academic license - for non-commercial use only
Read LP format model from file C:\Users\steffejb\OneDrive - NTNU\Work\GitHub\STraM_ntnu_development\temp\pyomo\tmpwx_ms68z.pyomo.lp
Reading time = 11.90 seconds
x540794: 2206928 rows, 540794 columns, 7780367 nonzeros
Changed value of parameter FeasibilityTol to 0.0001
   Prev: 1e-06  Min: 1e-09  Max: 0.01  Default: 1e-06
Changed value of parameter MIPGap to 0.002
   Prev: 0.0001  Min: 0.0  Max: inf  Default: 0.0001
Parameter NumericFocus unchanged
   Value: 0  Min: 0  Max: 3  Default: 0
Parameter BarConvTol unchanged
   Value: 1e-08  Min: 0.0  Max: 1.0  Default: 1e-08
Parameter Crossover unchanged
   Value: -1  Min: -1  Max: 5  Default: -1
Parameter Method unchanged
   Value: -1  Min: -1  Max: 5  Default: -1
Parameter NodeMethod unchanged
   Value: -1  Min: -1  Max: 2  Default: -1
Gurobi Optimizer version 9.0.0 build v9.0.0rc2 (win64)
Optimize a model with 2206928 rows, 540794 columns and 7780367 nonzeros
Model fingerprint: 0x92501773
Coefficient statistics:
  Matrix range     [6e-06, 1e+03]
  Objective range  [1e-01, 1e-01]
  Bounds range     [0e+00, 0e+00]
  RHS range        [1e-03, 9e+01]

Concurrent LP optimizer: dual simplex and barrier
Showing barrier log only...

Presolve removed 448246 rows and 370000 columns (presolve time = 5s) ...
Presolve removed 2204268 rows and 518515 columns
Presolve time: 10.10s
Presolved: 2660 rows, 23242 columns, 201160 nonzeros

Ordering time: 0.01s

Barrier statistics:
 AA' NZ     : 8.445e+04
 Factor NZ  : 1.896e+05 (roughly 12 MBytes of memory)
 Factor Ops : 2.653e+07 (less than 1 second per iteration)
 Threads    : 3

                  Objective                Residual
Iter       Primal          Dual         Primal    Dual     Compl     Time
   0   9.44559823e+01 -1.92600000e-01  6.64e+04 0.00e+00  2.36e+00    10s
   1   3.87921649e+01 -2.04017323e+00  2.58e+04 6.05e-02  9.61e-01    10s
   2   2.53446997e+01 -3.22867796e+00  1.53e+04 1.29e-02  5.55e-01    10s
   3   8.26449047e+00 -1.81667198e+00  2.54e+03 6.83e-03  9.54e-02    10s
   4   4.87569288e+00  6.93863164e+00  9.59e+02 1.36e-03  3.67e-02    10s
   5   3.79458325e+00  1.00164916e+01  6.59e+02 1.08e-03  2.52e-02    10s
   6   3.57066971e+00  2.42378394e+01  5.17e+02 7.26e-04  2.01e-02    10s
   7   4.28602976e+00  2.97699042e+01  4.48e+02 6.58e-04  1.75e-02    10s
   8   1.08378224e+01  3.50106038e+01  2.82e+02 5.87e-04  1.09e-02    10s
   9   1.52957006e+01  5.48363895e+01  2.20e+02 3.84e-04  8.56e-03    10s
  10   1.71024677e+01  6.28046206e+01  2.03e+02 3.48e-04  7.88e-03    10s
  11   1.98973211e+01  6.65777441e+01  1.82e+02 3.27e-04  7.04e-03    10s
  12   2.48161702e+01  6.86411968e+01  1.56e+02 2.94e-04  6.00e-03    10s
  13   2.94451704e+01  7.30246636e+01  1.37e+02 2.79e-04  5.23e-03    10s
  14   3.40900315e+01  7.57527620e+01  1.20e+02 2.62e-04  4.55e-03    10s
  15   3.69949461e+01  8.24858930e+01  1.10e+02 2.27e-04  4.19e-03    10s
  16   4.29445317e+01  8.59088052e+01  9.10e+01 2.12e-04  3.41e-03    10s
  17   4.61645639e+01  8.90854527e+01  8.22e+01 2.02e-04  3.06e-03    10s
  18   4.75892216e+01  9.26716618e+01  7.84e+01 1.92e-04  2.92e-03    10s
  19   4.97010630e+01  9.85141153e+01  7.34e+01 1.82e-04  2.72e-03    11s
  20   5.09038003e+01  1.02516697e+02  7.11e+01 1.77e-04  2.64e-03    11s
  21   5.17052444e+01  1.05795255e+02  6.96e+01 1.74e-04  2.58e-03    11s
  22   5.36680215e+01  1.09286208e+02  6.62e+01 1.70e-04  2.44e-03    11s
  23   5.51624492e+01  1.09823225e+02  6.38e+01 1.67e-04  2.34e-03    11s
  24   5.63251528e+01  1.10935168e+02  6.20e+01 1.66e-04  2.27e-03    11s
  25   5.72765544e+01  1.14845271e+02  6.07e+01 1.61e-04  2.22e-03    11s
  26   6.02330996e+01  1.19971854e+02  5.64e+01 1.56e-04  2.04e-03    11s
  27   6.17512742e+01  1.31705147e+02  5.43e+01 1.48e-04  1.96e-03    11s
  28   6.48453326e+01  1.22034357e+02  5.23e+01 1.41e-04  1.90e-03    11s
  29   6.95496272e+01  1.29158553e+02  4.79e+01 1.33e-04  1.74e-03    11s
  30   7.17988873e+01  1.32595045e+02  4.60e+01 1.27e-04  1.66e-03    11s
  31   7.53149694e+01  1.35213654e+02  4.32e+01 1.22e-04  1.56e-03    11s
  32   7.83410076e+01  1.37850465e+02  4.09e+01 1.17e-04  1.47e-03    11s
  33   8.08504807e+01  1.41411652e+02  3.90e+01 1.11e-04  1.40e-03    11s
  34   8.20408774e+01  1.43190122e+02  3.81e+01 1.09e-04  1.37e-03    11s
  35   8.39831857e+01  1.42823671e+02  3.68e+01 1.08e-04  1.32e-03    11s
  36   4.00002433e+03 -1.92600000e+03  2.81e+06 0.00e+00  1.00e+06    11s
  37   1.98276652e+04 -2.92580505e+04  1.30e+06 6.34e+02  5.07e+05    11s
  38   5.82737017e+05 -6.07180949e+04  2.68e+05 3.72e+02  1.15e+05    11s
  39   6.56663456e+05 -2.20863108e+05  8.45e+04 1.17e+02  3.66e+04    11s
  40   6.84115442e+05 -2.79454244e+05  2.51e+04 6.20e+01  1.25e+04    11s
  41   7.09766968e+05 -3.20278192e+05  7.88e+03 2.79e+01  4.45e+03    11s
  42   6.89718383e+05 -3.19357349e+05  3.29e+03 7.58e+00  1.70e+03    11s
  43   5.82387702e+05 -2.69237869e+05  5.90e+02 2.98e+00  4.03e+02    11s
  44   4.42712325e+05 -2.02335804e+05  2.05e+02 1.61e+00  1.72e+02    11s
  45   3.02742317e+05 -1.58257618e+05  7.53e+01 9.71e-01  8.30e+01    11s
  46   2.32719485e+05 -1.10899491e+05  3.37e+01 5.47e-01  4.44e+01    11s
  47   1.40131949e+05 -6.45596447e+04  1.23e+01 2.52e-01  1.94e+01    11s
  48   7.57585932e+04 -5.36387227e+04  4.60e+00 2.00e-01  1.14e+01    11s
  49   3.09573149e+04 -2.62476967e+04  1.24e+00 8.65e-02  4.31e+00    11s
  50   1.80474856e+04 -7.79201326e+03  5.65e-01 2.14e-02  1.52e+00    11s
  51   7.50785485e+03 -4.50963436e+03  1.57e-01 1.25e-02  6.84e-01    11s
  52   5.89866068e+03 -3.07303551e+03  1.13e-01 9.00e-03  4.91e-01    11s
  53   4.34565713e+03 -1.58524798e+03  7.27e-02 5.02e-03  3.00e-01    11s
  54   3.26336642e+03 -1.02195633e+03  4.55e-02 3.61e-03  2.09e-01    11s
  55   2.15992079e+03 -4.36877385e+02  2.25e-02 2.06e-03  1.20e-01    11s
  56   1.45655428e+03 -1.03196470e+02  1.12e-02 1.20e-03  6.92e-02    11s
  57   1.18272380e+03  1.89366833e+02  7.53e-03 6.10e-04  4.26e-02    11s
  58   9.53490130e+02  2.81823248e+02  4.59e-03 4.15e-04  2.84e-02    11s
  59   8.55109269e+02  3.76163220e+02  3.44e-03 2.47e-04  1.99e-02    11s
  60   6.92792512e+02  4.42066221e+02  1.58e-03 1.37e-04  1.04e-02    11s
  61   5.92950700e+02  4.82525820e+02  4.39e-04 8.05e-05  4.60e-03    11s
  62   5.61617273e+02  5.06989628e+02  1.40e-04 4.41e-05  2.28e-03    11s
  63   5.52713229e+02  5.19617220e+02  7.64e-05 2.71e-05  1.38e-03    11s
  64   5.47484487e+02  5.24959399e+02  4.53e-05 1.93e-05  9.45e-04    11s
  65   5.45672845e+02  5.29930988e+02  3.52e-05 1.20e-05  6.55e-04    11s
  66   5.44091223e+02  5.31650041e+02  2.75e-05 9.40e-06  5.17e-04    11s
  67   5.42189838e+02  5.34731423e+02  1.85e-05 4.56e-06  3.07e-04    11s
  68   5.39454774e+02  5.35292676e+02  7.71e-06 3.19e-06  1.73e-04    11s
  69   5.38198192e+02  5.36010422e+02  3.08e-06 2.01e-06  9.23e-05    11s
  70   5.37878945e+02  5.36240155e+02  1.93e-06 1.61e-06  6.95e-05    11s
  71   5.37600851e+02  5.36546374e+02  1.07e-06 1.09e-06  4.49e-05    11s
  72   5.37424116e+02  5.36856064e+02  6.32e-07 5.39e-07  2.40e-05    11s
  73   5.37347588e+02  5.36935327e+02  4.71e-07 3.74e-07  1.73e-05    11s
  74   5.37230827e+02  5.37006112e+02  2.16e-07 2.26e-07  9.52e-06    11s
  75   5.37147696e+02  5.37082223e+02  3.67e-08 5.84e-08  2.75e-06    11s
  76   5.37118418e+02  5.37106562e+02  5.60e-09 9.98e-09  4.98e-07    11s
  77   5.37114699e+02  5.37109844e+02  2.02e-09 4.19e-09  2.05e-07    11s
  78   5.37113385e+02  5.37111946e+02  7.86e-10 4.61e-10  5.79e-08    11s
  79   5.37112348e+02  5.37112221e+02  1.41e-10 2.92e-11  5.07e-09    11s
  80   5.37112255e+02  5.37112247e+02  1.30e-10 1.28e-12  2.84e-10    11s
  81   5.37112249e+02  5.37112248e+02  5.38e-08 6.61e-14  3.48e-11    11s

Barrier solved model in 81 iterations and 11.39 seconds
Optimal objective 5.37112249e+02

Crossover log...

       0 DPushes remaining with DInf 5.0598301e-13                11s

      79 PPushes remaining with PInf 0.0000000e+00                11s
       0 PPushes remaining with PInf 0.0000000e+00                11s

  Push phase complete: Pinf 0.0000000e+00, Dinf 4.9984149e-13     11s

Extra one simplex iteration after uncrush
Iteration    Objective       Primal Inf.    Dual Inf.      Time
     476    5.3711220e+02   0.000000e+00   0.000000e+00     14s

Solved with barrier
Solved in 476 iterations and 15.55 seconds
Optimal objective  5.371122044e+02
the solution is feasible and optimal
Solution time: 33.56591463088989
Function combined_sets Took 0.8383 seconds
-----
Constructing full SP model...
Done constructing model.
Time used constructing the model: 248.36214447021484
----------
Solving model...
Using license file C:\Users\steffejb\gurobi.lic
Academic license - for non-commercial use only
Read LP format model from file C:\Users\steffejb\OneDrive - NTNU\Work\GitHub\STraM_ntnu_development\temp\pyomo\tmpvle9yez5.pyomo.lp
Reading time = 37.29 seconds
x2706869: 4554353 rows, 1834337 columns, 25949477 nonzeros
Changed value of parameter FeasibilityTol to 0.01
   Prev: 1e-06  Min: 1e-09  Max: 0.01  Default: 1e-06
Changed value of parameter MIPGap to 0.002
   Prev: 0.0001  Min: 0.0  Max: inf  Default: 0.0001
Parameter NumericFocus unchanged
   Value: 0  Min: 0  Max: 3  Default: 0
Parameter BarConvTol unchanged
   Value: 1e-08  Min: 0.0  Max: 1.0  Default: 1e-08
Parameter Crossover unchanged
   Value: -1  Min: -1  Max: 5  Default: -1
Parameter Method unchanged
   Value: -1  Min: -1  Max: 5  Default: -1
Parameter NodeMethod unchanged
   Value: -1  Min: -1  Max: 2  Default: -1
Gurobi Optimizer version 9.0.0 build v9.0.0rc2 (win64)
Optimize a model with 4554353 rows, 1834337 columns and 25949477 nonzeros
Model fingerprint: 0x7bcafa0b
Variable types: 1834031 continuous, 306 integer (306 binary)
Coefficient statistics:
  Matrix range     [6e-06, 1e+03]
  Objective range  [1e-01, 1e-01]
  Bounds range     [1e+00, 6e+04]
  RHS range        [1e-03, 9e+01]
Presolve removed 483444 rows and 83 columns (presolve time = 5s) ...
Presolve removed 4355066 rows and 1037378 columns (presolve time = 11s) ...
Presolve removed 4425291 rows and 1037378 columns (presolve time = 17s) ...
Presolve removed 4426541 rows and 1042922 columns (presolve time = 20s) ...
Presolve removed 4447219 rows and 1056923 columns (presolve time = 25s) ...
Presolve removed 4457642 rows and 1135429 columns (presolve time = 30s) ...
Presolve removed 4458424 rows and 1135643 columns (presolve time = 35s) ...
Presolve removed 4458999 rows and 1136042 columns (presolve time = 40s) ...
Presolve removed 4459141 rows and 1136190 columns (presolve time = 45s) ...
Presolve removed 4459195 rows and 1136244 columns (presolve time = 50s) ...
Presolve removed 4461499 rows and 1138404 columns (presolve time = 57s) ...
Presolve removed 4461953 rows and 1138831 columns
Presolve time: 59.38s
Presolved: 92400 rows, 695506 columns, 8335848 nonzeros
Variable types: 695472 continuous, 34 integer (34 binary)

Deterministic concurrent LP optimizer: primal simplex, dual simplex, and barrier
Showing barrier log only...

Root barrier log...

Ordering time: 1.59s

Barrier statistics:
 AA' NZ     : 4.154e+06
 Factor NZ  : 1.074e+07 (roughly 400 MBytes of memory)
 Factor Ops : 2.715e+09 (less than 1 second per iteration)
 Threads    : 1

                  Objective                Residual
Iter       Primal          Dual         Primal    Dual     Compl     Time
   0   3.95682912e+12 -3.09963708e+12  4.82e+09 7.42e+01  4.49e+08    91s
   1   1.97854177e+12 -2.80426343e+12  2.40e+09 1.51e+02  2.25e+08    93s
   2   8.19835517e+11 -2.60679867e+12  9.60e+08 1.22e+02  9.46e+07    95s
   3   2.29763592e+11 -1.02591223e+12  2.38e+08 2.31e-01  2.42e+07    97s
   4   3.37489468e+10 -2.54327668e+11  2.73e+07 5.56e-03  2.90e+06   100s
   5   8.90226239e+09 -5.61677103e+10  5.53e+06 1.16e-03  6.08e+05   103s
   6   4.84163545e+09 -2.22682133e+10  2.79e+06 2.91e-10  3.08e+05   106s
   7   3.16937734e+09 -1.50288712e+10  1.77e+06 4.66e-10  1.98e+05   108s
   8   2.68223120e+09 -1.41715440e+10  1.50e+06 7.28e-12  1.68e+05   110s
   9   2.11355001e+09 -1.19309472e+10  1.15e+06 3.75e-12  1.30e+05   112s
  10   1.12750390e+09 -7.18487461e+09  5.87e+05 1.06e-10  6.79e+04   114s
  11   5.30685058e+08 -2.34931567e+09  2.64e+05 9.09e-12  3.05e+04   116s
  12   3.41881739e+08 -2.00403372e+09  1.70e+05 5.10e-12  1.99e+04   119s
  13   1.99797620e+08 -7.76214394e+08  9.57e+04 1.09e-11  1.09e+04   122s
  14   6.85041873e+07 -5.10841749e+08  3.17e+04 7.28e-12  3.74e+03   124s
  15   5.69044249e+07 -4.70423250e+08  2.63e+04 7.83e-12  3.11e+03   127s
  16   3.54698076e+07 -4.48896991e+08  1.59e+04 8.87e-12  1.99e+03   128s
  17   2.06344141e+07 -2.50151443e+08  8.41e+03 5.81e-12  1.00e+03   130s
  18   6.90822691e+06 -1.05137567e+08  2.38e+03 1.17e-09  2.84e+02   133s
  19   2.29904759e+06 -4.95692849e+07  7.12e+02 9.09e-11  9.11e+01   136s
  20   1.07047755e+06 -1.75408299e+07  2.89e+02 1.00e-10  3.34e+01   138s
  21   6.71683673e+05 -1.44045998e+07  1.77e+02 7.73e-11  2.29e+01   140s
  22   4.21975768e+05 -1.10913963e+07  1.06e+02 5.37e-11  1.54e+01   142s
  23   2.67811563e+05 -7.10200856e+06  6.46e+01 3.18e-11  9.50e+00   145s
  24   1.51867664e+05 -4.40976170e+06  3.43e+01 2.32e-11  5.44e+00   147s
  25   1.08167568e+05 -3.14091113e+06  2.36e+01 1.59e-11  3.78e+00   149s
  26   7.90256036e+04 -2.52318247e+06  1.65e+01 1.23e-11  2.85e+00   151s
  27   7.03357186e+04 -2.12884961e+06  1.45e+01 1.00e-11  2.43e+00   153s

Barrier performed 27 iterations in 153.18 seconds
Barrier solve interrupted - model solved by another algorithm

Concurrent spin time: 6.11s

Solved with dual simplex

Root relaxation: objective 2.387618e+03, 81230 iterations, 83.14 seconds

    Nodes    |    Current Node    |     Objective Bounds      |     Work
 Expl Unexpl |  Obj  Depth IntInf | Incumbent    BestBd   Gap | It/Node Time

     0     0 2387.61778    0    3          - 2387.61778      -     -  155s
H    0     0                    2806.4907709 2387.61778  14.9%     -  170s
     0     0 2387.61778    0    3 2806.49077 2387.61778  14.9%     -  233s
     0     0 2387.61778    0    3 2806.49077 2387.61778  14.9%     -  253s
     0     0 2387.61778    0    3 2806.49077 2387.61778  14.9%     -  263s
     0     0 2387.61778    0    3 2806.49077 2387.61778  14.9%     -  382s
     0     2 2390.26241    0    3 2806.49077 2390.26241  14.8%     -  409s
     1     4 2390.26716    1    2 2806.49077 2390.26259  14.8%   194  413s
     3     6 2390.33684    2    1 2806.49077 2390.26729  14.8%   221  433s
     7     4 2390.51907    3    1 2806.49077 2390.26878  14.8%  5277  484s
    11     0     cutoff    4      2806.49077 2390.26918  14.8% 16251  511s

Cutting planes:
  Gomory: 2
  Implied bound: 31
  MIR: 62
  Relax-and-lift: 3

Explored 15 nodes (359554 simplex iterations) in 513.78 seconds
Thread count was 8 (of 8 available processors)

Solution count 1: 2806.49 

Optimal solution found (tolerance 2.00e-03)
Warning: max bound violation (1.2735e-02) exceeds tolerance
Best objective 2.806490770948e+03, best bound 2.806490770948e+03, gap 0.0000%
the solution is feasible and optimal
Solution time: 567.3373582363129
Done solving model.
Time used solving the model: 790.2352066040039
----------Dumping data in pickle file...done.
Dumping results in pickle file.....done.
