----------------------------
Doing the following analysis: 
FuelScen_carbontaxbase_demand_scaled_1_risk_rate_5.0
----------------------------
Reading data...
Number of scenarios:  9
Number of scenarios:  1
Reading and constructing data
Function construct_sets Took 0.0012 seconds
Function construct_network Took 0.0047 seconds
Transport demand in the base year 2018 (in MTonnes):
             product  tot_weight
0           Dry bulk       94.86
1   Container (fast)        4.07
2   Container (slow)        9.23
3  Break bulk (fast)       11.61
4  Break bulk (slow)       15.37
5           Neo bulk       19.28
Function construct_ODD Took 0.5085 seconds
Function construct_vehicles Took 0.5324 seconds
Function construct_emission_transfer Took 0.1569 seconds
Function construct_costs Took 2.3203 seconds
Function construct_time_value Took 0.0011 seconds
Function construct_investments Took 0.0090 seconds
Function construct_charging_edges Took 0.1849 seconds
Function construct_tech_readiness Took 0.0058 seconds
Function construct_path_generation Took 0.1596 seconds
Function construct_param2 Took 0.0597 seconds
Function combined_sets Took 0.4081 seconds
Function combined_sets Took 0.4444 seconds
Done reading data.
Time used reading the base data: 16.16197109222412
Solving the first time period for initialization purposes...
Function combined_sets Took 0.1555 seconds
Set parameter Username
Academic license - for non-commercial use only - expires 2025-09-27
Read LP format model from file C:\Users\sandee\Documents\Github\STraM_ntnu_development\temp\pyomo\tmpexhjep7e.pyomo.lp
Reading time = 4.47 seconds
x1: 2206927 rows, 540793 columns, 7780366 nonzeros
Set parameter FeasibilityTol to value 0.0001
Set parameter MIPGap to value 0.002
Gurobi Optimizer version 11.0.0 build v11.0.0rc2 (win64 - Windows 10.0 (19045.2))

CPU model: Intel(R) Core(TM) i7-10700 CPU @ 2.90GHz, instruction set [SSE2|AVX|AVX2]
Thread count: 8 physical cores, 16 logical processors, using up to 16 threads

Optimize a model with 2206927 rows, 540793 columns and 7780366 nonzeros
Model fingerprint: 0x6837c38b
Coefficient statistics:
  Matrix range     [6e-06, 1e+03]
  Objective range  [8e-02, 3e-01]
  Bounds range     [0e+00, 0e+00]
  RHS range        [1e-03, 9e+01]
Presolve removed 2204267 rows and 518514 columns
Presolve time: 4.03s
Presolved: 2660 rows, 23242 columns, 201160 nonzeros

Concurrent LP optimizer: primal simplex, dual simplex, and barrier
Showing barrier log only...

Ordering time: 0.02s

Barrier statistics:
 AA' NZ     : 8.445e+04
 Factor NZ  : 1.919e+05 (roughly 12 MB of memory)
 Factor Ops : 2.716e+07 (less than 1 second per iteration)
 Threads    : 6

                  Objective                Residual
Iter       Primal          Dual         Primal    Dual     Compl     Time
   0   4.26669339e+00 -5.65025000e-01  2.86e+05 0.00e+00  1.23e+00     4s
   1   1.58364137e+00 -6.13224631e-01  6.92e+04 2.27e-02  3.11e-01     4s
   2   7.68779684e-01  6.10355152e-01  1.42e+04 1.53e-02  6.79e-02     4s
   3   8.90143498e-01  7.19879713e+00  5.24e+03 3.39e-03  2.50e-02     4s
   4   5.76829141e+00  2.71087715e+01  2.91e+03 1.41e-03  1.40e-02     4s
   5   1.01437188e+01  3.02774652e+01  2.41e+03 1.14e-03  1.15e-02     4s
   6   1.49837576e+01  4.30842851e+01  2.20e+03 9.63e-04  1.05e-02     4s
   7   1.76312769e+01  4.50908366e+01  1.87e+03 8.99e-04  8.90e-03     4s
   8   1.98503156e+01  4.79925026e+01  1.64e+03 8.42e-04  7.80e-03     4s
   9   2.35697622e+01  5.63669383e+01  1.27e+03 7.32e-04  5.99e-03     4s
  10   2.46836187e+01  6.88625685e+01  1.19e+03 6.74e-04  5.66e-03     4s
  11   2.71936115e+01  7.65254396e+01  1.05e+03 6.32e-04  4.95e-03     4s
  12   3.04771617e+01  8.41799314e+01  9.48e+02 5.44e-04  4.41e-03     4s
  13   3.29425995e+01  8.50094677e+01  8.85e+02 5.23e-04  4.14e-03     4s
  14   3.97411388e+01  1.00286363e+02  7.26e+02 4.37e-04  3.31e-03     4s
  15   4.11188989e+01  1.04080259e+02  7.04e+02 4.27e-04  3.20e-03     4s
  16   4.41773121e+01  1.08368389e+02  6.62e+02 4.14e-04  3.01e-03     4s
  17   4.57624545e+01  1.12789801e+02  6.41e+02 4.00e-04  2.91e-03     4s
  18   5.21260489e+01  1.17308142e+02  5.63e+02 3.71e-04  2.52e-03     4s
  19   5.60635694e+01  1.29538097e+02  5.15e+02 3.36e-04  2.29e-03     4s
  20   5.83958833e+01  1.31951175e+02  4.91e+02 3.31e-04  2.16e-03     4s
  21   5.95836715e+01  1.36161437e+02  4.80e+02 3.21e-04  2.12e-03     4s
  22   6.53752155e+01  1.42733495e+02  4.34e+02 3.03e-04  1.89e-03     4s
  23   6.85183781e+01  1.51736081e+02  4.10e+02 2.88e-04  1.78e-03     4s
  24   7.17032239e+01  1.56857683e+02  3.89e+02 2.78e-04  1.67e-03     4s
  25   7.45374105e+01  1.59086858e+02  3.72e+02 2.69e-04  1.59e-03     4s
  26   7.88155531e+01  1.65838996e+02  3.49e+02 2.55e-04  1.48e-03     4s
  27   8.18929345e+01  1.72306655e+02  3.33e+02 2.46e-04  1.41e-03     4s
  28   8.36922969e+01  1.75388832e+02  3.25e+02 2.39e-04  1.37e-03     4s
  29   8.99291700e+01  1.83647210e+02  2.96e+02 2.19e-04  1.23e-03     4s
  30   9.16427636e+01  1.87463623e+02  2.88e+02 2.13e-04  1.20e-03     4s
  31   9.41063478e+01  1.92144958e+02  2.78e+02 2.02e-04  1.16e-03     4s
  32   9.70350192e+01  1.96339013e+02  2.67e+02 1.96e-04  1.11e-03     4s
  33   1.01538446e+02  2.06207103e+02  2.50e+02 1.82e-04  1.03e-03     4s
  34   1.04024900e+02  2.13539318e+02  2.42e+02 1.71e-04  1.00e-03     4s
  35   1.08054561e+02  2.22714841e+02  2.29e+02 1.63e-04  9.46e-04     4s
  36   1.12502630e+02  2.29404310e+02  2.17e+02 1.55e-04  8.96e-04     4s
  37   1.16324986e+02  2.37566542e+02  2.07e+02 1.48e-04  8.48e-04     4s
  38   1.19686215e+02  2.43916715e+02  2.00e+02 1.44e-04  8.10e-04     4s
  39   1.24326415e+02  2.44752323e+02  1.89e+02 1.43e-04  7.43e-04     4s
  40   1.28122147e+02  2.51615821e+02  1.82e+02 1.38e-04  7.19e-04     4s
  41   1.33079747e+02  2.60506610e+02  1.73e+02 1.33e-04  6.76e-04     4s
  42   1.35969131e+02  2.64952179e+02  1.68e+02 1.31e-04  6.48e-04     4s
  43   1.36048095e+02  2.69495647e+02  1.68e+02 1.28e-04  6.55e-04     4s
  44   1.38757148e+02  2.75717164e+02  1.64e+02 1.26e-04  6.26e-04     4s
  45   1.40150351e+02  2.83598284e+02  1.61e+02 1.23e-04  6.07e-04     4s
  46   1.43589420e+02  2.91514740e+02  1.56e+02 1.21e-04  5.76e-04     4s
  47   1.45746092e+02  2.98905011e+02  1.54e+02 1.19e-04  5.66e-04     4s
  48   1.48866129e+02  3.05133015e+02  1.50e+02 1.18e-04  5.41e-04     4s
  49   1.51897925e+02  3.05640467e+02  1.46e+02 1.16e-04  5.24e-04     4s
  50   1.53435164e+02  3.14412536e+02  1.45e+02 1.13e-04  5.21e-04     4s
  51   1.58469740e+02  3.17827213e+02  1.40e+02 1.12e-04  4.97e-04     4s
  52   1.62695871e+02  3.23500553e+02  1.36e+02 1.08e-04  4.80e-04     5s
  53   1.65610873e+02  3.28377344e+02  1.33e+02 1.06e-04  4.72e-04     5s
  54   1.69509935e+02  3.32022773e+02  1.30e+02 1.04e-04  4.59e-04     5s
  55   1.71401430e+02  3.37258550e+02  1.28e+02 1.02e-04  4.53e-04     5s
  56   1.73101707e+02  3.39594248e+02  1.27e+02 1.01e-04  4.48e-04     5s
  57   1.76225728e+02  3.40751552e+02  1.24e+02 1.01e-04  4.34e-04     5s
  58   1.77572485e+02  3.47337722e+02  1.23e+02 9.91e-05  4.32e-04     5s
  59   1.80501025e+02  3.50601872e+02  1.21e+02 9.75e-05  4.25e-04     5s
  60   1.83841991e+02  3.55780037e+02  1.18e+02 9.59e-05  4.14e-04     5s
  61   1.86709935e+02  3.61444194e+02  1.16e+02 9.46e-05  4.09e-04     5s
  62   1.88938760e+02  3.68001763e+02  1.15e+02 9.30e-05  4.03e-04     5s
  63   1.91551180e+02  3.74733811e+02  1.13e+02 9.13e-05  3.97e-04     5s
  64   1.93660820e+02  3.79202855e+02  1.11e+02 9.03e-05  3.93e-04     5s
  65   1.96410665e+02  3.83735151e+02  1.10e+02 8.90e-05  3.86e-04     5s
  66   1.99699997e+02  3.87379655e+02  1.08e+02 8.77e-05  3.78e-04     5s
  67   2.02254008e+02  3.91001848e+02  1.06e+02 8.65e-05  3.72e-04     5s
  68   2.03035124e+02  3.94250272e+02  1.06e+02 8.56e-05  3.72e-04     5s
  69   2.05127859e+02  3.99182861e+02  1.04e+02 8.43e-05  3.68e-04     5s
  70   2.08440438e+02  4.02005802e+02  1.02e+02 8.34e-05  3.60e-04     5s
  71   2.10752248e+02  4.05175441e+02  1.01e+02 8.26e-05  3.55e-04     5s
  72   2.12676010e+02  4.08443433e+02  1.00e+02 8.10e-05  3.55e-04     5s
  73   2.16043568e+02  4.13058959e+02  9.83e+01 7.83e-05  3.51e-04     5s
  74   2.23309129e+02  4.13713768e+02  9.45e+01 7.69e-05  3.35e-04     5s
  75   2.25972610e+02  4.20044973e+02  9.31e+01 7.51e-05  3.29e-04     5s
  76   2.30077721e+02  4.24886727e+02  9.11e+01 7.32e-05  3.21e-04     5s
  77   2.33532890e+02  4.27392748e+02  8.94e+01 7.18e-05  3.15e-04     5s
  78   2.37306674e+02  4.30534445e+02  8.76e+01 7.06e-05  3.09e-04     5s
  79   2.40447874e+02  4.34368933e+02  8.61e+01 6.96e-05  3.05e-04     5s
  80   2.43371157e+02  4.37230557e+02  8.48e+01 6.85e-05  3.00e-04     5s
  81   2.45049277e+02  4.40104702e+02  8.40e+01 6.79e-05  2.98e-04     5s
  82   2.47882298e+02  4.43154451e+02  8.27e+01 6.70e-05  2.92e-04     5s
  83   2.48725043e+02  4.46019994e+02  8.23e+01 6.63e-05  2.92e-04     5s
  84   2.51265833e+02  4.51445364e+02  8.12e+01 6.52e-05  2.91e-04     5s

Barrier performed 84 iterations in 4.80 seconds (5.62 work units)
Barrier solve interrupted - model solved by another algorithm


Solved with primal simplex
Iteration    Objective       Primal Inf.    Dual Inf.      Time
   13037    5.2542427e+02   9.000000e-04   1.628436e+08      6s
Extra simplex iterations after uncrush: 3
   13043    5.2542449e+02   0.000000e+00   0.000000e+00      7s

Solved in 13043 iterations and 6.98 seconds (9.93 work units)
Optimal objective  5.254244923e+02
the solution is feasible and optimal
Solution time: 14.55384635925293
Function combined_sets Took 0.4106 seconds
-----
Constructing full SP model...
Done constructing model.
Time used constructing the model: 87.99347043037415
----------
Solving model...
Set parameter Username
Academic license - for non-commercial use only - expires 2025-09-27
Read LP format model from file C:\Users\sandee\Documents\Github\STraM_ntnu_development\temp\pyomo\tmpvotryp2n.pyomo.lp
Reading time = 14.22 seconds
x1: 4554352 rows, 1834336 columns, 25949476 nonzeros
Set parameter FeasibilityTol to value 0.01
Set parameter MIPGap to value 0.002
Gurobi Optimizer version 11.0.0 build v11.0.0rc2 (win64 - Windows 10.0 (19045.2))

CPU model: Intel(R) Core(TM) i7-10700 CPU @ 2.90GHz, instruction set [SSE2|AVX|AVX2]
Thread count: 8 physical cores, 16 logical processors, using up to 16 threads

Optimize a model with 4554352 rows, 1834336 columns and 25949476 nonzeros
Model fingerprint: 0x9689cd36
Variable types: 1834030 continuous, 306 integer (306 binary)
Coefficient statistics:
  Matrix range     [6e-06, 1e+03]
  Objective range  [8e-02, 3e-01]
  Bounds range     [1e+00, 6e+04]
  RHS range        [1e-03, 9e+01]
Presolve removed 4353589 rows and 1030994 columns (presolve time = 5s) ...
Presolve removed 4353661 rows and 1037449 columns
Presolve time: 7.41s
Presolved: 200691 rows, 796887 columns, 16339455 nonzeros
Variable types: 796853 continuous, 34 integer (34 binary)
Deterministic concurrent LP optimizer: primal simplex, dual simplex, and barrier
Showing barrier log only...

Root barrier log...

Ordering time: 1.39s

Barrier statistics:
 AA' NZ     : 4.448e+06
 Factor NZ  : 1.152e+07 (roughly 400 MB of memory)
 Factor Ops : 2.813e+09 (less than 1 second per iteration)
 Threads    : 5

                  Objective                Residual
Iter       Primal          Dual         Primal    Dual     Compl     Time
   0   7.70058291e+12 -1.26802258e+13  9.36e+10 7.47e+01  1.59e+09    50s
   1   5.45538796e+12 -1.20575374e+13  6.54e+10 1.94e+02  1.12e+09    51s
   2   1.86091163e+12 -9.23316550e+12  2.16e+10 1.33e+02  3.91e+08    52s
   3   4.12648220e+11 -2.62364920e+12  3.90e+09 7.81e+00  7.65e+07    53s
   4   1.09281864e+11 -6.18495180e+11  3.58e+08 7.98e-01  8.13e+06    54s
   5   5.23606912e+10 -2.91840641e+11  1.22e+08 3.39e-01  2.94e+06    55s
   6   3.03255128e+10 -9.35444089e+10  5.97e+07 7.65e-02  1.39e+06    55s
   7   1.37651623e+10 -4.16271854e+10  2.24e+07 1.51e-02  5.35e+05    56s
   8   1.07407556e+10 -2.77337573e+10  1.70e+07 3.52e-03  3.98e+05    57s
   9   9.23738599e+09 -2.03062639e+10  1.43e+07 1.92e-03  3.36e+05    58s
  10   8.84051261e+09 -1.96937767e+10  1.37e+07 1.80e-03  3.21e+05    59s
  11   8.16772549e+09 -1.89039188e+10  1.25e+07 1.58e-03  2.94e+05    60s
  12   6.65309177e+09 -1.84300222e+10  9.95e+06 1.43e-03  2.36e+05    61s
  13   4.15496473e+09 -1.10325621e+10  6.00e+06 2.15e-04  1.39e+05    62s
  14   2.08519994e+09 -3.84600601e+09  2.79e+06 6.69e-10  6.38e+04    63s
  15   1.10329572e+09 -1.81672258e+09  1.43e+06 1.27e-11  3.22e+04    64s
  16   4.99212209e+08 -1.05312409e+09  6.12e+05 1.50e-11  1.44e+04    64s
  17   2.25306175e+08 -1.01515270e+09  2.75e+05 1.46e-11  6.82e+03    65s
  18   1.19346305e+08 -6.97142751e+08  1.44e+05 1.46e-11  3.62e+03    66s
  19   4.72679697e+07 -4.04288208e+08  5.24e+04 4.00e-10  1.37e+03    67s
  20   1.86950467e+07 -1.88946340e+08  1.89e+04 2.18e-10  4.94e+02    67s
  21   9.59132849e+06 -8.13814032e+07  9.28e+03 1.38e-10  2.17e+02    68s
  22   4.00015914e+06 -3.62781186e+07  3.68e+03 1.55e-11  8.40e+01    69s
  23   1.75313819e+06 -1.63944234e+07  1.52e+03 9.55e-12  3.42e+01    70s
  24   9.50693365e+05 -1.28827260e+07  7.99e+02 1.88e-12  2.07e+01    70s
  25   6.80279415e+05 -9.28634940e+06  5.65e+02 1.06e-12  1.46e+01    72s
  26   4.30383329e+05 -6.95316726e+06  3.47e+02 1.37e-12  9.73e+00    73s
  27   2.52882288e+05 -4.70691741e+06  1.97e+02 1.82e-12  5.96e+00    73s
  28   1.58813919e+05 -3.54014713e+06  1.21e+02 1.59e-12  4.05e+00    74s
  29   1.20769122e+05 -2.93999749e+06  8.94e+01 1.35e-12  3.19e+00    75s
  30   9.42797118e+04 -2.65620092e+06  6.86e+01 1.13e-12  2.70e+00    76s
  31   7.21053569e+04 -2.02830548e+06  5.11e+01 1.73e-12  2.02e+00    77s
  32   6.24251432e+04 -1.80993477e+06  4.33e+01 3.83e-12  1.77e+00    78s
  33   5.31103325e+04 -1.67585618e+06  3.61e+01 2.88e-12  1.58e+00    79s
  34   4.83221160e+04 -1.44800556e+06  3.23e+01 1.82e-12  1.37e+00    80s
  35   3.90880293e+04 -1.36482994e+06  2.52e+01 2.85e-12  1.22e+00    81s
  36   3.29927816e+04 -1.14928642e+06  2.03e+01 2.54e-12  1.01e+00    82s
  37   2.90584791e+04 -8.53995642e+05  1.72e+01 2.22e-12  7.62e-01    83s
  38   2.01078537e+04 -7.36119642e+05  1.04e+01 1.72e-12  6.05e-01    85s
  39   1.79141317e+04 -5.60433718e+05  8.66e+00 2.19e-12  4.63e-01    86s
  40   1.49987571e+04 -4.56124825e+05  6.43e+00 1.85e-12  3.67e-01    87s
  41   1.32498090e+04 -3.95168608e+05  5.16e+00 2.53e-12  3.13e-01    88s
  42   1.25949465e+04 -3.54592861e+05  4.69e+00 1.35e-12  2.80e-01    89s
  43   1.13204973e+04 -3.21731465e+05  3.77e+00 4.10e-12  2.49e-01    90s
  44   1.05439309e+04 -2.71621842e+05  3.21e+00 5.38e-12  2.10e-01    92s
  45   1.03089593e+04 -2.51227835e+05  3.04e+00 2.13e-12  1.94e-01    93s
  46   1.00605877e+04 -2.48775869e+05  2.87e+00 2.50e-12  1.91e-01    93s
  47   8.95716453e+03 -2.14159228e+05  2.09e+00 3.08e-12  1.61e-01    95s
  48   8.57198618e+03 -1.86998642e+05  1.81e+00 1.54e-12  1.41e-01    96s
  49   8.23114202e+03 -1.56249741e+05  1.57e+00 3.18e-12  1.18e-01    97s
  50   7.67273877e+03 -1.30864685e+05  1.22e+00 2.18e-12  9.81e-02    98s
  51   7.09897225e+03 -1.15320699e+05  8.76e-01 1.97e-12  8.54e-02   100s
  52   6.61949074e+03 -9.23337687e+04  6.24e-01 2.38e-12  6.82e-02   101s
  53   6.15887244e+03 -6.35451624e+04  4.18e-01 1.54e-12  4.76e-02   102s
  54   5.58049762e+03 -4.41894935e+04  2.23e-01 1.28e-12  3.36e-02   103s
  55   5.33201847e+03 -3.23375275e+04  1.74e-01 1.11e-12  2.54e-02   105s
  56   5.18962939e+03 -2.68718120e+04  1.52e-01 8.45e-13  2.16e-02   106s
  57   5.07010549e+03 -2.22443591e+04  1.36e-01 7.64e-13  1.84e-02   107s
  58   4.78768015e+03 -1.79939778e+04  9.68e-02 4.91e-13  1.53e-02   108s
  59   4.55343659e+03 -1.37565569e+04  6.96e-02 6.59e-13  1.23e-02   109s
  60   4.23982355e+03 -9.83543430e+03  4.62e-02 3.89e-13  9.40e-03   110s
  61   4.14622862e+03 -7.84019043e+03  4.04e-02 3.72e-13  8.00e-03   111s
  62   3.88767774e+03 -6.55005477e+03  2.63e-02 2.66e-13  6.96e-03   113s

Barrier performed 62 iterations in 113.14 seconds (80.83 work units)
Barrier solve interrupted - model solved by another algorithm

Concurrent spin time: 0.10s

Solved with dual simplex

Root simplex log...

Iteration    Objective       Primal Inf.    Dual Inf.      Time
   97126    2.0665275e+03   0.000000e+00   4.119689e+00    115s
   98521    2.0666233e+03   0.000000e+00   0.000000e+00    117s
Extra simplex iterations after uncrush: 5101

Root relaxation: objective 2.066623e+03, 98521 iterations, 77.60 seconds (35.33 work units)

    Nodes    |    Current Node    |     Objective Bounds      |     Work
 Expl Unexpl |  Obj  Depth IntInf | Incumbent    BestBd   Gap | It/Node Time

     0     0 2066.62326    0    3          - 2066.62326      -     -  117s
H    0     0                    2066.6346189 2066.62326  0.00%     -  119s

Explored 1 nodes (98521 simplex iterations) in 120.91 seconds (81.02 work units)
Thread count was 16 (of 16 available processors)

Solution count 2: 2066.63 2066.63 

Optimal solution found (tolerance 2.00e-03)
Warning: max constraint violation (8.6949e-02) exceeds tolerance
Warning: max bound violation (7.9709e-02) exceeds tolerance
Best objective 2.066634618936e+03, best bound 2.066634618936e+03, gap 0.0000%
the solution is feasible and optimal
Solution time: 142.26001524925232
Done solving model.
Time used solving the model: 222.91533994674683
----------Dumping data in pickle file...done.
Dumping results in pickle file.....done.
objective function value:  2066.6346189364476
objective function value normalized (Billion EURO):  206.66
                         2023                                            \
                           OO     OB     OP     BO     BB     BP     PO   
LCOT                    4.278  4.278  4.278  4.278  4.278  4.278  4.278   
LCOT (Empty Trips)      1.222  1.222  1.222  1.222  1.222  1.222  1.222   
Emission                0.395  0.395  0.395  0.395  0.395  0.395  0.395   
Emission (Empty Trips)  0.175  0.175  0.175  0.175  0.175  0.175  0.175   
CO2_Penalty             0.000  0.000  0.000  0.000  0.000  0.000  0.000   
Time value              1.346  1.346  1.346  1.346  1.346  1.346  1.346   
Transfer                2.075  2.075  2.075  2.075  2.075  2.075  2.075   
RailTrack               0.116  0.116  0.116  0.116  0.116  0.116  0.116   
Terminal                0.022  0.022  0.022  0.022  0.022  0.022  0.022   
RailElectr.             0.000  0.000  0.000  0.000  0.000  0.000  0.000   
Charging                0.000  0.000  0.000  0.000  0.000  0.000  0.000   
H2_Filling              0.000  0.000  0.000  0.000  0.000  0.000  0.000   

                                       2028                              \
                           PB     PP     OO     OB     OP     BO     BB   
LCOT                    4.278  4.278  4.771  4.771  4.771  4.771  4.771   
LCOT (Empty Trips)      1.222  1.222  1.065  1.065  1.065  1.065  1.065   
Emission                0.395  0.395  0.903  0.903  0.903  0.903  0.903   
Emission (Empty Trips)  0.175  0.175  0.248  0.248  0.248  0.248  0.248   
CO2_Penalty             0.000  0.000  0.000  0.000  0.000  0.000  0.000   
Time value              1.346  1.346  1.633  1.633  1.633  1.633  1.633   
Transfer                2.075  2.075  2.634  2.634  2.634  2.634  2.634   
RailTrack               0.116  0.116  0.000  0.000  0.000  0.000  0.000   
Terminal                0.022  0.022  0.030  0.030  0.030  0.030  0.030   
RailElectr.             0.000  0.000  0.000  0.000  0.000  0.000  0.000   
Charging                0.000  0.000  0.007  0.007  0.007  0.007  0.007   
H2_Filling              0.000  0.000 -0.000 -0.000 -0.000 -0.000 -0.000   

                                                     2034                \
                           BP     PO     PB     PP     OO     OB     OP   
LCOT                    4.771  4.771  4.771  4.771  5.036  4.890  4.901   
LCOT (Empty Trips)      1.065  1.065  1.065  1.065  1.070  1.048  1.052   
Emission                0.903  0.903  0.903  0.903  0.937  1.093  1.096   
Emission (Empty Trips)  0.248  0.248  0.248  0.248  0.272  0.297  0.298   
CO2_Penalty             0.000  0.000  0.000  0.000  0.000  0.000  0.000   
Time value              1.633  1.633  1.633  1.633  1.932  1.932  1.932   
Transfer                2.634  2.634  2.634  2.634  3.111  3.108  3.107   
RailTrack               0.000  0.000  0.000  0.000  0.000  0.000  0.000   
Terminal                0.030  0.030  0.030  0.030  0.000  0.000  0.000   
RailElectr.             0.000  0.000  0.000  0.000  0.000  0.000  0.000   
Charging                0.007  0.007  0.007  0.007  0.054  0.015  0.015   
H2_Filling             -0.000 -0.000 -0.000 -0.000  0.000  0.000  0.000   

                                                                   2040  \
                           BO     BB     BP     PO     PB     PP     OO   
LCOT                    5.631  5.693  5.503  5.747  5.808  5.900  5.293   
LCOT (Empty Trips)      1.296  1.209  1.218  1.334  1.348  1.261  1.117   
Emission                0.672  0.671  0.864  0.669  0.671  0.672  0.733   
Emission (Empty Trips)  0.133  0.233  0.232  0.116  0.132  0.233  0.222   
CO2_Penalty             0.000  0.000  0.000  0.000  0.000  0.000  0.000   
Time value              1.931  1.930  1.931  1.931  1.930  1.930  2.038   
Transfer                3.111  3.112  3.110  3.110  3.111  3.114  3.023   
RailTrack               0.000  0.000  0.000  0.000  0.000  0.000  0.000   
Terminal                0.000  0.000  0.000  0.000  0.000  0.000  0.001   
RailElectr.             0.000  0.000  0.000  0.000  0.000  0.000  0.000   
Charging                0.078  0.078  0.078  0.078  0.078  0.078  0.154   
H2_Filling              0.000  0.000  0.000  0.000  0.000  0.000  0.002   

                                                                         \
                           OB     OP     BO     BB     BP     PO     PB   
LCOT                    5.246  5.283  5.949  6.074  5.829  6.038  6.170   
LCOT (Empty Trips)      1.121  1.130  1.405  1.263  1.239  1.403  1.462   
Emission                0.817  0.817  0.355  0.359  0.677  0.355  0.355   
Emission (Empty Trips)  0.222  0.222  0.004  0.203  0.222  0.004  0.004   
CO2_Penalty             0.000  0.000  0.000  0.000  0.000  0.000  0.000   
Time value              2.040  2.041  2.040  2.040  2.041  2.040  2.041   
Transfer                3.015  3.008  3.007  3.009  3.012  3.008  3.008   
RailTrack               0.000  0.000  0.000  0.000  0.000  0.000  0.000   
Terminal                0.000  0.001  0.001  0.001  0.000  0.000  0.000   
RailElectr.             0.000  0.000  0.000  0.000  0.000  0.000  0.000   
Charging                0.154  0.154  0.155  0.155  0.154  0.155  0.155   
H2_Filling              0.000  0.000  0.002  0.002  0.002  0.002  0.002   

                                2050                                     \
                           PP     OO     OB     OP     BO     BB     BP   
LCOT                    6.325  6.214  6.112  6.134  6.591  6.827  6.797   
LCOT (Empty Trips)      1.313  1.409  1.259  1.254  1.435  1.481  1.534   
Emission                0.361  0.433  0.745  0.776  0.055  0.056  0.375   
Emission (Empty Trips)  0.204  0.030  0.220  0.235  0.000  0.000  0.000   
CO2_Penalty             0.000  0.000  0.000  0.000  0.000  0.000  0.000   
Time value              2.041  2.416  2.408  2.407  2.412  2.406  2.407   
Transfer                3.009  3.308  3.251  3.248  3.248  3.248  3.248   
RailTrack               0.000  0.000  0.000  0.000  0.000  0.000  0.000   
Terminal                0.000  0.000  0.000  0.000  0.000  0.000  0.000   
RailElectr.             0.000  0.000  0.000  0.000  0.000  0.000  0.000   
Charging                0.154  0.157  0.158  0.158  0.158  0.158  0.158   
H2_Filling              0.002  0.002  0.002  0.002  0.002  0.002  0.002   

                                              2023        2028                \
                           PO     PB     PP   mean  std   mean           std   
LCOT                    6.604  6.843  7.043  4.278  0.0  4.771  0.000000e+00   
LCOT (Empty Trips)      1.436  1.481  1.535  1.222  0.0  1.065  0.000000e+00   
Emission                0.055  0.055  0.056  0.395  0.0  0.903  0.000000e+00   
Emission (Empty Trips)  0.000  0.000  0.000  0.175  0.0  0.248  2.943923e-17   
CO2_Penalty             0.000  0.000  0.000  0.000  0.0  0.000  0.000000e+00   
Time value              2.412  2.406  2.406  1.346  0.0  1.633  0.000000e+00   
Transfer                3.250  3.249  3.247  2.075  0.0  2.634  0.000000e+00   
RailTrack               0.000  0.000  0.000  0.116  0.0  0.000  0.000000e+00   
Terminal                0.000  0.000  0.000  0.022  0.0  0.030  3.679904e-18   
RailElectr.             0.000  0.000  0.000  0.000  0.0  0.000  0.000000e+00   
Charging                0.158  0.158  0.158  0.000  0.0  0.007  0.000000e+00   
H2_Filling              0.002  0.002  0.002  0.000  0.0  0.000  0.000000e+00   

                            2034                2040                2050  \
                            mean       std      mean       std      mean   
LCOT                    5.456556  0.403036  5.800778  0.418111  6.573889   
LCOT (Empty Trips)      1.204000  0.119878  1.272556  0.132659  1.424889   
Emission                0.816111  0.186147  0.536556  0.217039  0.289556   
Emission (Empty Trips)  0.216222  0.071763  0.145222  0.106186  0.053889   
CO2_Penalty             0.000000  0.000000  0.000000  0.000000  0.000000   
Time value              1.931000  0.000866  2.040222  0.000972  2.408889   
Transfer                3.110444  0.002068  3.011000  0.005148  3.255222   
RailTrack               0.000000  0.000000  0.000000  0.000000  0.000000   
Terminal                0.000000  0.000000  0.000444  0.000527  0.000000   
RailElectr.             0.000000  0.000000  0.000000  0.000000  0.000000   
Charging                0.061333  0.027418  0.154444  0.000527  0.157889   
H2_Filling              0.000000  0.000000  0.001556  0.000882  0.002000   

                                  
                             std  
LCOT                    0.343492  
LCOT (Empty Trips)      0.104599  
Emission                0.305385  
Emission (Empty Trips)  0.098988  
CO2_Penalty             0.000000  
Time value              0.003586  
Transfer                0.019829  
RailTrack               0.000000  
Terminal                0.000000  
RailElectr.             0.000000  
Charging                0.000333  
H2_Filling              0.000000  
                       2023     2028      2034      2040      2050     
                       mean std mean  std mean  std mean  std mean  std
LCOT                    4.3   0  4.8    0  5.5  0.4  5.8 0.42  6.6 0.34
LCOT (Empty Trips)      1.2   0  1.1    0  1.2 0.12  1.3 0.13  1.4  0.1
Emission                0.4   0  0.9    0 0.82 0.19 0.54 0.22 0.29 0.31
Emission (Empty Trips) 0.18   0 0.25    0 0.22 0.07 0.15 0.11 0.05  0.1
CO2_Penalty               0   0    0    0    0    0    0    0    0    0
Time value              1.4   0  1.6    0  1.9    0    2    0  2.4    0
Transfer                2.1   0  2.6    0  3.1    0    3 0.01  3.3 0.02
RailTrack              0.12   0    0    0    0    0    0    0    0    0
Terminal               0.02   0 0.03    0    0    0    0    0    0    0
RailElectr.               0   0    0    0    0    0    0    0    0    0
Charging                  0   0 0.01    0 0.06 0.03 0.15    0 0.16    0
H2_Filling                0   0    0    0    0    0    0    0    0    0
discount_factor           1   1 0.78 0.78 0.58 0.58 0.44 0.44 0.27 0.27
emissions (MTonnes CO2 eq.):
             AvgEmission  Std  AvgEmission_perc  Std_perc
time_period                                              
2023                 7.2    0             1e+02         0
2028                 6.6    0                91         0
2034                 4.9  1.2                68        17
2040                 3.2  1.5                45        21
2050                 1.6  1.9                22        26
----------------
Average transport work in GTONNES*km:
    mode            product time_period TransportArbeid
0   Rail           Dry bulk        2023             9.5
1   Rail           Neo bulk        2023          0.0011
2   Road  Break bulk (fast)        2023             5.5
3   Road  Break bulk (slow)        2023             5.7
4   Road   Container (fast)        2023               2
5   Road   Container (slow)        2023             2.7
6   Road           Dry bulk        2023            0.56
7   Road           Neo bulk        2023              12
8    Sea  Break bulk (fast)        2023           0.091
9    Sea  Break bulk (slow)        2023             1.1
10   Sea   Container (fast)        2023             0.1
11   Sea   Container (slow)        2023             1.1
12   Sea           Dry bulk        2023              97
13   Sea           Neo bulk        2023            0.26

