----------------------------
Doing the following analysis: 
FuelScen_carbontaxbase_demand_scaled_1_risk_rate_7.0
----------------------------
Reading data...
Number of scenarios:  9
Number of scenarios:  1
Reading and constructing data
Function construct_sets Took 0.0014 seconds
Function construct_network Took 0.0057 seconds
Transport demand in the base year 2018 (in MTonnes):
             product  tot_weight
0           Dry bulk       94.86
1   Container (fast)        4.07
2   Container (slow)        9.23
3  Break bulk (fast)       11.61
4  Break bulk (slow)       15.37
5           Neo bulk       19.28
Function construct_ODD Took 0.5281 seconds
Function construct_vehicles Took 0.5227 seconds
Function construct_emission_transfer Took 0.1495 seconds
Function construct_costs Took 2.2560 seconds
Function construct_time_value Took 0.0011 seconds
Function construct_investments Took 0.0088 seconds
Function construct_charging_edges Took 0.1838 seconds
Function construct_tech_readiness Took 0.0057 seconds
Function construct_path_generation Took 0.1665 seconds
Function construct_param2 Took 0.0604 seconds
Function combined_sets Took 0.4281 seconds
Function combined_sets Took 0.4384 seconds
Done reading data.
Time used reading the base data: 16.45456600189209
Solving the first time period for initialization purposes...
Function combined_sets Took 0.1657 seconds
Set parameter Username
Academic license - for non-commercial use only - expires 2025-09-27
Read LP format model from file C:\Users\sandee\Documents\Github\STraM_ntnu_development\temp\pyomo\tmp5l1u9h4k.pyomo.lp
Reading time = 4.93 seconds
x1: 2206927 rows, 540793 columns, 7780366 nonzeros
Set parameter FeasibilityTol to value 0.0001
Set parameter MIPGap to value 0.002
Gurobi Optimizer version 11.0.0 build v11.0.0rc2 (win64 - Windows 10.0 (19045.2))

CPU model: Intel(R) Core(TM) i7-10700 CPU @ 2.90GHz, instruction set [SSE2|AVX|AVX2]
Thread count: 8 physical cores, 16 logical processors, using up to 16 threads

Optimize a model with 2206927 rows, 540793 columns and 7780366 nonzeros
Model fingerprint: 0x25e0039a
Coefficient statistics:
  Matrix range     [6e-06, 1e+03]
  Objective range  [8e-02, 3e-01]
  Bounds range     [0e+00, 0e+00]
  RHS range        [1e-03, 9e+01]
Presolve removed 2204267 rows and 518514 columns
Presolve time: 4.59s
Presolved: 2660 rows, 23242 columns, 201160 nonzeros

Concurrent LP optimizer: primal simplex, dual simplex, and barrier
Showing barrier log only...

Ordering time: 0.03s

Barrier statistics:
 AA' NZ     : 8.445e+04
 Factor NZ  : 1.880e+05 (roughly 12 MB of memory)
 Factor Ops : 2.580e+07 (less than 1 second per iteration)
 Threads    : 6

                  Objective                Residual
Iter       Primal          Dual         Primal    Dual     Compl     Time
   0   4.26660179e+00 -5.65025000e-01  2.86e+05 0.00e+00  1.23e+00     5s
   1   1.60744784e+00 -6.13184645e-01  6.92e+04 2.27e-02  3.11e-01     5s
   2   8.01560817e-01  6.09706801e-01  1.41e+04 1.53e-02  6.79e-02     5s
   3   9.78472495e-01  7.17961661e+00  5.22e+03 3.31e-03  2.49e-02     5s
   4   7.49035857e+00  2.67139558e+01  2.84e+03 9.40e-04  1.35e-02     5s
   5   8.87209322e+00  3.64275208e+01  2.33e+03 8.95e-04  1.10e-02     5s
   6   1.32596544e+01  3.88981921e+01  1.77e+03 8.32e-04  8.41e-03     5s
   7   1.72971432e+01  4.61147297e+01  1.53e+03 7.53e-04  7.27e-03     5s
   8   2.08883655e+01  5.59093707e+01  1.30e+03 6.45e-04  6.23e-03     5s
   9   2.50324186e+01  7.28781148e+01  1.11e+03 5.05e-04  5.26e-03     5s
  10   2.98325315e+01  7.98565706e+01  9.30e+02 4.65e-04  4.39e-03     5s
  11   3.66442421e+01  9.00962449e+01  7.64e+02 4.04e-04  3.56e-03     5s
  12   3.86187811e+01  9.69830194e+01  7.24e+02 3.81e-04  3.36e-03     5s
  13   4.02065600e+01  1.00185951e+02  7.00e+02 3.73e-04  3.25e-03     5s
  14   4.33477956e+01  1.07192602e+02  6.52e+02 3.49e-04  3.01e-03     5s
  15   4.72717687e+01  1.08993796e+02  6.00e+02 3.37e-04  2.75e-03     5s
  16   5.35967119e+01  1.21420285e+02  5.20e+02 2.93e-04  2.34e-03     5s
  17   5.55521268e+01  1.23542383e+02  4.98e+02 2.91e-04  2.23e-03     5s
  18   5.77537968e+01  1.28898614e+02  4.77e+02 2.83e-04  2.12e-03     5s
  19   6.13617586e+01  1.35327988e+02  4.45e+02 2.71e-04  1.97e-03     5s
  20   6.53775673e+01  1.47121948e+02  4.13e+02 2.49e-04  1.81e-03     5s
  21   6.88786165e+01  1.51952262e+02  3.89e+02 2.40e-04  1.68e-03     5s
  22   7.47798558e+01  1.57708232e+02  3.55e+02 2.27e-04  1.52e-03     5s
  23   7.78332445e+01  1.63790062e+02  3.38e+02 2.17e-04  1.44e-03     5s
  24   7.99912839e+01  1.67663501e+02  3.27e+02 2.13e-04  1.38e-03     5s
  25   8.11268239e+01  1.68706590e+02  3.21e+02 2.10e-04  1.36e-03     5s
  26   8.26364729e+01  1.69490293e+02  3.14e+02 2.08e-04  1.32e-03     5s
  27   8.63142382e+01  1.77059405e+02  2.97e+02 1.94e-04  1.25e-03     5s
  28   8.94307665e+01  1.80949727e+02  2.83e+02 1.89e-04  1.18e-03     5s
  29   9.46392727e+01  1.87809812e+02  2.62e+02 1.77e-04  1.07e-03     5s
  30   9.86951415e+01  1.97766848e+02  2.46e+02 1.66e-04  1.00e-03     5s
  31   1.02874239e+02  2.03053530e+02  2.32e+02 1.60e-04  9.34e-04     5s
  32   1.04722936e+02  2.08027136e+02  2.27e+02 1.56e-04  9.10e-04     5s
  33   1.10092691e+02  2.20492707e+02  2.11e+02 1.46e-04  8.37e-04     5s
  34   1.13696701e+02  2.26760182e+02  2.02e+02 1.42e-04  7.85e-04     5s
  35   1.17420358e+02  2.34429525e+02  1.93e+02 1.38e-04  7.44e-04     5s
  36   1.20406342e+02  2.41910321e+02  1.87e+02 1.32e-04  7.24e-04     5s
  37   1.23416136e+02  2.48447164e+02  1.81e+02 1.26e-04  7.03e-04     5s
  38   1.27344455e+02  2.52154649e+02  1.74e+02 1.24e-04  6.58e-04     5s
  39   1.31213079e+02  2.61616731e+02  1.67e+02 1.20e-04  6.25e-04     5s
  40   1.33424138e+02  2.71822441e+02  1.63e+02 1.17e-04  6.20e-04     5s
  41   1.36087308e+02  2.78966979e+02  1.59e+02 1.15e-04  5.96e-04     5s
  42   1.37911922e+02  2.86620157e+02  1.57e+02 1.13e-04  5.78e-04     5s
  43   1.40211562e+02  2.90873805e+02  1.53e+02 1.12e-04  5.57e-04     5s
  44   1.40498147e+02  2.94165682e+02  1.53e+02 1.11e-04  5.60e-04     5s
  45   1.46806388e+02  3.00244577e+02  1.45e+02 1.09e-04  5.08e-04     5s
  46   1.50139755e+02  3.02834615e+02  1.42e+02 1.08e-04  4.93e-04     5s
  47   1.52550771e+02  3.03928110e+02  1.40e+02 1.07e-04  4.85e-04     5s
  48   1.54710745e+02  3.11272003e+02  1.38e+02 1.04e-04  4.78e-04     5s
  49   1.56176555e+02  3.13844188e+02  1.36e+02 1.02e-04  4.74e-04     5s
  50   1.59825520e+02  3.17284854e+02  1.33e+02 1.00e-04  4.64e-04     5s
  51   1.61558748e+02  3.22877841e+02  1.31e+02 9.74e-05  4.61e-04     5s
  52   1.63607429e+02  3.27119461e+02  1.30e+02 9.56e-05  4.55e-04     5s
  53   1.66587120e+02  3.30408588e+02  1.27e+02 9.45e-05  4.42e-04     5s
  54   1.70029536e+02  3.35110987e+02  1.24e+02 9.28e-05  4.33e-04     5s
  55   1.71891408e+02  3.37998405e+02  1.23e+02 9.22e-05  4.35e-04     5s
  56   1.74761314e+02  3.45217874e+02  1.21e+02 8.93e-05  4.31e-04     5s
  57   1.80024128e+02  3.48453650e+02  1.17e+02 8.81e-05  4.15e-04     5s
  58   1.82559350e+02  3.55686730e+02  1.15e+02 8.61e-05  4.08e-04     5s
  59   1.84954444e+02  3.64867605e+02  1.13e+02 8.43e-05  4.07e-04     5s
  60   1.87123811e+02  3.67821549e+02  1.11e+02 8.35e-05  4.00e-04     5s

Barrier performed 60 iterations in 5.46 seconds (5.45 work units)
Barrier solve interrupted - model solved by another algorithm


Solved with dual simplex
Extra simplex iterations after uncrush: 3
Iteration    Objective       Primal Inf.    Dual Inf.      Time
    6041    5.0707939e+02   0.000000e+00   0.000000e+00      7s

Solved in 6041 iterations and 7.01 seconds (7.99 work units)
Optimal objective  5.070793899e+02
the solution is feasible and optimal
Solution time: 15.306867122650146
Function combined_sets Took 0.4267 seconds
-----
Constructing full SP model...
Done constructing model.
Time used constructing the model: 91.40229201316833
----------
Solving model...
Set parameter Username
Academic license - for non-commercial use only - expires 2025-09-27
Read LP format model from file C:\Users\sandee\Documents\Github\STraM_ntnu_development\temp\pyomo\tmpooquxvkg.pyomo.lp
Reading time = 14.64 seconds
x1: 4554352 rows, 1834336 columns, 25949476 nonzeros
Set parameter FeasibilityTol to value 0.01
Set parameter MIPGap to value 0.002
Gurobi Optimizer version 11.0.0 build v11.0.0rc2 (win64 - Windows 10.0 (19045.2))

CPU model: Intel(R) Core(TM) i7-10700 CPU @ 2.90GHz, instruction set [SSE2|AVX|AVX2]
Thread count: 8 physical cores, 16 logical processors, using up to 16 threads

Optimize a model with 4554352 rows, 1834336 columns and 25949476 nonzeros
Model fingerprint: 0x14e108cb
Variable types: 1834030 continuous, 306 integer (306 binary)
Coefficient statistics:
  Matrix range     [6e-06, 1e+03]
  Objective range  [8e-02, 3e-01]
  Bounds range     [1e+00, 6e+04]
  RHS range        [1e-03, 9e+01]
Presolve removed 4275901 rows and 946038 columns (presolve time = 5s) ...
Presolve removed 4353661 rows and 1037449 columns
Presolve time: 8.60s
Presolved: 200691 rows, 796887 columns, 16339455 nonzeros
Variable types: 796853 continuous, 34 integer (34 binary)
Deterministic concurrent LP optimizer: primal simplex, dual simplex, and barrier
Showing barrier log only...

Root barrier log...

Ordering time: 1.97s

Barrier statistics:
 AA' NZ     : 4.448e+06
 Factor NZ  : 1.154e+07 (roughly 400 MB of memory)
 Factor Ops : 2.849e+09 (less than 1 second per iteration)
 Threads    : 5

                  Objective                Residual
Iter       Primal          Dual         Primal    Dual     Compl     Time
   0   7.57188486e+12 -1.10598658e+13  8.22e+10 7.21e+01  1.71e+09    56s
   1   5.48513765e+12 -1.04192638e+13  5.96e+10 1.89e+02  1.25e+09    57s
   2   2.37964920e+12 -9.02128257e+12  2.56e+10 1.45e+02  5.57e+08    59s
   3   5.01932907e+11 -3.13808732e+12  4.79e+09 1.12e+01  1.13e+08    60s
   4   8.44513962e+10 -8.38922190e+11  2.62e+08 2.30e-01  9.50e+06    62s
   5   3.99503537e+10 -3.09876330e+11  9.17e+07 5.06e-02  3.38e+06    62s
   6   2.00791056e+10 -9.03892065e+10  3.90e+07 1.19e-02  1.33e+06    64s
   7   9.56529647e+09 -2.86304490e+10  1.52e+07 2.12e-03  5.11e+05    65s
   8   6.35875219e+09 -1.64301454e+10  9.75e+06 2.02e-04  3.23e+05    66s
   9   5.71792527e+09 -1.41422622e+10  8.67e+06 4.37e-11  2.87e+05    67s
  10   5.27630574e+09 -1.27277900e+10  7.95e+06 5.82e-11  2.63e+05    68s
  11   3.89366721e+09 -7.51529719e+09  5.77e+06 2.55e-10  1.91e+05    69s
  12   2.47541322e+09 -5.68101420e+09  3.67e+06 4.00e-11  1.21e+05    70s
  13   1.39359254e+09 -2.56288974e+09  2.00e+06 6.37e-12  6.72e+04    71s
  14   7.89125725e+08 -1.75466147e+09  1.10e+06 4.17e-12  3.70e+04    73s
  15   3.78809173e+08 -9.50771677e+08  5.31e+05 1.14e-11  1.78e+04    74s
  16   1.38299442e+08 -8.33489092e+08  1.77e+05 8.40e-12  6.22e+03    75s
  17   7.16401476e+07 -6.09425383e+08  8.77e+04 4.92e-12  3.17e+03    76s
  18   3.79337117e+07 -3.50413895e+08  4.40e+04 4.55e-12  1.55e+03    76s
  19   1.65205631e+07 -1.78617516e+08  1.75e+04 1.99e-09  6.06e+02    77s
  20   8.12651392e+06 -7.92410394e+07  8.08e+03 1.09e-11  2.55e+02    78s
  21   3.28843696e+06 -2.90655380e+07  3.04e+03 5.00e-11  8.75e+01    79s
  22   1.21231881e+06 -1.23410892e+07  9.82e+02 4.09e-12  2.93e+01    81s
  23   7.08370048e+05 -9.56593817e+06  5.58e+02 5.91e-12  1.82e+01    82s
  24   4.72074450e+05 -7.31295028e+06  3.63e+02 5.00e-12  1.25e+01    83s
  25   2.85243846e+05 -4.97553205e+06  2.13e+02 4.32e-12  7.66e+00    83s
  26   1.63960248e+05 -3.63714693e+06  1.17e+02 3.18e-12  4.78e+00    84s
  27   1.00449003e+05 -2.35548406e+06  6.85e+01 2.05e-12  2.89e+00    85s
  28   7.23827387e+04 -2.13792216e+06  4.86e+01 1.82e-12  2.35e+00    86s
  29   5.91463130e+04 -1.55568685e+06  3.94e+01 2.47e-12  1.75e+00    87s
  30   4.83335261e+04 -1.41438662e+06  3.15e+01 1.32e-12  1.50e+00    88s
  31   4.28134806e+04 -1.25459648e+06  2.76e+01 1.21e-12  1.31e+00    89s
  32   3.71653906e+04 -1.04373992e+06  2.35e+01 2.03e-12  1.09e+00    90s
  33   3.15622859e+04 -8.60431671e+05  1.95e+01 2.04e-12  8.84e-01    92s
  34   2.77025746e+04 -6.77491884e+05  1.67e+01 9.60e-13  7.04e-01    93s
  35   2.11014900e+04 -5.09288675e+05  1.19e+01 1.56e-12  5.08e-01    94s
  36   1.61927000e+04 -4.29042071e+05  8.41e+00 1.30e-12  4.00e-01    96s
  37   1.53727210e+04 -3.92159800e+05  7.82e+00 2.04e-12  3.65e-01    97s
  38   1.20179782e+04 -3.41466551e+05  5.43e+00 1.83e-12  2.97e-01    98s
  39   1.14047295e+04 -2.94433176e+05  4.97e+00 1.06e-12  2.57e-01    99s
  40   9.63551199e+03 -2.68751591e+05  3.70e+00 1.11e-12  2.23e-01   101s
  41   9.35643614e+03 -2.23134459e+05  3.50e+00 1.88e-12  1.88e-01   102s
  42   8.56832437e+03 -2.04087219e+05  2.95e+00 1.84e-12  1.69e-01   103s
  43   8.15478006e+03 -1.76617945e+05  2.66e+00 1.41e-12  1.46e-01   104s
  44   7.68816764e+03 -1.62016003e+05  2.34e+00 1.91e-12  1.32e-01   105s
  45   7.31842229e+03 -1.53924959e+05  2.08e+00 2.09e-12  1.24e-01   107s
  46   6.99184423e+03 -1.25998476e+05  1.85e+00 1.73e-12  1.02e-01   108s
  47   6.48372201e+03 -1.12647827e+05  1.50e+00 1.33e-12  8.97e-02   109s
  48   5.93393653e+03 -1.01412707e+05  1.13e+00 2.11e-12  7.88e-02   111s
  49   5.55675179e+03 -8.91537733e+04  8.77e-01 1.35e-12  6.83e-02   112s
  50   5.42646572e+03 -7.32638302e+04  8.05e-01 1.60e-12  5.67e-02   113s
  51   5.08179185e+03 -6.46848192e+04  6.10e-01 1.83e-12  4.95e-02   114s
  52   4.82741333e+03 -4.69517040e+04  4.80e-01 1.21e-12  3.64e-02   116s
  53   4.33983973e+03 -3.09590262e+04  2.51e-01 9.40e-13  2.42e-02   117s
  54   4.09695159e+03 -2.36138504e+04  1.84e-01 7.70e-13  1.89e-02   118s
  55   3.98646970e+03 -1.68040470e+04  1.58e-01 5.52e-13  1.42e-02   120s
  56   3.80218331e+03 -1.46784222e+04  1.23e-01 5.54e-13  1.25e-02   121s
  57   3.73111879e+03 -1.22878474e+04  1.13e-01 5.12e-13  1.09e-02   123s
  58   3.58539338e+03 -9.87332091e+03  9.14e-02 4.67e-13  9.09e-03   124s
  59   3.50143373e+03 -8.16536152e+03  8.03e-02 4.71e-12  7.87e-03   125s
  60   3.42251270e+03 -7.68012191e+03  7.12e-02 1.77e-11  7.48e-03   127s
  61   3.34054662e+03 -6.32001463e+03  6.21e-02 1.05e-10  6.50e-03   128s

Barrier performed 61 iterations in 128.26 seconds (81.34 work units)
Barrier solve interrupted - model solved by another algorithm

Concurrent spin time: 0.71s

Solved with dual simplex

Root simplex log...

Iteration    Objective       Primal Inf.    Dual Inf.      Time
   89330    1.6125251e+03   1.000000e-02   6.120670e+08    130s
  104379    1.6130049e+03   2.608842e+01   0.000000e+00    135s
  105225    1.6130167e+03   0.000000e+00   0.000000e+00    136s
Extra simplex iterations after uncrush: 18206

Root relaxation: objective 1.613017e+03, 105225 iterations, 95.84 seconds (40.14 work units)

    Nodes    |    Current Node    |     Objective Bounds      |     Work
 Expl Unexpl |  Obj  Depth IntInf | Incumbent    BestBd   Gap | It/Node Time

     0     0 1613.01669    0    4          - 1613.01669      -     -  137s
H    0     0                    1613.0353149 1613.01669  0.00%     -  139s

Explored 1 nodes (105225 simplex iterations) in 140.99 seconds (85.84 work units)
Thread count was 16 (of 16 available processors)

Solution count 2: 1613.04 1613.04 

Optimal solution found (tolerance 2.00e-03)
Warning: max constraint violation (7.9740e-02) exceeds tolerance
Warning: max bound violation (7.9189e-02) exceeds tolerance
Best objective 1.613035314879e+03, best bound 1.613035314879e+03, gap 0.0000%
the solution is feasible and optimal
Solution time: 163.25706553459167
Done solving model.
Time used solving the model: 246.52391982078552
----------Dumping data in pickle file...done.
Dumping results in pickle file.....done.
objective function value:  1613.0353148785614
objective function value normalized (Billion EURO):  161.3
                         2023                                            \
                           OO     OB     OP     BO     BB     BP     PO   
LCOT                    4.271  4.271  4.271  4.271  4.271  4.271  4.271   
LCOT (Empty Trips)      1.217  1.217  1.217  1.217  1.217  1.217  1.217   
Emission                0.394  0.394  0.394  0.394  0.394  0.394  0.394   
Emission (Empty Trips)  0.176  0.176  0.176  0.176  0.176  0.176  0.176   
CO2_Penalty             0.000  0.000  0.000  0.000  0.000  0.000  0.000   
Time value              1.347  1.347  1.347  1.347  1.347  1.347  1.347   
Transfer                2.086  2.086  2.086  2.086  2.086  2.086  2.086   
RailTrack               0.116  0.116  0.116  0.116  0.116  0.116  0.116   
Terminal                0.010  0.010  0.010  0.010  0.010  0.010  0.010   
RailElectr.             0.000  0.000  0.000  0.000  0.000  0.000  0.000   
Charging                0.000  0.000  0.000  0.000  0.000  0.000  0.000   
H2_Filling              0.000  0.000  0.000  0.000  0.000  0.000  0.000   

                                       2028                              \
                           PB     PP     OO     OB     OP     BO     BB   
LCOT                    4.271  4.271  4.764  4.764  4.764  4.764  4.764   
LCOT (Empty Trips)      1.217  1.217  1.063  1.063  1.063  1.063  1.063   
Emission                0.394  0.394  0.903  0.903  0.903  0.903  0.903   
Emission (Empty Trips)  0.176  0.176  0.248  0.248  0.248  0.248  0.248   
CO2_Penalty             0.000  0.000  0.000  0.000  0.000  0.000  0.000   
Time value              1.347  1.347  1.634  1.634  1.634  1.634  1.634   
Transfer                2.086  2.086  2.641  2.641  2.641  2.641  2.641   
RailTrack               0.116  0.116  0.000  0.000  0.000  0.000  0.000   
Terminal                0.010  0.010  0.021  0.021  0.021  0.021  0.021   
RailElectr.             0.000  0.000  0.000  0.000  0.000  0.000  0.000   
Charging                0.000  0.000  0.007  0.007  0.007  0.007  0.007   
H2_Filling              0.000  0.000  0.000  0.000  0.000  0.000  0.000   

                                                     2034                \
                           BP     PO     PB     PP     OO     OB     OP   
LCOT                    4.764  4.764  4.764  4.764  5.022  4.878  4.889   
LCOT (Empty Trips)      1.063  1.063  1.063  1.063  1.068  1.044  1.045   
Emission                0.903  0.903  0.903  0.903  0.934  1.092  1.092   
Emission (Empty Trips)  0.248  0.248  0.248  0.248  0.271  0.298  0.297   
CO2_Penalty             0.000  0.000  0.000  0.000  0.000  0.000  0.000   
Time value              1.634  1.634  1.634  1.634  1.926  1.925  1.925   
Transfer                2.641  2.641  2.641  2.641  3.087  3.087  3.088   
RailTrack               0.000  0.000  0.000  0.000  0.000  0.000  0.000   
Terminal                0.021  0.021  0.021  0.021  0.000  0.000  0.000   
RailElectr.             0.000  0.000  0.000  0.000  0.000  0.000  0.000   
Charging                0.007  0.007  0.007  0.007  0.052  0.014  0.014   
H2_Filling              0.000  0.000  0.000  0.000  0.000  0.000  0.000   

                                                                   2040  \
                           BO     BB     BP     PO     PB     PP     OO   
LCOT                    5.616  5.657  5.490  5.737  5.798  5.857  5.281   
LCOT (Empty Trips)      1.293  1.205  1.215  1.329  1.345  1.259  1.113   
Emission                0.672  0.692  0.863  0.669  0.672  0.696  0.733   
Emission (Empty Trips)  0.133  0.233  0.232  0.118  0.133  0.232  0.222   
CO2_Penalty             0.000  0.000  0.000  0.000  0.000  0.000  0.000   
Time value              1.925  1.927  1.924  1.927  1.925  1.925  2.034   
Transfer                3.089  3.091  3.089  3.088  3.085  3.089  3.006   
RailTrack               0.000  0.000  0.000  0.000  0.000  0.000  0.000   
Terminal                0.000  0.000  0.000  0.000  0.000 -0.000  0.002   
RailElectr.             0.000  0.000  0.000  0.000  0.000  0.000  0.000   
Charging                0.075  0.074  0.075  0.075  0.075  0.075  0.142   
H2_Filling              0.000  0.000  0.000  0.000  0.000  0.000  0.002   

                                                                         \
                           OB     OP     BO     BB     BP     PO     PB   
LCOT                    5.225  5.270  5.936  6.044  5.744  6.025  6.153   
LCOT (Empty Trips)      1.119  1.127  1.392  1.244  1.237  1.397  1.450   
Emission                0.817  0.818  0.355  0.380  0.732  0.355  0.355   
Emission (Empty Trips)  0.222  0.222  0.004  0.216  0.222  0.004  0.004   
CO2_Penalty             0.000  0.000  0.000  0.000  0.000  0.000  0.000   
Time value              2.036  2.038  2.034  2.036  2.036  2.037  2.035   
Transfer                3.004  2.990  3.002  2.992  2.995  2.995  3.007   
RailTrack               0.000  0.000  0.000  0.000  0.000  0.000  0.000   
Terminal                0.001  0.002  0.001  0.001  0.001  0.002  0.002   
RailElectr.             0.000  0.000  0.000  0.000  0.000  0.000  0.000   
Charging                0.142  0.142  0.142  0.143  0.142  0.143  0.142   
H2_Filling              0.000  0.000  0.002  0.002  0.002  0.002  0.002   

                                2050                                     \
                           PP     OO     OB     OP     BO     BB     BP   
LCOT                    6.282  6.213  6.126  6.137  6.587  6.819  6.756   
LCOT (Empty Trips)      1.295  1.414  1.267  1.258  1.437  1.483  1.514   
Emission                0.387  0.432  0.737  0.773  0.056  0.076  0.431   
Emission (Empty Trips)  0.220  0.031  0.216  0.235  0.000  0.000  0.033   
CO2_Penalty             0.000  0.000  0.000  0.000  0.000  0.000  0.000   
Time value              2.036  2.392  2.386  2.386  2.391  2.386  2.385   
Transfer                2.992  3.223  3.167  3.169  3.169  3.169  3.168   
RailTrack               0.000  0.000  0.000  0.000  0.000  0.000  0.000   
Terminal                0.002  0.000  0.000  0.000  0.000  0.000  0.000   
RailElectr.             0.000  0.000  0.000  0.000  0.000  0.000  0.000   
Charging                0.142  0.146  0.147  0.147  0.147  0.147  0.147   
H2_Filling              0.002  0.001  0.001  0.001  0.001  0.001  0.001   

                                              2023        2028                \
                           PO     PB     PP   mean  std   mean           std   
LCOT                    6.605  6.843  7.030  4.271  0.0  4.764  0.000000e+00   
LCOT (Empty Trips)      1.439  1.483  1.536  1.217  0.0  1.063  0.000000e+00   
Emission                0.056  0.056  0.082  0.394  0.0  0.903  0.000000e+00   
Emission (Empty Trips)  0.000  0.000  0.000  0.176  0.0  0.248  2.943923e-17   
CO2_Penalty             0.000  0.000  0.000  0.000  0.0  0.000  0.000000e+00   
Time value              2.391  2.385  2.386  1.347  0.0  1.634  0.000000e+00   
Transfer                3.168  3.167  3.168  2.086  0.0  2.641  0.000000e+00   
RailTrack               0.000  0.000  0.000  0.116  0.0  0.000  0.000000e+00   
Terminal                0.000  0.000  0.000  0.010  0.0  0.021  0.000000e+00   
RailElectr.             0.000  0.000  0.000  0.000  0.0  0.000  0.000000e+00   
Charging                0.147  0.146  0.146  0.000  0.0  0.007  0.000000e+00   
H2_Filling              0.001  0.001  0.001  0.000  0.0  0.000  0.000000e+00   

                            2034                2040                2050  \
                            mean       std      mean       std      mean   
LCOT                    5.438222  0.397644  5.773333  0.412797  6.568444   
LCOT (Empty Trips)      1.200333  0.120328  1.263778  0.129109  1.425667   
Emission                0.820222  0.180687  0.548000  0.217725  0.299889   
Emission (Empty Trips)  0.216333  0.071144  0.148444  0.108350  0.057222   
CO2_Penalty             0.000000  0.000000  0.000000  0.000000  0.000000   
Time value              1.925444  0.001014  2.035778  0.001302  2.387556   
Transfer                3.088111  0.001691  2.998111  0.006623  3.174222   
RailTrack               0.000000  0.000000  0.000000  0.000000  0.000000   
Terminal                0.000000  0.000000  0.001556  0.000527  0.000000   
RailElectr.             0.000000  0.000000  0.000000  0.000000  0.000000   
Charging                0.058778  0.026466  0.142222  0.000441  0.146667   
H2_Filling              0.000000  0.000000  0.001556  0.000882  0.001000   

                                  
                             std  
LCOT                    0.334719  
LCOT (Empty Trips)      0.100175  
Emission                0.301163  
Emission (Empty Trips)  0.096476  
CO2_Penalty             0.000000  
Time value              0.002877  
Transfer                0.018308  
RailTrack               0.000000  
Terminal                0.000000  
RailElectr.             0.000000  
Charging                0.000500  
H2_Filling              0.000000  
                       2023     2028      2034      2040      2050     
                       mean std mean  std mean  std mean  std mean  std
LCOT                    4.3   0  4.8    0  5.4  0.4  5.8 0.41  6.6 0.33
LCOT (Empty Trips)      1.2   0  1.1    0  1.2 0.12  1.3 0.13  1.4  0.1
Emission               0.39   0  0.9    0 0.82 0.18 0.55 0.22  0.3  0.3
Emission (Empty Trips) 0.18   0 0.25    0 0.22 0.07 0.15 0.11 0.06  0.1
CO2_Penalty               0   0    0    0    0    0    0    0    0    0
Time value              1.4   0  1.6    0  1.9    0    2    0  2.4    0
Transfer                2.1   0  2.6    0  3.1    0    3 0.01  3.2 0.02
RailTrack              0.12   0    0    0    0    0    0    0    0    0
Terminal               0.01   0 0.02    0    0    0    0    0    0    0
RailElectr.               0   0    0    0    0    0    0    0    0    0
Charging                  0   0 0.01    0 0.06 0.03 0.14    0 0.15    0
H2_Filling                0   0    0    0    0    0    0    0    0    0
discount_factor           1   1 0.71 0.71 0.48 0.48 0.32 0.32 0.16 0.16
emissions (MTonnes CO2 eq.):
             AvgEmission  Std  AvgEmission_perc  Std_perc
time_period                                              
2023                 7.2    0             1e+02         0
2028                 6.6    0                91         0
2034                 4.9  1.2                68        17
2040                 3.3  1.5                46        21
2050                 1.6  1.9                23        26
----------------
Average transport work in GTONNES*km:
    mode            product time_period TransportArbeid
0   Rail           Dry bulk        2023             9.6
1   Rail           Neo bulk        2023          0.0011
2   Road  Break bulk (fast)        2023             5.5
3   Road  Break bulk (slow)        2023             5.6
4   Road   Container (fast)        2023               2
5   Road   Container (slow)        2023             2.7
6   Road           Dry bulk        2023            0.56
7   Road           Neo bulk        2023              12
8    Sea  Break bulk (fast)        2023           0.091
9    Sea  Break bulk (slow)        2023             1.2
10   Sea   Container (fast)        2023             0.1
11   Sea   Container (slow)        2023             1.1
12   Sea           Dry bulk        2023              97
13   Sea           Neo bulk        2023            0.26

