----------------------------
Doing the following analysis: 
FuelScen_carbontaxbase_demand_scaled_1_risk_rate_9.0
----------------------------
Reading data...
Number of scenarios:  9
Number of scenarios:  1
Reading and constructing data
Function construct_sets Took 0.0013 seconds
Function construct_network Took 0.0047 seconds
Transport demand in the base year 2018 (in MTonnes):
             product  tot_weight
0           Dry bulk       94.86
1   Container (fast)        4.07
2   Container (slow)        9.23
3  Break bulk (fast)       11.61
4  Break bulk (slow)       15.37
5           Neo bulk       19.28
Function construct_ODD Took 0.5179 seconds
Function construct_vehicles Took 0.5343 seconds
Function construct_emission_transfer Took 0.1521 seconds
Function construct_costs Took 2.2912 seconds
Function construct_time_value Took 0.0011 seconds
Function construct_investments Took 0.0086 seconds
Function construct_charging_edges Took 0.1830 seconds
Function construct_tech_readiness Took 0.0054 seconds
Function construct_path_generation Took 0.1631 seconds
Function construct_param2 Took 0.0596 seconds
Function combined_sets Took 0.4094 seconds
Function combined_sets Took 0.4489 seconds
Done reading data.
Time used reading the base data: 16.51037049293518
Solving the first time period for initialization purposes...
Function combined_sets Took 0.1739 seconds
Set parameter Username
Academic license - for non-commercial use only - expires 2025-09-27
Read LP format model from file C:\Users\sandee\Documents\Github\STraM_ntnu_development\temp\pyomo\tmpug4uip7j.pyomo.lp
Reading time = 4.54 seconds
x1: 2206927 rows, 540793 columns, 7780366 nonzeros
Set parameter FeasibilityTol to value 0.0001
Set parameter MIPGap to value 0.002
Gurobi Optimizer version 11.0.0 build v11.0.0rc2 (win64 - Windows 10.0 (19045.2))

CPU model: Intel(R) Core(TM) i7-10700 CPU @ 2.90GHz, instruction set [SSE2|AVX|AVX2]
Thread count: 8 physical cores, 16 logical processors, using up to 16 threads

Optimize a model with 2206927 rows, 540793 columns and 7780366 nonzeros
Model fingerprint: 0xb835b604
Coefficient statistics:
  Matrix range     [6e-06, 1e+03]
  Objective range  [8e-02, 3e-01]
  Bounds range     [0e+00, 0e+00]
  RHS range        [1e-03, 9e+01]
Presolve removed 2204267 rows and 518514 columns
Presolve time: 4.17s
Presolved: 2660 rows, 23242 columns, 201160 nonzeros

Concurrent LP optimizer: primal simplex, dual simplex, and barrier
Showing barrier log only...

Ordering time: 0.02s

Barrier statistics:
 AA' NZ     : 8.445e+04
 Factor NZ  : 1.919e+05 (roughly 12 MB of memory)
 Factor Ops : 2.716e+07 (less than 1 second per iteration)
 Threads    : 6

                  Objective                Residual
Iter       Primal          Dual         Primal    Dual     Compl     Time
   0   4.26651062e+00 -5.65025000e-01  2.86e+05 0.00e+00  1.23e+00     4s
   1   1.63147307e+00 -6.13143262e-01  6.92e+04 2.27e-02  3.11e-01     4s
   2   8.35351315e-01  6.09015028e-01  1.41e+04 1.53e-02  6.78e-02     4s
   3   1.07307634e+00  6.79046321e+00  5.20e+03 3.87e-03  2.48e-02     4s
   4   5.70623101e+00  2.66209451e+01  2.85e+03 1.07e-03  1.35e-02     4s
   5   8.14555592e+00  3.76334631e+01  2.58e+03 1.01e-03  1.23e-02     4s
   6   1.41758729e+01  4.09266607e+01  2.17e+03 9.27e-04  1.04e-02     4s
   7   1.84582725e+01  4.22791421e+01  1.66e+03 8.88e-04  7.95e-03     4s
   8   2.17512953e+01  5.78392155e+01  1.39e+03 6.49e-04  6.75e-03     4s
   9   2.54865472e+01  7.48930624e+01  1.16e+03 4.94e-04  5.61e-03     4s
  10   3.12795545e+01  7.95465695e+01  9.18e+02 4.48e-04  4.38e-03     4s
  11   3.77590866e+01  9.00351911e+01  7.46e+02 3.89e-04  3.48e-03     4s
  12   3.95122685e+01  9.47618151e+01  7.09e+02 3.76e-04  3.30e-03     4s
  13   4.09937711e+01  9.90138772e+01  6.85e+02 3.65e-04  3.19e-03     4s
  14   4.41382176e+01  1.04716822e+02  6.41e+02 3.44e-04  2.97e-03     4s
  15   4.95106368e+01  1.10132710e+02  5.64e+02 3.22e-04  2.58e-03     4s
  16   5.37176163e+01  1.19175338e+02  5.08e+02 2.99e-04  2.29e-03     4s
  17   5.55143740e+01  1.25320821e+02  4.87e+02 2.91e-04  2.18e-03     4s
  18   5.56968866e+01  1.30102052e+02  4.85e+02 2.78e-04  2.19e-03     4s
  19   5.90265083e+01  1.36232458e+02  4.55e+02 2.63e-04  2.05e-03     4s
  20   6.27752824e+01  1.42820431e+02  4.24e+02 2.49e-04  1.86e-03     5s
  21   6.78121497e+01  1.46039315e+02  3.90e+02 2.43e-04  1.69e-03     5s
  22   7.22775302e+01  1.50836521e+02  3.63e+02 2.31e-04  1.56e-03     5s
  23   7.57077410e+01  1.58214834e+02  3.43e+02 2.18e-04  1.46e-03     5s
  24   7.83865999e+01  1.61780554e+02  3.29e+02 2.14e-04  1.39e-03     5s
  25   8.29338706e+01  1.64653483e+02  3.06e+02 2.09e-04  1.27e-03     5s
  26   8.53017258e+01  1.71044191e+02  2.94e+02 1.98e-04  1.23e-03     5s
  27   8.84275490e+01  1.80674410e+02  2.80e+02 1.79e-04  1.17e-03     5s
  28   9.15127838e+01  1.84128074e+02  2.67e+02 1.73e-04  1.11e-03     5s
  29   9.18921803e+01  1.89832160e+02  2.65e+02 1.65e-04  1.13e-03     5s
  30   9.49781406e+01  1.93906799e+02  2.54e+02 1.60e-04  1.06e-03     5s
  31   9.84120319e+01  1.97686461e+02  2.41e+02 1.56e-04  9.93e-04     5s
  32   1.00328660e+02  2.01142395e+02  2.34e+02 1.54e-04  9.67e-04     5s
  33   1.03069312e+02  2.03864078e+02  2.25e+02 1.52e-04  9.18e-04     5s
  34   1.07350089e+02  2.15190223e+02  2.12e+02 1.43e-04  8.52e-04     5s
  35   1.11384631e+02  2.19535933e+02  2.00e+02 1.39e-04  7.78e-04     5s
  36   1.15711563e+02  2.22593139e+02  1.91e+02 1.37e-04  7.26e-04     5s
  37   1.17556168e+02  2.32435739e+02  1.87e+02 1.30e-04  7.25e-04     5s
  38   1.21495839e+02  2.38222738e+02  1.79e+02 1.26e-04  6.90e-04     5s
  39   1.24554133e+02  2.48463267e+02  1.73e+02 1.21e-04  6.71e-04     5s
  40   1.27288173e+02  2.57133686e+02  1.68e+02 1.17e-04  6.55e-04     5s
  41   1.30459214e+02  2.65246587e+02  1.63e+02 1.14e-04  6.34e-04     5s
  42   1.32689820e+02  2.72002153e+02  1.60e+02 1.11e-04  6.25e-04     5s
  43   1.36678815e+02  2.82088965e+02  1.55e+02 1.08e-04  6.04e-04     5s
  44   1.39671289e+02  2.87954445e+02  1.51e+02 1.06e-04  5.97e-04     5s
  45   1.43823555e+02  2.90913508e+02  1.47e+02 1.03e-04  5.81e-04     5s
  46   1.48462016e+02  2.98478736e+02  1.42e+02 9.89e-05  5.64e-04     5s
  47   1.52867921e+02  3.03560683e+02  1.37e+02 9.62e-05  5.43e-04     5s
  48   1.54410418e+02  3.05378996e+02  1.36e+02 9.54e-05  5.37e-04     5s
  49   1.57552824e+02  3.05018738e+02  1.33e+02 9.47e-05  5.27e-04     5s
  50   1.59582487e+02  3.11449627e+02  1.31e+02 9.31e-05  5.18e-04     5s
  51   1.61664125e+02  3.13058681e+02  1.29e+02 9.25e-05  5.07e-04     5s
  52   1.65481160e+02  3.16998796e+02  1.25e+02 9.14e-05  4.96e-04     5s
  53   1.68401897e+02  3.23885193e+02  1.23e+02 8.89e-05  4.86e-04     5s
  54   1.71588088e+02  3.32512746e+02  1.20e+02 8.61e-05  4.74e-04     5s
  55   1.73969270e+02  3.35553667e+02  1.18e+02 8.54e-05  4.63e-04     5s
  56   1.76689569e+02  3.43552140e+02  1.16e+02 8.33e-05  4.59e-04     5s
  57   1.80695548e+02  3.47627823e+02  1.13e+02 8.22e-05  4.41e-04     5s
  58   1.84572586e+02  3.53989590e+02  1.10e+02 8.07e-05  4.26e-04     5s
  59   1.87422504e+02  3.59559754e+02  1.08e+02 7.89e-05  4.18e-04     5s
  60   1.89740781e+02  3.61011529e+02  1.07e+02 7.83e-05  4.12e-04     5s
  61   1.92130192e+02  3.68970401e+02  1.05e+02 7.64e-05  4.11e-04     5s
  62   1.95348447e+02  3.73124351e+02  1.03e+02 7.49e-05  4.03e-04     5s
  63   1.97904116e+02  3.77343209e+02  1.01e+02 7.37e-05  3.97e-04     5s
  64   1.99144672e+02  3.80783287e+02  1.01e+02 7.22e-05  3.96e-04     5s
  65   2.04579976e+02  3.84165954e+02  9.76e+01 7.04e-05  3.82e-04     5s
  66   2.09514502e+02  3.85299236e+02  9.48e+01 6.94e-05  3.70e-04     5s
  67   2.13249129e+02  3.86440620e+02  9.28e+01 6.90e-05  3.63e-04     5s

Barrier performed 67 iterations in 4.86 seconds (5.50 work units)
Barrier solve interrupted - model solved by another algorithm


Solved with primal simplex
Iteration    Objective       Primal Inf.    Dual Inf.      Time
   11106    4.9002991e+02   6.300000e-03   4.181139e+10      6s
Extra simplex iterations after uncrush: 3
   11113    4.9003012e+02   0.000000e+00   0.000000e+00      7s

Solved in 11113 iterations and 7.10 seconds (9.84 work units)
Optimal objective  4.900301155e+02
the solution is feasible and optimal
Solution time: 14.623697519302368
Function combined_sets Took 0.4137 seconds
-----
Constructing full SP model...
Done constructing model.
Time used constructing the model: 93.01820302009583
----------
Solving model...
Set parameter Username
Academic license - for non-commercial use only - expires 2025-09-27
Read LP format model from file C:\Users\sandee\Documents\Github\STraM_ntnu_development\temp\pyomo\tmpa9ifdigu.pyomo.lp
Reading time = 16.02 seconds
x1: 4554352 rows, 1834336 columns, 25949476 nonzeros
Set parameter FeasibilityTol to value 0.01
Set parameter MIPGap to value 0.002
Gurobi Optimizer version 11.0.0 build v11.0.0rc2 (win64 - Windows 10.0 (19045.2))

CPU model: Intel(R) Core(TM) i7-10700 CPU @ 2.90GHz, instruction set [SSE2|AVX|AVX2]
Thread count: 8 physical cores, 16 logical processors, using up to 16 threads

Optimize a model with 4554352 rows, 1834336 columns and 25949476 nonzeros
Model fingerprint: 0xf94cea02
Variable types: 1834030 continuous, 306 integer (306 binary)
Coefficient statistics:
  Matrix range     [6e-06, 1e+03]
  Objective range  [8e-02, 3e-01]
  Bounds range     [1e+00, 6e+04]
  RHS range        [1e-03, 9e+01]
Presolve removed 4275901 rows and 946038 columns (presolve time = 5s) ...
Presolve removed 4353661 rows and 1037449 columns
Presolve time: 8.43s
Presolved: 200691 rows, 796887 columns, 16339455 nonzeros
Variable types: 796853 continuous, 34 integer (34 binary)
Deterministic concurrent LP optimizer: primal simplex, dual simplex, and barrier
Showing barrier log only...

Root barrier log...

Ordering time: 2.32s

Barrier statistics:
 AA' NZ     : 4.448e+06
 Factor NZ  : 1.148e+07 (roughly 400 MB of memory)
 Factor Ops : 2.804e+09 (less than 1 second per iteration)
 Threads    : 5

                  Objective                Residual
Iter       Primal          Dual         Primal    Dual     Compl     Time
   0   6.50533230e+12 -9.35386613e+12  6.10e+10 6.97e+01  1.60e+09    58s
   1   4.21894373e+12 -8.40701687e+12  3.93e+10 1.69e+02  1.04e+09    59s
   2   1.43450105e+12 -6.50703288e+12  1.31e+10 1.07e+02  3.63e+08    60s
   3   2.72699742e+11 -2.28187880e+12  2.12e+09 5.26e+00  6.31e+07    62s
   4   6.21740042e+10 -5.00125067e+11  2.02e+08 3.91e-01  6.40e+06    63s
   5   3.42806997e+10 -2.04847877e+11  7.83e+07 5.93e-02  2.55e+06    64s
   6   2.00795305e+10 -6.30127739e+10  3.86e+07 1.46e-02  1.23e+06    65s
   7   8.98307693e+09 -2.43943662e+10  1.38e+07 5.13e-03  4.59e+05    66s
   8   6.31402243e+09 -1.65758695e+10  9.16e+06 3.13e-03  3.09e+05    67s
   9   5.59460101e+09 -1.47183961e+10  8.03e+06 2.85e-03  2.71e+05    68s
  10   4.82974734e+09 -1.37648364e+10  6.78e+06 2.62e-03  2.30e+05    69s
  11   4.51668688e+09 -1.14255927e+10  6.29e+06 1.97e-03  2.12e+05    69s
  12   2.64269322e+09 -6.77062924e+09  3.50e+06 5.76e-04  1.20e+05    70s
  13   1.40192478e+09 -2.47172529e+09  1.68e+06 8.70e-12  5.94e+04    72s
  14   8.77164501e+08 -1.22160308e+09  1.02e+06 2.40e-10  3.57e+04    73s
  15   2.17051732e+08 -8.07936993e+08  2.42e+05 1.09e-11  8.96e+03    74s
  16   1.12905724e+08 -7.31762461e+08  1.26e+05 6.37e-12  4.82e+03    74s
  17   6.66108767e+07 -5.22312253e+08  7.15e+04 8.19e-12  2.77e+03    75s
  18   3.45440829e+07 -2.99166893e+08  3.43e+04 1.02e-10  1.31e+03    76s
  19   1.25557320e+07 -2.08663577e+08  1.06e+04 2.18e-10  4.68e+02    77s
  20   6.08251352e+06 -8.88789676e+07  4.89e+03 5.36e-07  1.94e+02    77s
  21   2.53688896e+06 -3.50913119e+07  1.87e+03 1.83e-06  7.05e+01    78s
  22   9.42920952e+05 -1.36615118e+07  6.26e+02 1.20e-06  2.39e+01    79s
  23   5.48952641e+05 -1.02482528e+07  3.53e+02 8.61e-07  1.51e+01    80s
  24   3.73888856e+05 -7.79173130e+06  2.34e+02 6.33e-07  1.06e+01    81s
  25   2.18679387e+05 -5.88428919e+06  1.28e+02 4.63e-07  6.84e+00    82s
  26   1.37706996e+05 -4.38899509e+06  7.76e+01 3.36e-07  4.65e+00    83s
  27   9.77375970e+04 -3.20076953e+06  5.31e+01 2.38e-07  3.28e+00    84s
  28   6.76665949e+04 -2.82284944e+06  3.59e+01 2.09e-07  2.65e+00    85s
  29   6.42256468e+04 -2.61387839e+06  3.38e+01 1.92e-07  2.46e+00    86s
  30   5.10318037e+04 -2.01238337e+06  2.61e+01 1.45e-07  1.87e+00    88s
  31   4.15996764e+04 -1.92029084e+06  2.08e+01 1.38e-07  1.70e+00    89s
  32   3.36612812e+04 -1.72994010e+06  1.64e+01 1.23e-07  1.48e+00    90s
  33   2.82614426e+04 -1.37897894e+06  1.32e+01 9.71e-08  1.17e+00    92s
  34   2.35991906e+04 -1.24456773e+06  1.07e+01 8.71e-08  1.03e+00    93s
  35   2.27505705e+04 -1.03745648e+06  1.02e+01 7.22e-08  8.75e-01    94s
  36   2.06672152e+04 -8.79875919e+05  9.06e+00 6.06e-08  7.44e-01    95s
  37   1.68725172e+04 -6.73862630e+05  6.93e+00 4.53e-08  5.63e-01    97s
  38   1.40860661e+04 -5.39116012e+05  5.38e+00 3.55e-08  4.43e-01    98s
  39   1.14976755e+04 -4.56768958e+05  3.97e+00 2.99e-08  3.64e-01   100s
  40   1.12043760e+04 -4.04363786e+05  3.81e+00 2.64e-08  3.25e-01   101s
  41   1.06741586e+04 -3.84915216e+05  3.54e+00 2.52e-08  3.08e-01   103s
  42   9.64394004e+03 -3.40004435e+05  3.02e+00 2.22e-08  2.69e-01   104s
  43   8.51965027e+03 -2.98124066e+05  2.45e+00 1.93e-08  2.32e-01   106s
  44   7.30349292e+03 -2.57949472e+05  1.85e+00 1.65e-08  1.96e-01   107s
  45   6.50053557e+03 -2.48058286e+05  1.44e+00 1.59e-08  1.85e-01   108s
  46   6.21361059e+03 -2.07508526e+05  1.29e+00 1.34e-08  1.55e-01   110s
  47   5.83863208e+03 -1.79017103e+05  1.10e+00 1.15e-08  1.33e-01   112s

Barrier performed 47 iterations in 111.98 seconds (73.25 work units)
Barrier solve interrupted - model solved by another algorithm

Concurrent spin time: 0.32s

Solved with dual simplex

Root simplex log...

Iteration    Objective       Primal Inf.    Dual Inf.      Time
   85839    1.3050381e+03   0.000000e+00   6.800780e+02    115s
  100414    1.3045617e+03   0.000000e+00   1.823202e+00    120s
  103202    1.3058601e+03   0.000000e+00   0.000000e+00    123s
Extra simplex iterations after uncrush: 22912

Root relaxation: objective 1.305860e+03, 103202 iterations, 79.71 seconds (33.11 work units)

    Nodes    |    Current Node    |     Objective Bounds      |     Work
 Expl Unexpl |  Obj  Depth IntInf | Incumbent    BestBd   Gap | It/Node Time

     0     0 1305.86007    0    4          - 1305.86007      -     -  123s
H    0     0                    1305.8860856 1305.86007  0.00%     -  127s

Explored 1 nodes (103202 simplex iterations) in 128.90 seconds (78.97 work units)
Thread count was 16 (of 16 available processors)

Solution count 2: 1305.89 1305.89 

Optimal solution found (tolerance 2.00e-03)
Warning: max constraint violation (7.9740e-02) exceeds tolerance
Warning: max bound violation (7.9009e-02) exceeds tolerance
Best objective 1.305886085566e+03, best bound 1.305886085566e+03, gap 0.0000%
the solution is feasible and optimal
Solution time: 153.37025904655457
Done solving model.
Time used solving the model: 238.9906461238861
----------Dumping data in pickle file...done.
Dumping results in pickle file.....done.
objective function value:  1305.886085565683
objective function value normalized (Billion EURO):  130.59
                         2023                                            \
                           OO     OB     OP     BO     BB     BP     PO   
LCOT                    4.269  4.269  4.269  4.269  4.269  4.269  4.269   
LCOT (Empty Trips)      1.219  1.219  1.219  1.219  1.219  1.219  1.219   
Emission                0.394  0.394  0.394  0.394  0.394  0.394  0.394   
Emission (Empty Trips)  0.176  0.176  0.176  0.176  0.176  0.176  0.176   
CO2_Penalty             0.000  0.000  0.000  0.000  0.000  0.000  0.000   
Time value              1.346  1.346  1.346  1.346  1.346  1.346  1.346   
Transfer                2.084  2.084  2.084  2.084  2.084  2.084  2.084   
RailTrack               0.024  0.024  0.024  0.024  0.024  0.024  0.024   
Terminal                0.004  0.004  0.004  0.004  0.004  0.004  0.004   
RailElectr.             0.000  0.000  0.000  0.000  0.000  0.000  0.000   
Charging                0.000  0.000  0.000  0.000  0.000  0.000  0.000   
H2_Filling              0.000  0.000  0.000  0.000  0.000  0.000  0.000   

                                       2028                              \
                           PB     PP     OO     OB     OP     BO     BB   
LCOT                    4.269  4.269  4.761  4.761  4.761  4.761  4.761   
LCOT (Empty Trips)      1.219  1.219  1.062  1.062  1.062  1.062  1.062   
Emission                0.394  0.394  0.903  0.903  0.903  0.903  0.903   
Emission (Empty Trips)  0.176  0.176  0.248  0.248  0.248  0.248  0.248   
CO2_Penalty             0.000  0.000  0.000  0.000  0.000  0.000  0.000   
Time value              1.346  1.346  1.636  1.636  1.636  1.636  1.636   
Transfer                2.084  2.084  2.649  2.649  2.649  2.649  2.649   
RailTrack               0.024  0.024  0.000  0.000  0.000  0.000  0.000   
Terminal                0.004  0.004  0.021  0.021  0.021  0.021  0.021   
RailElectr.             0.000  0.000  0.000  0.000  0.000  0.000  0.000   
Charging                0.000  0.000  0.007  0.007  0.007  0.007  0.007   
H2_Filling              0.000  0.000 -0.000 -0.000 -0.000 -0.000 -0.000   

                                                     2034                \
                           BP     PO     PB     PP     OO     OB     OP   
LCOT                    4.761  4.761  4.761  4.761  5.024  4.881  4.891   
LCOT (Empty Trips)      1.062  1.062  1.062  1.062  1.067  1.041  1.046   
Emission                0.903  0.903  0.903  0.903  0.939  1.096  1.097   
Emission (Empty Trips)  0.248  0.248  0.248  0.248  0.271  0.297  0.297   
CO2_Penalty             0.000  0.000  0.000  0.000  0.000  0.000  0.000   
Time value              1.636  1.636  1.636  1.636  1.924  1.925  1.925   
Transfer                2.649  2.649  2.649  2.649  3.068  3.069  3.067   
RailTrack               0.000  0.000  0.000  0.000  0.000  0.000  0.000   
Terminal                0.021  0.021  0.021  0.021  0.000  0.001  0.001   
RailElectr.             0.000  0.000  0.000  0.000  0.000  0.000  0.000   
Charging                0.007  0.007  0.007  0.007  0.050  0.014  0.014   
H2_Filling             -0.000 -0.000 -0.000 -0.000  0.000  0.000  0.000   

                                                                   2040  \
                           BO     BB     BP     PO     PB     PP     OO   
LCOT                    5.629  5.655  5.497  5.744  5.808  5.652  5.282   
LCOT (Empty Trips)      1.292  1.207  1.214  1.328  1.341  1.258  1.119   
Emission                0.672  0.701  0.868  0.670  0.672  0.867  0.738   
Emission (Empty Trips)  0.133  0.233  0.232  0.114  0.132  0.233  0.221   
CO2_Penalty             0.000  0.000  0.000  0.000  0.000  0.000  0.000   
Time value              1.926  1.924  1.925  1.926  1.925  1.924  2.031   
Transfer                3.068  3.070  3.072  3.074  3.073  3.070  2.961   
RailTrack               0.000  0.000  0.000  0.000  0.000  0.000  0.000   
Terminal                0.001  0.001  0.001  0.001  0.001  0.001  0.002   
RailElectr.             0.000  0.000  0.000  0.000  0.000  0.000  0.000   
Charging                0.071  0.071  0.071  0.071  0.072  0.071  0.133   
H2_Filling              0.000  0.000  0.000  0.000  0.000  0.000  0.001   

                                                                         \
                           OB     OP     BO     BB     BP     PO     PB   
LCOT                    5.224  5.266  5.946  6.035  5.735  6.028  6.159   
LCOT (Empty Trips)      1.121  1.128  1.396  1.236  1.238  1.391  1.449   
Emission                0.821  0.822  0.354  0.389  0.736  0.354  0.354   
Emission (Empty Trips)  0.222  0.222  0.004  0.217  0.222  0.004  0.004   
CO2_Penalty             0.000  0.000  0.000  0.000  0.000  0.000  0.000   
Time value              2.029  2.032  2.032  2.029  2.029  2.029  2.030   
Transfer                2.970  2.958  2.959  2.968  2.971  2.971  2.972   
RailTrack               0.000  0.000  0.000  0.000  0.000  0.000  0.000   
Terminal                0.001  0.002  0.002  0.001  0.001  0.002  0.001   
RailElectr.             0.000  0.000  0.000  0.000  0.000  0.000  0.000   
Charging                0.133  0.133  0.133  0.133  0.133  0.133  0.132   
H2_Filling              0.000  0.000  0.001  0.001  0.001  0.001  0.001   

                                2050                                     \
                           PP     OO     OB     OP     BO     BB     BP   
LCOT                    6.097  6.272  6.122  6.130  6.589  6.819  6.767   
LCOT (Empty Trips)      1.297  1.423  1.276  1.261  1.442  1.493  1.531   
Emission                0.563  0.435  0.745  0.776  0.053  0.084  0.434   
Emission (Empty Trips)  0.222  0.031  0.218  0.234  0.000  0.000  0.031   
CO2_Penalty             0.000  0.000  0.000  0.000  0.000  0.000  0.000   
Time value              2.029  2.382  2.373  2.378  2.383  2.374  2.374   
Transfer                2.971  3.138  3.123  3.142  3.139  3.124  3.124   
RailTrack               0.000  0.000  0.000  0.000  0.000  0.000  0.000   
Terminal                0.001  0.000  0.000  0.000  0.000  0.000  0.000   
RailElectr.             0.000  0.000  0.000  0.000  0.000  0.000  0.000   
Charging                0.132  0.136  0.137  0.136  0.136  0.137  0.137   
H2_Filling              0.001  0.001  0.001  0.001  0.001  0.001  0.001   

                                              2023        2028                \
                           PO     PB     PP   mean  std   mean           std   
LCOT                    6.604  6.854  6.964  4.269  0.0  4.761  0.000000e+00   
LCOT (Empty Trips)      1.443  1.492  1.547  1.219  0.0  1.062  0.000000e+00   
Emission                0.053  0.054  0.257  0.394  0.0  0.903  0.000000e+00   
Emission (Empty Trips)  0.000  0.000  0.000  0.176  0.0  0.248  2.943923e-17   
CO2_Penalty             0.000  0.000  0.000  0.000  0.0  0.000  0.000000e+00   
Time value              2.383  2.375  2.374  1.346  0.0  1.636  0.000000e+00   
Transfer                3.142  3.126  3.126  2.084  0.0  2.649  0.000000e+00   
RailTrack               0.000  0.000  0.000  0.024  0.0  0.000  0.000000e+00   
Terminal                0.000  0.000  0.000  0.004  0.0  0.021  0.000000e+00   
RailElectr.             0.000  0.000  0.000  0.000  0.0  0.000  0.000000e+00   
Charging                0.136  0.137  0.137  0.000  0.0  0.007  0.000000e+00   
H2_Filling              0.001  0.001  0.001  0.000  0.0  0.000  0.000000e+00   

                            2034                2040                2050  \
                            mean       std      mean       std      mean   
LCOT                    5.420111  0.377716  5.752444  0.389670  6.569000   
LCOT (Empty Trips)      1.199333  0.119906  1.263889  0.127621  1.434222   
Emission                0.842444  0.175896  0.570111  0.210672  0.321222   
Emission (Empty Trips)  0.215778  0.071876  0.148667  0.108512  0.057111   
CO2_Penalty             0.000000  0.000000  0.000000  0.000000  0.000000   
Time value              1.924889  0.000782  2.030000  0.001323  2.377333   
Transfer                3.070111  0.002421  2.966778  0.005740  3.131556   
RailTrack               0.000000  0.000000  0.000000  0.000000  0.000000   
Terminal                0.000889  0.000333  0.001444  0.000527  0.000000   
RailElectr.             0.000000  0.000000  0.000000  0.000000  0.000000   
Charging                0.056111  0.024862  0.132778  0.000441  0.136556   
H2_Filling              0.000000  0.000000  0.000778  0.000441  0.001000   

                                  
                             std  
LCOT                    0.320413  
LCOT (Empty Trips)      0.102580  
Emission                0.293208  
Emission (Empty Trips)  0.096726  
CO2_Penalty             0.000000  
Time value              0.004243  
Transfer                0.008398  
RailTrack               0.000000  
Terminal                0.000000  
RailElectr.             0.000000  
Charging                0.000527  
H2_Filling              0.000000  
                       2023     2028      2034      2040      2050     
                       mean std mean  std mean  std mean  std mean  std
LCOT                    4.3   0  4.8    0  5.4 0.38  5.8 0.39  6.6 0.32
LCOT (Empty Trips)      1.2   0  1.1    0  1.2 0.12  1.3 0.13  1.4  0.1
Emission               0.39   0  0.9    0 0.84 0.18 0.57 0.21 0.32 0.29
Emission (Empty Trips) 0.18   0 0.25    0 0.22 0.07 0.15 0.11 0.06  0.1
CO2_Penalty               0   0    0    0    0    0    0    0    0    0
Time value              1.4   0  1.6    0  1.9    0    2    0  2.4    0
Transfer                2.1   0  2.6    0  3.1    0    3 0.01  3.1 0.01
RailTrack              0.02   0    0    0    0    0    0    0    0    0
Terminal                  0   0 0.02    0    0    0    0    0    0    0
RailElectr.               0   0    0    0    0    0    0    0    0    0
Charging                  0   0 0.01    0 0.06 0.02 0.13    0 0.14    0
H2_Filling                0   0    0    0    0    0    0    0    0    0
discount_factor           1   1 0.65 0.65 0.39 0.39 0.23 0.23  0.1  0.1
emissions (MTonnes CO2 eq.):
             AvgEmission  Std  AvgEmission_perc  Std_perc
time_period                                              
2023                 7.2    0             1e+02         0
2028                 6.6    0                91         0
2034                   5  1.2                69        17
2040                 3.4  1.5                47        21
2050                 1.7  1.8                24        26
----------------
Average transport work in GTONNES*km:
    mode            product time_period TransportArbeid
0   Rail  Break bulk (fast)        2023        -0.00036
1   Rail  Break bulk (slow)        2023        -0.00023
2   Rail   Container (slow)        2023        -0.00044
3   Rail           Dry bulk        2023             9.6
4   Rail           Neo bulk        2023        -0.00034
5   Road  Break bulk (fast)        2023             5.5
6   Road  Break bulk (slow)        2023             5.6
7   Road   Container (fast)        2023               2
8   Road   Container (slow)        2023             2.7
9   Road           Dry bulk        2023            0.56
10  Road           Neo bulk        2023              12
11   Sea  Break bulk (fast)        2023           0.091
12   Sea  Break bulk (slow)        2023             1.2
13   Sea   Container (fast)        2023             0.1
14   Sea   Container (slow)        2023             1.1
15   Sea           Dry bulk        2023              97
16   Sea           Neo bulk        2023            0.26

