----------------------------
Doing the following analysis: 
FuelScen_carbontaxbase_lambda1_alpha0.8
----------------------------
Reading data...
Number of scenarios:  9
Number of scenarios:  1
Reading and constructing data
Function construct_sets Took 0.0020 seconds
Function construct_network Took 0.0101 seconds
Transport demand in the base year 2018 (in MTonnes):
             product  tot_weight
0           Dry bulk       94.86
1   Container (fast)        4.07
2   Container (slow)        9.23
3  Break bulk (fast)       11.61
4  Break bulk (slow)       15.37
5           Neo bulk       19.28
Function construct_ODD Took 0.7979 seconds
Function construct_vehicles Took 0.9695 seconds
Function construct_emission_transfer Took 0.2077 seconds
Function construct_costs Took 3.0752 seconds
Function construct_time_value Took 0.0025 seconds
Function construct_investments Took 0.0102 seconds
Function construct_charging_edges Took 0.2830 seconds
Function construct_tech_readiness Took 0.0072 seconds
Function construct_path_generation Took 0.2706 seconds
Function construct_param2 Took 0.0978 seconds
Function combined_sets Took 0.7136 seconds
Function combined_sets Took 1.1210 seconds
Done reading data.
Time used reading the base data: 30.095993518829346
Solving the first time period for initialization purposes...
Function combined_sets Took 0.3011 seconds
Using license file C:\Users\steffejb\gurobi.lic
Academic license - for non-commercial use only
Read LP format model from file C:\Users\steffejb\OneDrive - NTNU\Work\GitHub\STraM_ntnu_development\temp\pyomo\tmpjue1d7gf.pyomo.lp
Reading time = 14.84 seconds
x540794: 2206928 rows, 540794 columns, 7780367 nonzeros
Changed value of parameter FeasibilityTol to 0.0001
   Prev: 1e-06  Min: 1e-09  Max: 0.01  Default: 1e-06
Changed value of parameter MIPGap to 0.002
   Prev: 0.0001  Min: 0.0  Max: inf  Default: 0.0001
Parameter NumericFocus unchanged
   Value: 0  Min: 0  Max: 3  Default: 0
Parameter BarConvTol unchanged
   Value: 1e-08  Min: 0.0  Max: 1.0  Default: 1e-08
Parameter Crossover unchanged
   Value: -1  Min: -1  Max: 5  Default: -1
Parameter Method unchanged
   Value: -1  Min: -1  Max: 5  Default: -1
Parameter NodeMethod unchanged
   Value: -1  Min: -1  Max: 2  Default: -1
Gurobi Optimizer version 9.0.0 build v9.0.0rc2 (win64)
Optimize a model with 2206928 rows, 540794 columns and 7780367 nonzeros
Model fingerprint: 0x5f95f0c7
Coefficient statistics:
  Matrix range     [6e-06, 1e+03]
  Objective range  [1e-01, 1e+00]
  Bounds range     [0e+00, 0e+00]
  RHS range        [1e-03, 9e+01]

Concurrent LP optimizer: dual simplex and barrier
Showing barrier log only...

Presolve removed 458256 rows and 380000 columns (presolve time = 5s) ...
Presolve removed 2164377 rows and 515909 columns (presolve time = 10s) ...
Presolve removed 2204268 rows and 518515 columns
Presolve time: 12.37s
Presolved: 2660 rows, 23242 columns, 201160 nonzeros

Ordering time: 0.02s

Barrier statistics:
 AA' NZ     : 8.445e+04
 Factor NZ  : 1.896e+05 (roughly 12 MBytes of memory)
 Factor Ops : 2.653e+07 (less than 1 second per iteration)
 Threads    : 3

                  Objective                Residual
Iter       Primal          Dual         Primal    Dual     Compl     Time
   0   9.44559823e+01 -1.92600000e-01  6.64e+04 0.00e+00  2.36e+00    13s
   1   3.87921649e+01 -2.04017323e+00  2.58e+04 6.05e-02  9.61e-01    13s
   2   2.53446997e+01 -3.22867796e+00  1.53e+04 1.29e-02  5.55e-01    13s
   3   8.26449047e+00 -1.81667198e+00  2.54e+03 6.83e-03  9.54e-02    13s
   4   4.87569288e+00  6.93863164e+00  9.59e+02 1.36e-03  3.67e-02    13s
   5   3.79458325e+00  1.00164916e+01  6.59e+02 1.08e-03  2.52e-02    13s
   6   3.57066971e+00  2.42378394e+01  5.17e+02 7.26e-04  2.01e-02    13s
   7   4.28602976e+00  2.97699042e+01  4.48e+02 6.58e-04  1.75e-02    13s
   8   1.08378224e+01  3.50106038e+01  2.82e+02 5.87e-04  1.09e-02    13s
   9   1.52957006e+01  5.48363895e+01  2.20e+02 3.84e-04  8.56e-03    13s
  10   1.71024677e+01  6.28046206e+01  2.03e+02 3.48e-04  7.88e-03    13s
  11   1.98973211e+01  6.65777441e+01  1.82e+02 3.27e-04  7.04e-03    13s
  12   2.48161702e+01  6.86411968e+01  1.56e+02 2.94e-04  6.00e-03    13s
  13   2.94451704e+01  7.30246636e+01  1.37e+02 2.79e-04  5.23e-03    13s
  14   3.40900315e+01  7.57527620e+01  1.20e+02 2.62e-04  4.55e-03    13s
  15   3.69949461e+01  8.24858930e+01  1.10e+02 2.27e-04  4.19e-03    13s
  16   4.29445317e+01  8.59088052e+01  9.10e+01 2.12e-04  3.41e-03    13s
  17   4.61645639e+01  8.90854527e+01  8.22e+01 2.02e-04  3.06e-03    13s
  18   4.75892216e+01  9.26716618e+01  7.84e+01 1.92e-04  2.92e-03    13s
  19   4.97010630e+01  9.85141153e+01  7.34e+01 1.82e-04  2.72e-03    13s
  20   5.09038003e+01  1.02516697e+02  7.11e+01 1.77e-04  2.64e-03    13s
  21   5.17052444e+01  1.05795255e+02  6.96e+01 1.74e-04  2.58e-03    13s
  22   5.36680215e+01  1.09286208e+02  6.62e+01 1.70e-04  2.44e-03    13s
  23   5.51624492e+01  1.09823225e+02  6.38e+01 1.67e-04  2.34e-03    13s
  24   5.63251528e+01  1.10935168e+02  6.20e+01 1.66e-04  2.27e-03    13s
  25   5.72765544e+01  1.14845271e+02  6.07e+01 1.61e-04  2.22e-03    13s
  26   6.02330996e+01  1.19971854e+02  5.64e+01 1.56e-04  2.04e-03    13s
  27   6.17512742e+01  1.31705147e+02  5.43e+01 1.48e-04  1.96e-03    13s
  28   6.48453326e+01  1.22034357e+02  5.23e+01 1.41e-04  1.90e-03    13s
  29   6.95496272e+01  1.29158553e+02  4.79e+01 1.33e-04  1.74e-03    13s
  30   7.17988873e+01  1.32595045e+02  4.60e+01 1.27e-04  1.66e-03    13s
  31   7.53149694e+01  1.35213654e+02  4.32e+01 1.22e-04  1.56e-03    13s
  32   7.83410076e+01  1.37850465e+02  4.09e+01 1.17e-04  1.47e-03    14s
  33   8.08504807e+01  1.41411652e+02  3.90e+01 1.11e-04  1.40e-03    14s
  34   8.20408774e+01  1.43190122e+02  3.81e+01 1.09e-04  1.37e-03    14s
  35   8.39831857e+01  1.42823671e+02  3.68e+01 1.08e-04  1.32e-03    14s
  36   4.00002433e+03 -1.92600000e+03  2.81e+06 0.00e+00  1.00e+06    14s
  37   1.98276652e+04 -2.92580505e+04  1.30e+06 6.34e+02  5.07e+05    14s
  38   5.82737017e+05 -6.07180949e+04  2.68e+05 3.72e+02  1.15e+05    14s
  39   6.56663456e+05 -2.20863108e+05  8.45e+04 1.17e+02  3.66e+04    14s
  40   6.84115442e+05 -2.79454244e+05  2.51e+04 6.20e+01  1.25e+04    14s
  41   7.09766968e+05 -3.20278192e+05  7.88e+03 2.79e+01  4.45e+03    14s
  42   6.89718383e+05 -3.19357349e+05  3.29e+03 7.58e+00  1.70e+03    14s
  43   5.82387702e+05 -2.69237869e+05  5.90e+02 2.98e+00  4.03e+02    14s
  44   4.42712325e+05 -2.02335804e+05  2.05e+02 1.61e+00  1.72e+02    14s
  45   3.02742317e+05 -1.58257618e+05  7.53e+01 9.71e-01  8.30e+01    14s
  46   2.32719485e+05 -1.10899491e+05  3.37e+01 5.47e-01  4.44e+01    14s
  47   1.40131949e+05 -6.45596447e+04  1.23e+01 2.52e-01  1.94e+01    14s
  48   7.57585932e+04 -5.36387227e+04  4.60e+00 2.00e-01  1.14e+01    14s
  49   3.09573149e+04 -2.62476967e+04  1.24e+00 8.65e-02  4.31e+00    14s
  50   1.80474856e+04 -7.79201326e+03  5.65e-01 2.14e-02  1.52e+00    14s
  51   7.50785485e+03 -4.50963436e+03  1.57e-01 1.25e-02  6.84e-01    14s
  52   5.89866068e+03 -3.07303551e+03  1.13e-01 9.00e-03  4.91e-01    14s
  53   4.34565713e+03 -1.58524798e+03  7.27e-02 5.02e-03  3.00e-01    14s
  54   3.26336642e+03 -1.02195633e+03  4.55e-02 3.61e-03  2.09e-01    14s
  55   2.15992079e+03 -4.36877385e+02  2.25e-02 2.06e-03  1.20e-01    14s
  56   1.45655428e+03 -1.03196470e+02  1.12e-02 1.20e-03  6.92e-02    14s
  57   1.18272380e+03  1.89366833e+02  7.53e-03 6.10e-04  4.26e-02    14s
  58   9.53490130e+02  2.81823248e+02  4.59e-03 4.15e-04  2.84e-02    14s
  59   8.55109269e+02  3.76163220e+02  3.44e-03 2.47e-04  1.99e-02    14s
  60   6.92792512e+02  4.42066221e+02  1.58e-03 1.37e-04  1.04e-02    14s
  61   5.92950700e+02  4.82525820e+02  4.39e-04 8.05e-05  4.60e-03    14s
  62   5.61617273e+02  5.06989628e+02  1.40e-04 4.41e-05  2.28e-03    14s
  63   5.52713229e+02  5.19617220e+02  7.64e-05 2.71e-05  1.38e-03    14s
  64   5.47484487e+02  5.24959399e+02  4.53e-05 1.93e-05  9.45e-04    14s
  65   5.45672845e+02  5.29930988e+02  3.52e-05 1.20e-05  6.55e-04    15s
  66   5.44091223e+02  5.31650041e+02  2.75e-05 9.40e-06  5.17e-04    15s
  67   5.42189838e+02  5.34731423e+02  1.85e-05 4.56e-06  3.07e-04    15s
  68   5.39454774e+02  5.35292676e+02  7.71e-06 3.19e-06  1.73e-04    15s
  69   5.38198192e+02  5.36010422e+02  3.08e-06 2.01e-06  9.23e-05    15s
  70   5.37878945e+02  5.36240155e+02  1.93e-06 1.61e-06  6.95e-05    15s
  71   5.37600851e+02  5.36546374e+02  1.07e-06 1.09e-06  4.49e-05    15s
  72   5.37424116e+02  5.36856064e+02  6.32e-07 5.39e-07  2.40e-05    15s
  73   5.37347588e+02  5.36935327e+02  4.71e-07 3.74e-07  1.73e-05    15s
  74   5.37230827e+02  5.37006112e+02  2.16e-07 2.26e-07  9.52e-06    15s
  75   5.37147696e+02  5.37082223e+02  3.67e-08 5.84e-08  2.75e-06    15s
  76   5.37118418e+02  5.37106562e+02  5.60e-09 9.98e-09  4.98e-07    15s
  77   5.37114699e+02  5.37109844e+02  2.02e-09 4.19e-09  2.05e-07    15s
  78   5.37113385e+02  5.37111946e+02  7.86e-10 4.61e-10  5.79e-08    15s
  79   5.37112348e+02  5.37112221e+02  1.41e-10 2.92e-11  5.07e-09    15s
  80   5.37112255e+02  5.37112247e+02  1.30e-10 1.28e-12  2.84e-10    16s
  81   5.37112249e+02  5.37112248e+02  5.38e-08 6.61e-14  3.48e-11    16s

Barrier solved model in 81 iterations and 15.59 seconds
Optimal objective 5.37112249e+02

Crossover log...

     396 DPushes remaining with DInf 0.0000000e+00                16s
       0 DPushes remaining with DInf 5.0598301e-13                16s

      79 PPushes remaining with PInf 0.0000000e+00                16s
       0 PPushes remaining with PInf 0.0000000e+00                16s

  Push phase complete: Pinf 0.0000000e+00, Dinf 4.9984149e-13     16s

Extra one simplex iteration after uncrush
Iteration    Objective       Primal Inf.    Dual Inf.      Time
     476    5.3711220e+02   0.000000e+00   0.000000e+00     21s

Solved with barrier
Solved in 476 iterations and 22.40 seconds
Optimal objective  5.371122044e+02
the solution is feasible and optimal
Solution time: 43.87478804588318
Function combined_sets Took 1.0489 seconds
-----
Constructing full SP model...
Done constructing model.
Time used constructing the model: 293.69868993759155
----------
Solving model...
Using license file C:\Users\steffejb\gurobi.lic
Academic license - for non-commercial use only
Read LP format model from file C:\Users\steffejb\OneDrive - NTNU\Work\GitHub\STraM_ntnu_development\temp\pyomo\tmp2lqdvcjr.pyomo.lp
Reading time = 110.70 seconds
x2706869: 4554353 rows, 1834337 columns, 25949477 nonzeros
Changed value of parameter FeasibilityTol to 0.01
   Prev: 1e-06  Min: 1e-09  Max: 0.01  Default: 1e-06
Changed value of parameter MIPGap to 0.002
   Prev: 0.0001  Min: 0.0  Max: inf  Default: 0.0001
Parameter NumericFocus unchanged
   Value: 0  Min: 0  Max: 3  Default: 0
Parameter BarConvTol unchanged
   Value: 1e-08  Min: 0.0  Max: 1.0  Default: 1e-08
Parameter Crossover unchanged
   Value: -1  Min: -1  Max: 5  Default: -1
Parameter Method unchanged
   Value: -1  Min: -1  Max: 5  Default: -1
Parameter NodeMethod unchanged
   Value: -1  Min: -1  Max: 2  Default: -1
Gurobi Optimizer version 9.0.0 build v9.0.0rc2 (win64)
Optimize a model with 4554353 rows, 1834337 columns and 25949477 nonzeros
Model fingerprint: 0xbe62926f
Variable types: 1834031 continuous, 306 integer (306 binary)
Coefficient statistics:
  Matrix range     [6e-06, 1e+03]
  Objective range  [1e-01, 1e+00]
  Bounds range     [1e+00, 6e+04]
  RHS range        [1e-03, 9e+01]
Presolve removed 19676 rows and 73 columns (presolve time = 8s) ...
Presolve removed 4325150 rows and 956983 columns (presolve time = 12s) ...
Presolve removed 4353491 rows and 1035802 columns (presolve time = 15s) ...
Presolve removed 4423716 rows and 1035802 columns (presolve time = 27s) ...
Presolve removed 4423716 rows and 1040096 columns (presolve time = 30s) ...
Presolve removed 4426298 rows and 1042678 columns (presolve time = 35s) ...
Presolve removed 4426298 rows and 1042678 columns (presolve time = 40s) ...
Presolve removed 4457399 rows and 1115210 columns (presolve time = 50s) ...
Presolve removed 4457399 rows and 1121641 columns (presolve time = 50s) ...
Presolve removed 4457748 rows and 1135534 columns (presolve time = 55s) ...
Presolve removed 4458316 rows and 1135534 columns (presolve time = 60s) ...
Presolve removed 4458891 rows and 1135596 columns (presolve time = 68s) ...
Presolve removed 4459105 rows and 1136153 columns (presolve time = 72s) ...
Presolve removed 4459105 rows and 1136153 columns (presolve time = 75s) ...
Presolve removed 4459105 rows and 1136162 columns (presolve time = 80s) ...
Presolve removed 4459159 rows and 1136216 columns (presolve time = 86s) ...
Presolve removed 4459159 rows and 1136216 columns (presolve time = 90s) ...
Presolve removed 4459168 rows and 1136216 columns (presolve time = 97s) ...
Presolve removed 4459168 rows and 1136216 columns (presolve time = 102s) ...
Presolve removed 4459168 rows and 1136216 columns (presolve time = 106s) ...
Presolve removed 4459163 rows and 1136211 columns
Presolve time: 106.08s
Presolved: 95190 rows, 698126 columns, 8967288 nonzeros
Variable types: 698092 continuous, 34 integer (34 binary)

Deterministic concurrent LP optimizer: primal simplex, dual simplex, and barrier
Showing barrier log only...

Root barrier log...

Ordering time: 4.05s

Barrier statistics:
 AA' NZ     : 4.248e+06
 Factor NZ  : 1.082e+07 (roughly 400 MBytes of memory)
 Factor Ops : 2.736e+09 (less than 1 second per iteration)
 Threads    : 1

                  Objective                Residual
Iter       Primal          Dual         Primal    Dual     Compl     Time
   0   1.58186836e+12 -3.15084348e+12  8.01e+09 7.42e+01  4.49e+08   169s
   1   8.42634960e+11 -2.82958288e+12  4.27e+09 1.51e+02  2.41e+08   172s
   2   3.57254479e+11 -2.67137884e+12  1.70e+09 1.29e+02  1.00e+08   176s
   3   1.17882578e+11 -1.72066240e+12  4.83e+08 2.74e+01  2.95e+07   180s
   4   3.45631727e+10 -9.84803243e+11  7.38e+07 1.21e+01  5.17e+06   185s
   5   2.31674713e+10 -4.67663667e+11  2.50e+07 6.03e+00  1.96e+06   190s
   6   1.40188851e+10 -1.14283815e+11  6.43e+06 1.22e+00  5.15e+05   194s
   7   1.14895183e+10 -4.97939424e+10  4.52e+06 4.85e-01  3.31e+05   197s
   8   8.02937425e+09 -2.99550735e+10  2.80e+06 2.81e-01  2.06e+05   201s
   9   6.52771586e+09 -2.61345033e+10  2.15e+06 2.44e-01  1.61e+05   204s
  10   4.04982361e+09 -9.92494338e+09  1.18e+06 7.52e-02  8.59e+04   207s
  11   1.58186190e+12 -1.17244578e+13  8.01e+09 4.00e+00  1.67e+09   216s
  12   1.78499716e+11 -2.28543153e+12  9.22e+08 1.86e+02  6.32e+07   220s
  13   3.66831424e+10 -8.75784669e+11  1.85e+08 4.36e+01  9.13e+06   224s
  14   4.95509999e+09 -1.54263080e+11  2.27e+07 1.02e+01  8.93e+05   229s
  15   2.48051307e+09 -9.78359427e+10  1.03e+07 6.64e+00  4.16e+05   238s
  16   1.27289552e+09 -7.34162770e+10  4.00e+06 5.00e+00  1.93e+05   242s
  17   1.11345002e+09 -5.55447670e+10  3.22e+06 3.80e+00  1.51e+05   245s
  18   9.42863583e+08 -2.96135943e+10  2.42e+06 2.04e+00  1.04e+05   249s
  19   5.96032559e+08 -1.07766721e+10  1.14e+06 7.55e-01  4.58e+04   253s
  20   2.89864819e+08 -2.16352619e+09  3.75e+05 1.58e-01  1.32e+04   259s
  21   1.87281954e+08 -1.11694875e+09  2.25e+05 8.37e-02  7.25e+03   263s
  22   1.03302464e+08 -9.15781953e+08  1.00e+05 6.87e-02  3.38e+03   267s
  23   5.84567323e+07 -6.34091308e+08  5.14e+04 4.78e-02  1.73e+03   271s
  24   4.55167579e+07 -4.06937570e+08  3.86e+04 3.09e-02  1.17e+03   275s
  25   9.97947646e+06 -7.52206606e+07  9.78e+03 5.62e-03  1.90e+02   280s
  26   1.23199463e+06 -1.06249213e+07  1.46e+03 7.68e-04  1.79e+01   285s
  27   5.38196246e+05 -2.85031966e+06  7.36e+02 1.84e-04  5.94e+00   290s
  28   2.33054362e+05 -1.94118350e+06  3.26e+02 1.19e-04  2.98e+00   297s
  29   1.77015459e+05 -1.54945417e+06  2.48e+02 9.14e-05  2.28e+00   302s
  30   1.15030756e+05 -1.09188945e+06  1.59e+02 5.91e-05  1.50e+00   307s
  31   5.25818673e+04 -6.58473755e+05  6.67e+01 2.91e-05  7.55e-01   311s
  32   3.17051149e+04 -4.21463730e+05  3.70e+01 1.49e-05  4.50e-01   315s
  33   2.43833903e+04 -3.08593154e+05  2.64e+01 1.15e-05  3.23e-01   318s
  34   2.11972151e+04 -2.76331233e+05  2.18e+01 1.05e-05  2.81e-01   321s
  35   2.03458156e+04 -2.53274635e+05  2.06e+01 9.76e-06  2.59e-01   325s
  36   1.95428083e+04 -2.46631181e+05  1.94e+01 9.53e-06  2.50e-01   329s
  37   1.79509226e+04 -1.98723461e+05  1.71e+01 7.92e-06  2.06e-01   333s
  38   1.65417158e+04 -1.57183412e+05  1.51e+01 6.46e-06  1.67e-01   337s
  39   1.48913081e+04 -1.29759685e+05  1.28e+01 5.50e-06  1.38e-01   342s
  40   1.24355876e+04 -1.05947898e+05  9.42e+00 4.63e-06  1.08e-01   347s
  41   1.10129363e+04 -7.21215196e+04  7.47e+00 3.35e-06  7.63e-02   353s
  42   9.96414130e+03 -5.78448867e+04  6.12e+00 2.79e-06  6.14e-02   358s
  43   8.07562350e+03 -4.54557806e+04  3.59e+00 2.29e-06  4.50e-02   363s
  44   7.69369762e+03 -4.27375382e+04  3.11e+00 2.18e-06  4.16e-02   367s
  45   7.21735895e+03 -3.97259214e+04  2.52e+00 2.05e-06  3.78e-02   372s
  46   7.04228226e+03 -3.56685427e+04  2.32e+00 1.89e-06  3.43e-02   376s
  47   6.94047754e+03 -3.32982322e+04  2.20e+00 1.79e-06  3.22e-02   381s
  48   6.69838346e+03 -2.82738001e+04  1.92e+00 1.58e-06  2.79e-02   386s
  49   6.43673571e+03 -2.44333835e+04  1.65e+00 1.42e-06  2.44e-02   391s
  50   6.35348442e+03 -2.26392941e+04  1.58e+00 1.34e-06  2.29e-02   396s
  51   6.08382495e+03 -2.09253864e+04  1.34e+00 1.26e-06  2.10e-02   401s
  52   5.93651557e+03 -1.87953157e+04  1.23e+00 1.16e-06  1.91e-02   407s
  53   5.79927091e+03 -1.73002229e+04  1.13e+00 1.09e-06  1.78e-02   412s
  54   5.60545657e+03 -1.56357468e+04  9.99e-01 1.01e-06  1.62e-02   416s
  55   5.45746823e+03 -1.37295844e+04  9.01e-01 9.19e-07  1.46e-02   421s
  56   5.27806696e+03 -1.31320107e+04  7.88e-01 8.89e-07  1.39e-02   426s
  57   5.20945957e+03 -1.26152836e+04  7.48e-01 8.63e-07  1.34e-02   432s
  58   5.12110033e+03 -1.18642505e+04  6.94e-01 8.26e-07  1.27e-02   436s
  59   4.86548967e+03 -1.03860314e+04  5.54e-01 7.51e-07  1.13e-02   440s
  60   4.61713098e+03 -9.06626287e+03  4.28e-01 6.82e-07  9.98e-03   443s
  61   4.59722816e+03 -8.84866537e+03  4.20e-01 6.70e-07  9.81e-03   447s
  62   4.54696601e+03 -8.65325490e+03  4.01e-01 6.60e-07  9.61e-03   449s
  63   4.48461159e+03 -7.81609566e+03  3.74e-01 6.17e-07  8.93e-03   456s
  64   4.44720120e+03 -7.38241290e+03  3.60e-01 5.93e-07  8.58e-03   460s
  65   4.38810004e+03 -6.52153861e+03  3.37e-01 5.46e-07  7.90e-03   464s
  66   4.29478013e+03 -6.23336554e+03  3.06e-01 5.31e-07  7.60e-03   468s
  67   4.24191498e+03 -5.44887066e+03  2.86e-01 4.89e-07  6.99e-03   471s
  68   4.16344566e+03 -4.90531243e+03  2.65e-01 4.59e-07  6.53e-03   475s
  69   4.12747185e+03 -4.58344491e+03  2.54e-01 4.41e-07  6.26e-03   478s
  70   4.02995339e+03 -4.02048833e+03  2.25e-01 4.10e-07  5.77e-03   482s
  71   3.98446938e+03 -3.59605378e+03  2.14e-01 3.86e-07  5.43e-03   485s
  72   3.90303521e+03 -3.37610410e+03  1.92e-01 3.73e-07  5.20e-03   488s
  73   3.76630913e+03 -2.09525639e+03  1.63e-01 2.98e-07  4.18e-03   492s
  74   3.71036635e+03 -1.84765812e+03  1.51e-01 2.83e-07  3.96e-03   497s
  75   3.60316715e+03 -1.51265565e+03  1.28e-01 2.64e-07  3.63e-03   502s
  76   3.53172592e+03 -1.00972990e+03  1.13e-01 2.34e-07  3.22e-03   506s
  77   3.43111990e+03 -6.78826089e+02  9.26e-02 2.15e-07  2.90e-03   510s
  78   3.34523317e+03  6.55849599e+00  7.52e-02 1.75e-07  2.35e-03   513s
  79   3.25836097e+03  2.51260126e+02  5.78e-02 1.60e-07  2.11e-03   517s
  80   3.19647084e+03  9.83529910e+02  4.70e-02 1.16e-07  1.55e-03   521s
  81   3.15090473e+03  1.26727826e+03  3.98e-02 9.91e-08  1.32e-03   526s
  82   3.10488319e+03  1.63049743e+03  3.28e-02 7.69e-08  1.03e-03   530s
  83   3.04848676e+03  1.89067629e+03  2.46e-02 6.09e-08  8.11e-04   534s
  84   2.98954068e+03  2.08946922e+03  1.66e-02 4.85e-08  6.29e-04   539s
  85   2.96509785e+03  2.23727127e+03  1.37e-02 3.92e-08  5.08e-04   544s
  86   2.92871180e+03  2.28440608e+03  9.35e-03 3.62e-08  4.49e-04   548s
  87   2.90793592e+03  2.41133400e+03  7.14e-03 2.82e-08  3.46e-04   552s
  88   2.88831137e+03  2.53055470e+03  5.14e-03 2.07e-08  2.49e-04   556s
  89   2.87881454e+03  2.58612142e+03  4.12e-03 1.69e-08  2.04e-04   561s
  90   2.86874961e+03  2.64206759e+03  3.01e-03 1.34e-08  1.58e-04   566s
  91   2.86209567e+03  2.67108960e+03  2.15e-03 1.11e-08  1.33e-04   572s
  92   2.85869111e+03  2.71824406e+03  1.57e-03 8.64e-09  9.75e-05   577s
  93   2.85620480e+03  2.73923573e+03  9.87e-04 6.89e-09  8.11e-05   580s
  94   2.85322554e+03  2.76212162e+03  8.35e-04 5.22e-09  6.32e-05   583s
  95   2.84938374e+03  2.78282034e+03  5.52e-04 4.25e-09  4.61e-05   586s
  96   2.84749366e+03  2.80046233e+03  3.81e-04 3.35e-09  3.26e-05   588s
  97   2.84617974e+03  2.81194882e+03  2.36e-04 2.94e-09  2.37e-05   592s
  98   2.84533821e+03  2.82431328e+03  1.38e-04 2.37e-09  1.46e-05   596s
  99   2.84479159e+03  2.83104032e+03  6.26e-05 2.05e-09  9.51e-06   600s
 100   2.84469214e+03  2.83473531e+03  4.55e-05 2.13e-09  6.89e-06   603s
 101   2.84462661e+03  2.83855734e+03  3.45e-05 1.29e-09  4.20e-06   607s
 102   2.84452559e+03  2.84124464e+03  2.05e-05 7.08e-10  2.27e-06   610s
 103   2.84445139e+03  2.84207998e+03  9.03e-06 5.26e-10  1.64e-06   613s
 104   2.84443069e+03  2.84317317e+03  5.79e-06 2.85e-10  8.70e-07   616s
 105   2.84440555e+03  2.84392423e+03  2.32e-06 1.30e-10  3.33e-07   619s
 106   2.84439509e+03  2.84418209e+03  1.05e-06 1.10e-10  1.47e-07   625s
 107   2.84438908e+03  2.84432484e+03  3.87e-07 1.48e-10  4.45e-08   631s
 108   2.84438692e+03  2.84435388e+03  1.57e-07 2.13e-10  2.30e-08   636s
 109   2.84438569e+03  2.84437806e+03  4.68e-08 6.35e-11  5.31e-09   641s
 110   2.84438533e+03  2.84438276e+03  1.52e-08 7.46e-11  1.80e-09   646s
 111   2.84438521e+03  2.84438475e+03  1.41e-08 1.65e-11  3.27e-10   649s
 112   2.84438520e+03  2.84438482e+03  1.29e-08 1.43e-11  2.75e-10   653s
 113   2.84438515e+03  2.84438510e+03  1.78e-09 5.93e-11  3.68e-11   657s
 114   2.84438514e+03  2.84438514e+03  5.92e-10 5.34e-12  4.92e-13   660s

Barrier solved model in 114 iterations and 660.05 seconds
Optimal objective 2.84438514e+03


Root crossover log...

    8932 DPushes remaining with DInf 1.0113998e-06               661s
       0 DPushes remaining with DInf 3.1764234e-12               662s

   37578 PPushes remaining with PInf 4.8997129e+05               662s
    8395 PPushes remaining with PInf 1.0616346e+05               665s

  Push phase complete: Pinf 1.0616346e+05, Dinf 3.0733412e+00    665s


Root simplex log...

Iteration    Objective       Primal Inf.    Dual Inf.      Time
   34366    2.5316182e+03   6.299610e+05   0.000000e+00    665s
   37188    2.5349311e+03   2.771185e+04   0.000000e+00    671s
   40258    2.5357293e+03   6.062080e+04   0.000000e+00    675s
   45330    2.5364055e+03   2.726111e+04   0.000000e+00    683s
   47046    2.5364970e+03   1.277536e+05   0.000000e+00    688s
   48762    2.5365610e+03   2.764758e+04   0.000000e+00    694s
   50478    2.5367262e+03   3.561774e+04   0.000000e+00    700s
   53910    2.5367458e+03   4.908003e+04   0.000000e+00    710s
   54910    2.5367477e+03   1.504404e+05   0.000000e+00    715s
   55560    2.5367489e+03   5.469085e+04   0.000000e+00    719s
   56460    2.5367525e+03   8.702696e+04   0.000000e+00    722s
   58000    2.5367610e+03   6.235387e+04   0.000000e+00    726s
   59660    2.5367907e+03   4.841965e+04   0.000000e+00    730s
   61040    2.5367922e+03   3.548243e+04   0.000000e+00    736s
   62250    2.5367943e+03   1.273644e+05   0.000000e+00    742s
   62970    2.5367954e+03   1.335519e+05   0.000000e+00    745s
   63720    2.5367992e+03   1.222405e+05   0.000000e+00    752s
   64150    2.5368011e+03   1.403242e+05   0.000000e+00    756s
   65290    2.5368029e+03   1.557181e+05   0.000000e+00    763s
   66110    2.5368045e+03   5.848137e+04   0.000000e+00    767s
   67320    2.5368462e+03   6.072560e+04   0.000000e+00    773s
   67850    2.5368471e+03   6.316269e+05   0.000000e+00    778s
   68240    2.5368477e+03   1.753240e+05   0.000000e+00    782s
   68830    2.5368489e+03   2.346431e+05   0.000000e+00    786s
   69640    2.5368513e+03   4.980116e+05   0.000000e+00    790s
   71190    2.5368549e+03   4.392499e+05   0.000000e+00    798s
   71820    2.5368563e+03   2.675991e+05   0.000000e+00    802s
   72340    2.5368581e+03   5.866494e+05   0.000000e+00    806s
   73250    2.5368605e+03   1.523905e+05   0.000000e+00    813s
   74060    2.5368622e+03   8.313981e+04   0.000000e+00    816s
   75220    2.5368656e+03   3.471397e+05   0.000000e+00    823s
   75580    2.5368667e+03   3.201243e+04   0.000000e+00    828s
   75970    2.5368678e+03   2.192281e+04   0.000000e+00    832s
   76630    2.5368694e+03   6.125294e+05   0.000000e+00    838s
   76960    2.5368704e+03   7.570455e+04   0.000000e+00    841s
   78280    2.5369071e+03   8.876225e+04   0.000000e+00    848s
   79996    2.5369295e+03   8.927795e+04   0.000000e+00    852s
   81096    2.5369503e+03   3.002072e+05   0.000000e+00    857s
   81556    2.5369530e+03   3.580479e+05   0.000000e+00    861s
   82496    2.5369568e+03   3.351974e+05   0.000000e+00    868s
   82836    2.5369579e+03   4.183721e+04   0.000000e+00    871s
   83636    2.5369609e+03   8.024203e+04   0.000000e+00    878s
   84126    2.5369625e+03   8.689363e+04   0.000000e+00    882s
   84566    2.5369659e+03   9.800529e+04   0.000000e+00    886s
   86682    2.5370184e+03   2.608198e+04   0.000000e+00    892s
   87302    2.5370191e+03   2.591847e+04   0.000000e+00    896s
   87922    2.5370203e+03   5.338011e+04   0.000000e+00    902s
   88452    2.5370222e+03   3.590173e+05   0.000000e+00    906s
   88922    2.5370235e+03   9.869619e+04   0.000000e+00    910s
   90182    2.5370259e+03   5.256420e+04   0.000000e+00    918s
   90872    2.5370348e+03   4.129671e+04   0.000000e+00    922s
   91722    2.5370372e+03   4.030108e+04   0.000000e+00    926s
   93072    2.5370913e+03   3.865441e+04   0.000000e+00    930s
   94052    2.5370930e+03   2.303901e+04   0.000000e+00    937s
   94382    2.5370936e+03   6.198814e+04   0.000000e+00    941s
   94962    2.5370949e+03   4.511494e+04   0.000000e+00    947s
   95392    2.5370957e+03   4.443650e+04   0.000000e+00    951s
   95832    2.5370966e+03   2.847677e+04   0.000000e+00    955s
   96472    2.5370979e+03   3.092220e+04   0.000000e+00    961s
   97042    2.5370994e+03   2.330358e+04   0.000000e+00    965s
   97812    2.5371495e+03   2.161717e+04   0.000000e+00    970s
   98572    2.5371647e+03   3.452437e+04   0.000000e+00    976s
   99372    2.5371664e+03   2.202036e+04   0.000000e+00    984s
   99662    2.5371674e+03   3.544145e+04   0.000000e+00    988s
  100502    2.5371755e+03   4.311130e+04   0.000000e+00    992s
  101002    2.5371765e+03   1.922494e+04   0.000000e+00    995s
  102092    2.5371845e+03   2.469608e+04   0.000000e+00   1002s
  102412    2.5371853e+03   3.255124e+04   0.000000e+00   1006s
  102992    2.5371868e+03   4.429246e+04   0.000000e+00   1013s
  103272    2.5371879e+03   1.770465e+04   0.000000e+00   1017s
  103572    2.5371889e+03   6.752303e+04   0.000000e+00   1021s
  104162    2.5371913e+03   4.412256e+04   0.000000e+00   1028s
  104602    2.5371927e+03   3.635884e+04   0.000000e+00   1034s
  105302    2.5372181e+03   3.444740e+04   0.000000e+00   1038s
  105712    2.5372192e+03   1.259396e+05   0.000000e+00   1043s
  106232    2.5372227e+03   3.481897e+04   0.000000e+00   1047s
  106552    2.5372240e+03   2.582221e+04   0.000000e+00   1050s
  107122    2.5372285e+03   3.043267e+05   0.000000e+00   1059s
  107402    2.5372304e+03   2.882570e+04   0.000000e+00   1064s
  107702    2.5372315e+03   4.551771e+04   0.000000e+00   1068s
  108012    2.5372325e+03   1.553327e+06   0.000000e+00   1072s
  108362    2.5372338e+03   7.778390e+04   0.000000e+00   1076s
  108682    2.5372359e+03   4.666062e+04   0.000000e+00   1082s
  108982    2.5372372e+03   8.117705e+04   0.000000e+00   1088s
  109262    2.5372381e+03   8.904308e+04   0.000000e+00   1093s
  109982    2.5372838e+03   1.630044e+05   0.000000e+00   1097s
  110402    2.5372861e+03   1.070466e+05   0.000000e+00   1101s
  112082    2.5374303e+03   8.603558e+05   0.000000e+00   1107s
  112472    2.5374315e+03   1.289808e+05   0.000000e+00   1110s
  113152    2.5374602e+03   2.161985e+05   0.000000e+00   1117s
  113602    2.5374644e+03   1.764805e+05   0.000000e+00   1125s
  114152    2.5374666e+03   3.073613e+04   0.000000e+00   1132s
  114562    2.5374684e+03   6.012808e+04   0.000000e+00   1138s
  114942    2.5374697e+03   6.891299e+04   0.000000e+00   1144s
  115412    2.5374720e+03   3.640400e+04   0.000000e+00   1150s
  115892    2.5374753e+03   6.837351e+04   0.000000e+00   1156s
  116222    2.5374768e+03   5.632097e+04   0.000000e+00   1161s
  116652    2.5374954e+03   5.825237e+04   0.000000e+00   1168s
  116992    2.5374967e+03   5.340307e+04   0.000000e+00   1172s
  117262    2.5374977e+03   9.512422e+04   0.000000e+00   1176s
  118202    2.5375310e+03   8.179910e+04   0.000000e+00   1183s
  118472    2.5375329e+03   1.329854e+05   0.000000e+00   1186s
  119532    2.5377554e+03   1.715011e+05   0.000000e+00   1190s
  120702    2.5377827e+03   2.941776e+04   0.000000e+00   1199s
  121102    2.5377850e+03   5.499280e+04   0.000000e+00   1203s
  121452    2.5377863e+03   5.181327e+04   0.000000e+00   1207s
  121772    2.5377876e+03   4.783735e+04   0.000000e+00   1212s
  122482    2.5377893e+03   2.313803e+04   0.000000e+00   1220s
  123302    2.5377970e+03   3.093828e+04   0.000000e+00   1229s
  123612    2.5377979e+03   1.772442e+05   0.000000e+00   1232s
  124292    2.5378020e+03   3.680274e+04   0.000000e+00   1238s
  124542    2.5378030e+03   1.442589e+05   0.000000e+00   1241s
  125332    2.5378581e+03   1.906401e+04   0.000000e+00   1248s
  125622    2.5378591e+03   1.712878e+04   0.000000e+00   1252s
  126382    2.5380304e+03   3.609970e+04   0.000000e+00   1259s
  126722    2.5380478e+03   3.845220e+04   0.000000e+00   1262s
  127242    2.5380533e+03   2.479398e+04   0.000000e+00   1268s
  127542    2.5380548e+03   3.037456e+04   0.000000e+00   1272s
  127782    2.5380563e+03   5.197864e+04   0.000000e+00   1275s
  128512    2.5380793e+03   1.809271e+04   0.000000e+00   1282s
  129252    2.5381527e+03   1.973847e+04   0.000000e+00   1288s
  129492    2.5381542e+03   2.730576e+04   0.000000e+00   1292s
  129972    2.5381569e+03   5.775123e+04   0.000000e+00   1299s
  130302    2.5381584e+03   2.293651e+04   0.000000e+00   1301s
  130862    2.5381609e+03   2.788524e+04   0.000000e+00   1310s
  131192    2.5381630e+03   2.677805e+04   0.000000e+00   1314s
  131542    2.5381644e+03   2.369445e+04   0.000000e+00   1318s
  131832    2.5381659e+03   1.412706e+05   0.000000e+00   1322s
  132162    2.5381669e+03   2.073667e+04   0.000000e+00   1325s
  132882    2.5381906e+03   1.658818e+04   0.000000e+00   1332s
  133242    2.5381918e+03   2.416335e+04   0.000000e+00   1337s
  133542    2.5381935e+03   2.124642e+04   0.000000e+00   1340s
  134072    2.5381967e+03   2.084027e+04   0.000000e+00   1348s
  134392    2.5381978e+03   2.373559e+05   0.000000e+00   1352s
  134632    2.5381992e+03   2.675453e+05   0.000000e+00   1355s
  135442    2.5382434e+03   1.465423e+04   0.000000e+00   1364s
  135852    2.5382475e+03   3.200952e+04   0.000000e+00   1367s
  136252    2.5382494e+03   3.980559e+04   0.000000e+00   1371s
  136892    2.5382523e+03   4.389492e+04   0.000000e+00   1377s
  137652    2.5382604e+03   1.686766e+04   0.000000e+00   1383s
  137952    2.5382629e+03   2.666467e+04   0.000000e+00   1385s
  138852    2.5382690e+03   2.466396e+04   0.000000e+00   1390s
  139922    2.5382799e+03   1.924521e+04   0.000000e+00   1396s
Concurrent spin time: 298.38s (can be avoided by choosing Method=3)

Solved with dual simplex

Root relaxation: objective 2.453431e+03, 209353 iterations, 1272.14 seconds

    Nodes    |    Current Node    |     Objective Bounds      |     Work
 Expl Unexpl |  Obj  Depth IntInf | Incumbent    BestBd   Gap | It/Node Time

     0     0 2453.43096    0    3          - 2453.43096      -     - 1399s
H    0     0                    2453.4636930 2453.43096  0.00%     - 1511s

Explored 1 nodes (209353 simplex iterations) in 1513.94 seconds
Thread count was 8 (of 8 available processors)

Solution count 1: 2453.46 

Optimal solution found (tolerance 2.00e-03)
Warning: max constraint violation (8.6949e-02) exceeds tolerance
Warning: max bound violation (7.9709e-02) exceeds tolerance
Best objective 2.453463692970e+03, best bound 2.453463692970e+03, gap 0.0000%
the solution is feasible and optimal
Solution time: 1645.523734331131
Done solving model.
Time used solving the model: 1980.7654411792755
----------Dumping data in pickle file...done.
Dumping results in pickle file.....done.
