----------------------------
Doing the following analysis: 
FuelScen_carbontaxbase
neutral
----------------------------
Reading data...
Number of scenarios:  9
Number of scenarios:  1
Reading and constructing data
Function construct_sets Took 0.0015 seconds
Function construct_network Took 0.0089 seconds
Transport demand in the base year 2018 (in MTonnes):
             product  tot_weight
0           Dry bulk       94.86
1   Container (fast)        4.07
2   Container (slow)        9.23
3  Break bulk (fast)       11.61
4  Break bulk (slow)       15.37
5           Neo bulk       19.28
Function construct_ODD Took 0.7697 seconds
Function construct_vehicles Took 1.0504 seconds
Function construct_emission_transfer Took 0.3403 seconds
Function construct_costs Took 3.3798 seconds
Function construct_time_value Took 0.0013 seconds
Function construct_investments Took 0.0118 seconds
Function construct_charging_edges Took 0.4235 seconds
Function construct_tech_readiness Took 0.0110 seconds
Function construct_path_generation Took 0.4372 seconds
Function construct_param2 Took 0.1090 seconds
Function combined_sets Took 1.0778 seconds
Function combined_sets Took 0.6952 seconds
Done reading data.
Time used reading the base data: 30.540060997009277
Solving the first time period for initialization purposes...
Function combined_sets Took 0.2650 seconds
Using license file C:\Users\steffejb\gurobi.lic
Academic license - for non-commercial use only
Read LP format model from file C:\Users\steffejb\OneDrive - NTNU\Work\GitHub\STraM_ntnu_development\temp\pyomo\tmp7cn7_48t.pyomo.lp
Reading time = 24.84 seconds
x540794: 2206928 rows, 540794 columns, 7780367 nonzeros
Changed value of parameter FeasibilityTol to 0.0001
   Prev: 1e-06  Min: 1e-09  Max: 0.01  Default: 1e-06
Changed value of parameter MIPGap to 0.002
   Prev: 0.0001  Min: 0.0  Max: inf  Default: 0.0001
Parameter NumericFocus unchanged
   Value: 0  Min: 0  Max: 3  Default: 0
Parameter BarConvTol unchanged
   Value: 1e-08  Min: 0.0  Max: 1.0  Default: 1e-08
Parameter Crossover unchanged
   Value: -1  Min: -1  Max: 5  Default: -1
Parameter Method unchanged
   Value: -1  Min: -1  Max: 5  Default: -1
Parameter NodeMethod unchanged
   Value: -1  Min: -1  Max: 2  Default: -1
Gurobi Optimizer version 9.0.0 build v9.0.0rc2 (win64)
Optimize a model with 2206928 rows, 540794 columns and 7780367 nonzeros
Model fingerprint: 0x92501773
Coefficient statistics:
  Matrix range     [6e-06, 1e+03]
  Objective range  [1e-01, 1e-01]
  Bounds range     [0e+00, 0e+00]
  RHS range        [1e-03, 9e+01]

Concurrent LP optimizer: dual simplex and barrier
Showing barrier log only...

Presolve removed 108246 rows and 30000 columns (presolve time = 5s) ...
Presolve removed 561816 rows and 483569 columns (presolve time = 10s) ...
Presolve removed 2204268 rows and 518515 columns
Presolve time: 13.64s
Presolved: 2660 rows, 23242 columns, 201160 nonzeros

Ordering time: 0.02s

Barrier statistics:
 AA' NZ     : 8.445e+04
 Factor NZ  : 1.896e+05 (roughly 12 MBytes of memory)
 Factor Ops : 2.653e+07 (less than 1 second per iteration)
 Threads    : 3

                  Objective                Residual
Iter       Primal          Dual         Primal    Dual     Compl     Time
   0   9.44559823e+01 -1.92600000e-01  6.64e+04 0.00e+00  2.36e+00    14s
   1   3.87921649e+01 -2.04017323e+00  2.58e+04 6.05e-02  9.61e-01    14s
   2   2.53446997e+01 -3.22867796e+00  1.53e+04 1.29e-02  5.55e-01    14s
   3   8.26449047e+00 -1.81667198e+00  2.54e+03 6.83e-03  9.54e-02    14s
   4   4.87569288e+00  6.93863164e+00  9.59e+02 1.36e-03  3.67e-02    14s
   5   3.79458325e+00  1.00164916e+01  6.59e+02 1.08e-03  2.52e-02    14s
   6   3.57066971e+00  2.42378394e+01  5.17e+02 7.26e-04  2.01e-02    14s
   7   4.28602976e+00  2.97699042e+01  4.48e+02 6.58e-04  1.75e-02    14s
   8   1.08378224e+01  3.50106038e+01  2.82e+02 5.87e-04  1.09e-02    14s
   9   1.52957006e+01  5.48363895e+01  2.20e+02 3.84e-04  8.56e-03    14s
  10   1.71024677e+01  6.28046206e+01  2.03e+02 3.48e-04  7.88e-03    14s
  11   1.98973211e+01  6.65777441e+01  1.82e+02 3.27e-04  7.04e-03    14s
  12   2.48161702e+01  6.86411968e+01  1.56e+02 2.94e-04  6.00e-03    14s
  13   2.94451704e+01  7.30246636e+01  1.37e+02 2.79e-04  5.23e-03    14s
  14   3.40900315e+01  7.57527620e+01  1.20e+02 2.62e-04  4.55e-03    14s
  15   3.69949461e+01  8.24858930e+01  1.10e+02 2.27e-04  4.19e-03    14s
  16   4.29445317e+01  8.59088052e+01  9.10e+01 2.12e-04  3.41e-03    14s
  17   4.61645639e+01  8.90854527e+01  8.22e+01 2.02e-04  3.06e-03    14s
  18   4.75892216e+01  9.26716618e+01  7.84e+01 1.92e-04  2.92e-03    14s
  19   4.97010630e+01  9.85141153e+01  7.34e+01 1.82e-04  2.72e-03    14s
  20   5.09038003e+01  1.02516697e+02  7.11e+01 1.77e-04  2.64e-03    14s
  21   5.17052444e+01  1.05795255e+02  6.96e+01 1.74e-04  2.58e-03    14s
  22   5.36680215e+01  1.09286208e+02  6.62e+01 1.70e-04  2.44e-03    14s
  23   5.51624492e+01  1.09823225e+02  6.38e+01 1.67e-04  2.34e-03    14s
  24   5.63251528e+01  1.10935168e+02  6.20e+01 1.66e-04  2.27e-03    14s
  25   5.72765544e+01  1.14845271e+02  6.07e+01 1.61e-04  2.22e-03    14s
  26   6.02330996e+01  1.19971854e+02  5.64e+01 1.56e-04  2.04e-03    14s
  27   6.17512742e+01  1.31705147e+02  5.43e+01 1.48e-04  1.96e-03    14s
  28   6.48453326e+01  1.22034357e+02  5.23e+01 1.41e-04  1.90e-03    14s
  29   6.95496272e+01  1.29158553e+02  4.79e+01 1.33e-04  1.74e-03    14s
  30   7.17988873e+01  1.32595045e+02  4.60e+01 1.27e-04  1.66e-03    14s
  31   7.53149694e+01  1.35213654e+02  4.32e+01 1.22e-04  1.56e-03    14s
  32   7.83410076e+01  1.37850465e+02  4.09e+01 1.17e-04  1.47e-03    14s
  33   8.08504807e+01  1.41411652e+02  3.90e+01 1.11e-04  1.40e-03    14s
  34   8.20408774e+01  1.43190122e+02  3.81e+01 1.09e-04  1.37e-03    14s
  35   8.39831857e+01  1.42823671e+02  3.68e+01 1.08e-04  1.32e-03    14s
  36   4.00002433e+03 -1.92600000e+03  2.81e+06 0.00e+00  1.00e+06    14s
  37   1.98276652e+04 -2.92580505e+04  1.30e+06 6.34e+02  5.07e+05    14s
  38   5.82737017e+05 -6.07180949e+04  2.68e+05 3.72e+02  1.15e+05    14s
  39   6.56663456e+05 -2.20863108e+05  8.45e+04 1.17e+02  3.66e+04    14s
  40   6.84115442e+05 -2.79454244e+05  2.51e+04 6.20e+01  1.25e+04    14s
  41   7.09766968e+05 -3.20278192e+05  7.88e+03 2.79e+01  4.45e+03    14s
  42   6.89718383e+05 -3.19357349e+05  3.29e+03 7.58e+00  1.70e+03    14s
  43   5.82387702e+05 -2.69237869e+05  5.90e+02 2.98e+00  4.03e+02    14s
  44   4.42712325e+05 -2.02335804e+05  2.05e+02 1.61e+00  1.72e+02    14s
  45   3.02742317e+05 -1.58257618e+05  7.53e+01 9.71e-01  8.30e+01    14s
  46   2.32719485e+05 -1.10899491e+05  3.37e+01 5.47e-01  4.44e+01    14s
  47   1.40131949e+05 -6.45596447e+04  1.23e+01 2.52e-01  1.94e+01    14s
  48   7.57585932e+04 -5.36387227e+04  4.60e+00 2.00e-01  1.14e+01    14s
  49   3.09573149e+04 -2.62476967e+04  1.24e+00 8.65e-02  4.31e+00    14s
  50   1.80474856e+04 -7.79201326e+03  5.65e-01 2.14e-02  1.52e+00    14s
  51   7.50785485e+03 -4.50963436e+03  1.57e-01 1.25e-02  6.84e-01    14s
  52   5.89866068e+03 -3.07303551e+03  1.13e-01 9.00e-03  4.91e-01    15s
  53   4.34565713e+03 -1.58524798e+03  7.27e-02 5.02e-03  3.00e-01    15s
  54   3.26336642e+03 -1.02195633e+03  4.55e-02 3.61e-03  2.09e-01    15s
  55   2.15992079e+03 -4.36877385e+02  2.25e-02 2.06e-03  1.20e-01    15s
  56   1.45655428e+03 -1.03196470e+02  1.12e-02 1.20e-03  6.92e-02    15s
  57   1.18272380e+03  1.89366833e+02  7.53e-03 6.10e-04  4.26e-02    15s
  58   9.53490130e+02  2.81823248e+02  4.59e-03 4.15e-04  2.84e-02    15s
  59   8.55109269e+02  3.76163220e+02  3.44e-03 2.47e-04  1.99e-02    15s
  60   6.92792512e+02  4.42066221e+02  1.58e-03 1.37e-04  1.04e-02    15s
  61   5.92950700e+02  4.82525820e+02  4.39e-04 8.05e-05  4.60e-03    15s
  62   5.61617273e+02  5.06989628e+02  1.40e-04 4.41e-05  2.28e-03    15s
  63   5.52713229e+02  5.19617220e+02  7.64e-05 2.71e-05  1.38e-03    15s
  64   5.47484487e+02  5.24959399e+02  4.53e-05 1.93e-05  9.45e-04    15s
  65   5.45672845e+02  5.29930988e+02  3.52e-05 1.20e-05  6.55e-04    15s
  66   5.44091223e+02  5.31650041e+02  2.75e-05 9.40e-06  5.17e-04    15s
  67   5.42189838e+02  5.34731423e+02  1.85e-05 4.56e-06  3.07e-04    15s
  68   5.39454774e+02  5.35292676e+02  7.71e-06 3.19e-06  1.73e-04    15s
  69   5.38198192e+02  5.36010422e+02  3.08e-06 2.01e-06  9.23e-05    15s
  70   5.37878945e+02  5.36240155e+02  1.93e-06 1.61e-06  6.95e-05    15s
  71   5.37600851e+02  5.36546374e+02  1.07e-06 1.09e-06  4.49e-05    15s
  72   5.37424116e+02  5.36856064e+02  6.32e-07 5.39e-07  2.40e-05    15s
  73   5.37347588e+02  5.36935327e+02  4.71e-07 3.74e-07  1.73e-05    15s
  74   5.37230827e+02  5.37006112e+02  2.16e-07 2.26e-07  9.52e-06    15s
  75   5.37147696e+02  5.37082223e+02  3.67e-08 5.84e-08  2.75e-06    15s
  76   5.37118418e+02  5.37106562e+02  5.60e-09 9.98e-09  4.98e-07    15s
  77   5.37114699e+02  5.37109844e+02  2.02e-09 4.19e-09  2.05e-07    15s
  78   5.37113385e+02  5.37111946e+02  7.86e-10 4.61e-10  5.79e-08    15s
  79   5.37112348e+02  5.37112221e+02  1.41e-10 2.92e-11  5.07e-09    15s
  80   5.37112255e+02  5.37112247e+02  1.30e-10 1.28e-12  2.84e-10    15s
  81   5.37112249e+02  5.37112248e+02  5.38e-08 6.61e-14  3.48e-11    15s

Barrier solved model in 81 iterations and 15.02 seconds
Optimal objective 5.37112249e+02

Crossover log...

     396 DPushes remaining with DInf 0.0000000e+00                15s
       0 DPushes remaining with DInf 5.0598301e-13                15s

      79 PPushes remaining with PInf 0.0000000e+00                15s
       0 PPushes remaining with PInf 0.0000000e+00                15s

  Push phase complete: Pinf 0.0000000e+00, Dinf 4.9984149e-13     15s

Extra one simplex iteration after uncrush
Iteration    Objective       Primal Inf.    Dual Inf.      Time
     476    5.3711220e+02   0.000000e+00   0.000000e+00     20s

Solved with barrier
Solved in 476 iterations and 21.99 seconds
Optimal objective  5.371122044e+02
the solution is feasible and optimal
Solution time: 53.602638959884644
Function combined_sets Took 1.1039 seconds
-----
Constructing full SP model...
Done constructing model.
Time used constructing the model: 271.33331847190857
----------
Solving model...
Using license file C:\Users\steffejb\gurobi.lic
Academic license - for non-commercial use only
Read LP format model from file C:\Users\steffejb\OneDrive - NTNU\Work\GitHub\STraM_ntnu_development\temp\pyomo\tmpcwcawcup.pyomo.lp
Reading time = 65.17 seconds
x2706869: 4554353 rows, 1834337 columns, 25949477 nonzeros
Changed value of parameter FeasibilityTol to 0.01
   Prev: 1e-06  Min: 1e-09  Max: 0.01  Default: 1e-06
Changed value of parameter MIPGap to 0.002
   Prev: 0.0001  Min: 0.0  Max: inf  Default: 0.0001
Parameter NumericFocus unchanged
   Value: 0  Min: 0  Max: 3  Default: 0
Parameter BarConvTol unchanged
   Value: 1e-08  Min: 0.0  Max: 1.0  Default: 1e-08
Parameter Crossover unchanged
   Value: -1  Min: -1  Max: 5  Default: -1
Parameter Method unchanged
   Value: -1  Min: -1  Max: 5  Default: -1
Parameter NodeMethod unchanged
   Value: -1  Min: -1  Max: 2  Default: -1
Gurobi Optimizer version 9.0.0 build v9.0.0rc2 (win64)
Optimize a model with 4554353 rows, 1834337 columns and 25949477 nonzeros
Model fingerprint: 0x7bcafa0b
Variable types: 1834031 continuous, 306 integer (306 binary)
Coefficient statistics:
  Matrix range     [6e-06, 1e+03]
  Objective range  [1e-01, 1e-01]
  Bounds range     [1e+00, 6e+04]
  RHS range        [1e-03, 9e+01]
Presolve removed 1036928 rows and 83 columns (presolve time = 5s) ...
Presolve removed 4355066 rows and 1037378 columns (presolve time = 11s) ...
Presolve removed 4425291 rows and 1037378 columns (presolve time = 17s) ...
Presolve removed 4426541 rows and 1042922 columns (presolve time = 20s) ...
Presolve removed 4447214 rows and 1056918 columns (presolve time = 25s) ...
Presolve removed 4457642 rows and 1115913 columns (presolve time = 31s) ...
Presolve removed 4458424 rows and 1135643 columns (presolve time = 35s) ...
Presolve removed 4458999 rows and 1135948 columns (presolve time = 42s) ...
Presolve removed 4459141 rows and 1136190 columns (presolve time = 45s) ...
Presolve removed 4459141 rows and 1136190 columns (presolve time = 50s) ...
Presolve removed 4459195 rows and 1136244 columns (presolve time = 55s) ...
Presolve removed 4461499 rows and 1138404 columns (presolve time = 61s) ...
Presolve removed 4461953 rows and 1138831 columns
Presolve time: 63.17s
Presolved: 92400 rows, 695506 columns, 8335848 nonzeros
Variable types: 695472 continuous, 34 integer (34 binary)

Deterministic concurrent LP optimizer: primal simplex, dual simplex, and barrier
Showing barrier log only...

Root barrier log...

Ordering time: 2.57s

Barrier statistics:
 AA' NZ     : 4.154e+06
 Factor NZ  : 1.074e+07 (roughly 400 MBytes of memory)
 Factor Ops : 2.715e+09 (roughly 1 second per iteration)
 Threads    : 1

                  Objective                Residual
Iter       Primal          Dual         Primal    Dual     Compl     Time
   0   3.95682912e+12 -3.09963708e+12  4.82e+09 7.42e+01  4.49e+08   102s
   1   1.97854177e+12 -2.80426343e+12  2.40e+09 1.51e+02  2.25e+08   104s
   2   8.19835517e+11 -2.60679867e+12  9.60e+08 1.22e+02  9.46e+07   106s
   3   2.29763592e+11 -1.02591223e+12  2.38e+08 2.31e-01  2.42e+07   109s
   4   3.37489468e+10 -2.54327668e+11  2.73e+07 5.56e-03  2.90e+06   112s
   5   8.90226239e+09 -5.61677103e+10  5.53e+06 1.16e-03  6.08e+05   115s
   6   4.84163545e+09 -2.22682133e+10  2.79e+06 2.91e-10  3.08e+05   117s
   7   3.16937734e+09 -1.50288712e+10  1.77e+06 4.66e-10  1.98e+05   119s
   8   2.68223120e+09 -1.41715440e+10  1.50e+06 7.28e-12  1.68e+05   121s
   9   2.11355001e+09 -1.19309472e+10  1.15e+06 3.75e-12  1.30e+05   123s
  10   1.12750390e+09 -7.18487461e+09  5.87e+05 1.06e-10  6.79e+04   125s
  11   5.30685058e+08 -2.34931567e+09  2.64e+05 9.09e-12  3.05e+04   127s
  12   3.41881739e+08 -2.00403372e+09  1.70e+05 5.10e-12  1.99e+04   130s
  13   1.99797620e+08 -7.76214394e+08  9.57e+04 1.09e-11  1.09e+04   133s
  14   6.85041873e+07 -5.10841749e+08  3.17e+04 7.28e-12  3.74e+03   136s
  15   5.69044249e+07 -4.70423250e+08  2.63e+04 7.83e-12  3.11e+03   138s
  16   3.54698076e+07 -4.48896991e+08  1.59e+04 8.87e-12  1.99e+03   140s
  17   2.06344141e+07 -2.50151443e+08  8.41e+03 5.81e-12  1.00e+03   142s
  18   6.90822691e+06 -1.05137567e+08  2.38e+03 1.17e-09  2.84e+02   145s
  19   2.29904759e+06 -4.95692849e+07  7.12e+02 9.09e-11  9.11e+01   147s
  20   1.07047755e+06 -1.75408299e+07  2.89e+02 1.00e-10  3.34e+01   150s
  21   6.71683673e+05 -1.44045998e+07  1.77e+02 7.73e-11  2.29e+01   152s
  22   4.21975768e+05 -1.10913963e+07  1.06e+02 5.37e-11  1.54e+01   154s
  23   2.67811563e+05 -7.10200856e+06  6.46e+01 3.18e-11  9.50e+00   156s
  24   1.51867664e+05 -4.40976170e+06  3.43e+01 2.32e-11  5.44e+00   159s
  25   1.08167568e+05 -3.14091113e+06  2.36e+01 1.59e-11  3.78e+00   161s
  26   7.90256036e+04 -2.52318247e+06  1.65e+01 1.23e-11  2.85e+00   163s
  27   7.03357186e+04 -2.12884961e+06  1.45e+01 1.00e-11  2.43e+00   165s

Barrier performed 27 iterations in 164.61 seconds
Barrier solve interrupted - model solved by another algorithm

Concurrent spin time: 5.14s

Solved with dual simplex

Root relaxation: objective 2.387618e+03, 81230 iterations, 90.08 seconds

    Nodes    |    Current Node    |     Objective Bounds      |     Work
 Expl Unexpl |  Obj  Depth IntInf | Incumbent    BestBd   Gap | It/Node Time

     0     0 2387.61778    0    3          - 2387.61778      -     -  166s
H    0     0                    2806.4907709 2387.61778  14.9%     -  186s
     0     0 2387.61778    0    3 2806.49077 2387.61778  14.9%     -  229s
     0     0 2387.61778    0    3 2806.49077 2387.61778  14.9%     -  239s
     0     0 2387.61778    0    3 2806.49077 2387.61778  14.9%     -  247s
     0     0 2387.61778    0    3 2806.49077 2387.61778  14.9%     -  339s
     0     2 2390.26241    0    3 2806.49077 2390.26241  14.8%     -  359s
     1     4 2390.26716    1    2 2806.49077 2390.26259  14.8%   194  361s
     3     6 2390.33684    2    1 2806.49077 2390.26729  14.8%   221  376s
     7     4 2390.51907    3    1 2806.49077 2390.26878  14.8%  5277  416s
    11     0     cutoff    4      2806.49077 2390.26918  14.8% 16251  436s

Cutting planes:
  Gomory: 2
  Implied bound: 31
  MIR: 62
  Relax-and-lift: 3

Explored 15 nodes (359554 simplex iterations) in 438.33 seconds
Thread count was 8 (of 8 available processors)

Solution count 1: 2806.49 

Optimal solution found (tolerance 2.00e-03)
Warning: max bound violation (1.2735e-02) exceeds tolerance
Best objective 2.806490770948e+03, best bound 2.806490770948e+03, gap 0.0000%
the solution is feasible and optimal
Solution time: 517.9800572395325
Done solving model.
Time used solving the model: 793.0501501560211
----------Dumping data in pickle file...done.
Dumping results in pickle file.....done.
objective function value:  2806.4907709479094
objective function value normalized (Billion EURO):  280.65
                         2023                                            \
                           OO     OB     OP     BO     BB     BP     PO   
LCOT                    5.248  5.248  5.248  5.248  5.248  5.248  5.248   
LCOT (Empty Trips)      1.027  1.027  1.027  1.027  1.027  1.027  1.027   
Emission                0.456  0.456  0.456  0.456  0.456  0.456  0.456   
Emission (Empty Trips)  0.115  0.115  0.115  0.115  0.115  0.115  0.115   
CO2_Penalty             0.000  0.000  0.000  0.000  0.000  0.000  0.000   
Time value              1.809  1.809  1.809  1.809  1.809  1.809  1.809   
Transfer                2.594  2.594  2.594  2.594  2.594  2.594  2.594   
RailTrack               0.116  0.116  0.116  0.116  0.116  0.116  0.116   
Terminal                0.027  0.027  0.027  0.027  0.027  0.027  0.027   
RailElectr.            -0.000  0.000 -0.000  0.000  0.000  0.000  0.000   
Charging                0.000  0.000  0.000  0.000  0.000  0.000  0.000   
H2_Filling              0.000  0.000  0.000  0.000  0.000  0.000  0.000   

                                       2028                              \
                           PB     PP     OO     OB     OP     BO     BB   
LCOT                    5.248  5.248  5.843  5.843  5.843  5.843  5.843   
LCOT (Empty Trips)      1.027  1.027  1.084  1.084  1.084  1.084  1.084   
Emission                0.456  0.456  1.031  1.031  1.031  1.031  1.031   
Emission (Empty Trips)  0.115  0.115  0.255  0.255  0.255  0.255  0.255   
CO2_Penalty             0.000  0.000  0.000  0.000  0.000  0.000  0.000   
Time value              1.809  1.809  2.085  2.085  2.085  2.085  2.085   
Transfer                2.594  2.594  3.084  3.084  3.084  3.084  3.084   
RailTrack               0.116  0.116  0.000  0.000  0.000  0.000  0.000   
Terminal                0.027  0.027  0.022  0.022  0.022  0.022  0.022   
RailElectr.             0.000  0.000 -0.000  0.000 -0.000  0.000  0.000   
Charging                0.000  0.000  0.009  0.009  0.009  0.009  0.009   
H2_Filling              0.000  0.000  0.000  0.000  0.000  0.000  0.000   

                                                     2034                \
                           BP     PO     PB     PP     OO     OB     OP   
LCOT                    5.843  5.843  5.843  5.843  6.066  5.911  5.926   
LCOT (Empty Trips)      1.084  1.084  1.084  1.084  1.095  1.073  1.073   
Emission                1.031  1.031  1.031  1.031  1.021  1.196  1.196   
Emission (Empty Trips)  0.255  0.255  0.255  0.255  0.279  0.305  0.305   
CO2_Penalty             0.000  0.000  0.000  0.000  0.000  0.000  0.000   
Time value              2.085  2.085  2.085  2.085  2.310  2.309  2.309   
Transfer                3.084  3.084  3.084  3.084  3.334  3.331  3.332   
RailTrack               0.000  0.000  0.000  0.000  0.000  0.000  0.000   
Terminal                0.022  0.022  0.022  0.022  0.000  0.000  0.000   
RailElectr.             0.000  0.000  0.000  0.000  0.000  0.000  0.000   
Charging                0.009  0.009  0.009  0.009  0.068  0.024  0.024   
H2_Filling              0.000  0.000  0.000  0.000  0.000  0.000  0.000   

                                                                   2040  \
                           BO     BB     BP     PO     PB     PP     OO   
LCOT                    6.709  6.781  6.598  6.837  6.903  7.009  6.346   
LCOT (Empty Trips)      1.330  1.238  1.248  1.365  1.379  1.289  1.159   
Emission                0.734  0.735  0.931  0.729  0.734  0.734  0.772   
Emission (Empty Trips)  0.134  0.240  0.239  0.120  0.134  0.240  0.228   
CO2_Penalty             0.000  0.000  0.000  0.000  0.000  0.000  0.000   
Time value              2.310  2.307  2.308  2.309  2.309  2.308  2.449   
Transfer                3.338  3.337  3.331  3.339  3.343  3.339  3.191   
RailTrack               0.000  0.000  0.000  0.000  0.000  0.000  0.000   
Terminal                0.000  0.000  0.000  0.000  0.000  0.000  0.010   
RailElectr.             0.000  0.000  0.000  0.000  0.000  0.000  0.000   
Charging                0.096  0.096  0.096  0.096  0.096  0.096  0.191   
H2_Filling              0.000  0.000  0.000  0.000  0.000  0.000  0.002   

                                                                         \
                           OB     OP     BO     BB     BP     PO     PB   
LCOT                    6.260  6.263  7.036  7.184  6.929  7.122  7.287   
LCOT (Empty Trips)      1.163  1.153  1.446  1.294  1.290  1.444  1.506   
Emission                0.878  0.879  0.376  0.384  0.714  0.376  0.377   
Emission (Empty Trips)  0.228  0.229  0.004  0.216  0.228  0.004  0.004   
CO2_Penalty             0.000  0.000  0.000  0.000  0.000  0.000  0.000   
Time value              2.453  2.456  2.448  2.444  2.443  2.450  2.445   
Transfer                3.207  3.255  3.187  3.177  3.175  3.194  3.176   
RailTrack               0.000  0.000  0.000  0.000  0.000  0.000  0.000   
Terminal                0.009  0.009  0.009  0.009  0.008  0.009  0.009   
RailElectr.             0.000  0.000  0.000  0.000  0.000  0.000  0.000   
Charging                0.190  0.188  0.191  0.192  0.192  0.191  0.192   
H2_Filling              0.000  0.000  0.002  0.002  0.002  0.002  0.002   

                                2050                                     \
                           PP     OO     OB     OP     BO     BB     BP   
LCOT                    7.446  7.182  7.405  7.098  7.578  7.831  7.809   
LCOT (Empty Trips)      1.359  1.441  1.479  1.278  1.461  1.508  1.563   
Emission                0.386  0.454  0.460  0.817  0.062  0.064  0.396   
Emission (Empty Trips)  0.217  0.024  0.030  0.241  0.000  0.000  0.000   
CO2_Penalty             0.000  0.000  0.000  0.000  0.000  0.000  0.000   
Time value              2.443  2.816  2.809  2.810  2.812  2.809  2.808   
Transfer                3.175  3.567  3.506  3.517  3.505  3.506  3.504   
RailTrack               0.000  0.000  0.000  0.000  0.000  0.000  0.000   
Terminal                0.008  0.000  0.000  0.000  0.000  0.000  0.000   
RailElectr.             0.000  0.000  0.000  0.000  0.000  0.000  0.000   
Charging                0.192  0.187  0.188  0.188  0.188  0.188  0.188   
H2_Filling              0.002  0.002  0.002  0.002  0.002  0.002  0.002   

                                              2023                 2028       \
                           PO     PB     PP   mean           std   mean  std   
LCOT                    7.598  7.851  8.065  5.248  0.000000e+00  5.843  0.0   
LCOT (Empty Trips)      1.460  1.509  1.564  1.027  0.000000e+00  1.084  0.0   
Emission                0.062  0.064  0.064  0.456  0.000000e+00  1.031  0.0   
Emission (Empty Trips)  0.000  0.000  0.000  0.115  1.471962e-17  0.255  0.0   
CO2_Penalty             0.000  0.000  0.000  0.000  0.000000e+00  0.000  0.0   
Time value              2.812  2.809  2.808  1.809  0.000000e+00  2.085  0.0   
Transfer                3.506  3.506  3.502  2.594  0.000000e+00  3.084  0.0   
RailTrack               0.000  0.000  0.000  0.116  0.000000e+00  0.000  0.0   
Terminal                0.000  0.000  0.000  0.027  0.000000e+00  0.022  0.0   
RailElectr.             0.000  0.000  0.000  0.000  0.000000e+00  0.000  0.0   
Charging                0.188  0.188  0.188  0.000  0.000000e+00  0.009  0.0   
H2_Filling              0.002  0.002  0.002  0.000  0.000000e+00  0.000  0.0   

                            2034                2040                2050  \
                            mean       std      mean       std      mean   
LCOT                    6.526667  0.436700  6.874778  0.462834  7.601889   
LCOT (Empty Trips)      1.232222  0.123376  1.312667  0.135518  1.473667   
Emission                0.890000  0.202814  0.571333  0.232605  0.271444   
Emission (Empty Trips)  0.221778  0.074040  0.150889  0.110272  0.032778   
CO2_Penalty             0.000000  0.000000  0.000000  0.000000  0.000000   
Time value              2.308778  0.000972  2.447889  0.004595  2.810333   
Transfer                3.336000  0.004213  3.193000  0.025676  3.513222   
RailTrack               0.000000  0.000000  0.000000  0.000000  0.000000   
Terminal                0.000000  0.000000  0.008889  0.000601  0.000000   
RailElectr.             0.000000  0.000000  0.000000  0.000000  0.000000   
Charging                0.076889  0.031355  0.191000  0.001323  0.187889   
H2_Filling              0.000000  0.000000  0.001556  0.000882  0.002000   

                                  
                             std  
LCOT                    0.324322  
LCOT (Empty Trips)      0.085364  
Emission                0.273601  
Emission (Empty Trips)  0.078968  
CO2_Penalty             0.000000  
Time value              0.002598  
Transfer                0.020596  
RailTrack               0.000000  
Terminal                0.000000  
RailElectr.             0.000000  
Charging                0.000333  
H2_Filling              0.000000  
                       2023     2028      2034      2040      2050     
                       mean std mean  std mean  std mean  std mean  std
LCOT                    5.2   0  5.8    0  6.5 0.44  6.9 0.46  7.6 0.32
LCOT (Empty Trips)        1   0  1.1    0  1.2 0.12  1.3 0.14  1.5 0.09
Emission               0.46   0    1    0 0.89  0.2 0.57 0.23 0.27 0.27
Emission (Empty Trips) 0.12   0 0.25    0 0.22 0.07 0.15 0.11 0.03 0.08
CO2_Penalty               0   0    0    0    0    0    0    0    0    0
Time value              1.8   0  2.1    0  2.3    0  2.5    0  2.8    0
Transfer                2.6   0  3.1    0  3.3    0  3.2 0.03  3.5 0.02
RailTrack              0.12   0    0    0    0    0    0    0    0    0
Terminal               0.03   0 0.02    0    0    0 0.01    0    0    0
RailElectr.               0   0    0    0    0    0    0    0    0    0
Charging                  0   0 0.01    0 0.08 0.03 0.19    0 0.19    0
H2_Filling                0   0    0    0    0    0    0    0    0    0
discount_factor           1   1 0.83 0.83 0.66 0.66 0.53 0.53 0.36 0.36
emissions (MTonnes CO2 eq.):
             AvgEmission  Std  AvgEmission_perc  Std_perc
time_period                                              
2023                 6.8    0             1e+02         0
2028                 7.3    0           1.1e+02         0
2034                 5.2  1.3                77        19
2040                 3.4  1.6                50        23
2050                 1.4  1.6                20        24
----------------
Average transport work in GTONNES*km:
    mode            product time_period  TransportArbeid
0   Rail  Break bulk (fast)        2023            0.086
1   Rail  Break bulk (slow)        2023           0.0028
2   Rail   Container (fast)        2023                0
3   Rail   Container (slow)        2023            0.092
4   Rail           Dry bulk        2023              9.9
5   Rail           Neo bulk        2023             0.19
6   Road  Break bulk (fast)        2023              7.1
7   Road  Break bulk (slow)        2023              7.4
8   Road   Container (fast)        2023              3.6
9   Road   Container (slow)        2023              4.6
10  Road           Dry bulk        2023              0.6
11  Road           Neo bulk        2023               14
12   Sea  Break bulk (fast)        2023             0.38
13   Sea  Break bulk (slow)        2023                3
14   Sea   Container (fast)        2023             0.19
15   Sea   Container (slow)        2023              1.6
16   Sea           Dry bulk        2023            1e+02
17   Sea           Neo bulk        2023             0.52

