----------------------------
Doing the following analysis: 
FuelScen_carbontaxbase_demand_scaled_0.8_risk_rate_3.8
----------------------------
Reading data...
Number of scenarios:  9
Number of scenarios:  1
Reading and constructing data
Function construct_sets Took 0.0020 seconds
Function construct_network Took 0.0058 seconds
Transport demand in the base year 2018 (in MTonnes):
             product  tot_weight
0           Dry bulk       94.86
1   Container (fast)        4.07
2   Container (slow)        9.23
3  Break bulk (fast)       11.61
4  Break bulk (slow)       15.37
5           Neo bulk       19.28
Function construct_ODD Took 0.5769 seconds
Function construct_vehicles Took 0.6661 seconds
Function construct_emission_transfer Took 0.2131 seconds
Function construct_costs Took 2.9973 seconds
Function construct_time_value Took 0.0027 seconds
Function construct_investments Took 0.0161 seconds
Function construct_charging_edges Took 0.3148 seconds
Function construct_tech_readiness Took 0.0063 seconds
Function construct_path_generation Took 0.1980 seconds
Function construct_param2 Took 0.1001 seconds
Function combined_sets Took 0.5986 seconds
Function combined_sets Took 0.5233 seconds
Done reading data.
Time used reading the base data: 19.485801935195923
Solving the first time period for initialization purposes...
Function combined_sets Took 0.1559 seconds
Set parameter Username
Academic license - for non-commercial use only - expires 2025-09-27
Read LP format model from file C:\Users\sandee\Documents\Github\STraM_ntnu_development\temp\pyomo\tmpi09xsqhi.pyomo.lp
Reading time = 4.58 seconds
x1: 2206648 rows, 540793 columns, 7776703 nonzeros
Set parameter FeasibilityTol to value 0.0001
Set parameter MIPGap to value 0.002
Gurobi Optimizer version 11.0.0 build v11.0.0rc2 (win64 - Windows 10.0 (19045.2))

CPU model: Intel(R) Core(TM) i7-10700 CPU @ 2.90GHz, instruction set [SSE2|AVX|AVX2]
Thread count: 8 physical cores, 16 logical processors, using up to 16 threads

Optimize a model with 2206648 rows, 540793 columns and 7776703 nonzeros
Model fingerprint: 0x240fe87c
Coefficient statistics:
  Matrix range     [6e-06, 1e+03]
  Objective range  [8e-02, 3e-01]
  Bounds range     [0e+00, 0e+00]
  RHS range        [1e-03, 9e+01]
Presolve removed 2204019 rows and 518516 columns
Presolve time: 4.69s
Presolved: 2629 rows, 23240 columns, 200819 nonzeros

Concurrent LP optimizer: primal simplex, dual simplex, and barrier
Showing barrier log only...

Ordering time: 0.02s

Barrier statistics:
 AA' NZ     : 8.342e+04
 Factor NZ  : 1.886e+05 (roughly 12 MB of memory)
 Factor Ops : 2.666e+07 (less than 1 second per iteration)
 Threads    : 6

                  Objective                Residual
Iter       Primal          Dual         Primal    Dual     Compl     Time
   0   4.26678552e+00 -5.65025000e-01  2.86e+05 0.00e+00  1.23e+00     5s
   1   1.57136403e+00 -1.51166687e+00  6.97e+04 2.26e-02  3.12e-01     5s
   2   7.50499095e-01 -6.59158283e-01  1.43e+04 1.52e-02  6.84e-02     5s
   3   9.07275105e-01  4.44679957e+00  4.33e+03 3.28e-03  2.07e-02     5s
   4   2.30857205e+00  2.02248675e+01  2.71e+03 1.40e-03  1.30e-02     5s
   5   3.37523387e+00  2.55120851e+01  2.19e+03 1.24e-03  1.05e-02     5s
   6   6.21316411e+00  3.55751325e+01  1.94e+03 1.12e-03  9.35e-03     5s
   7   1.08160334e+01  3.68851081e+01  1.43e+03 1.09e-03  6.86e-03     5s
   8   1.65410447e+01  4.93076909e+01  1.09e+03 6.56e-04  5.14e-03     5s
   9   1.86018241e+01  6.00533300e+01  9.53e+02 4.98e-04  4.48e-03     5s
  10   2.12499850e+01  6.58960072e+01  8.29e+02 4.59e-04  3.84e-03     5s
  11   2.22969310e+01  6.68327921e+01  7.96e+02 4.47e-04  3.69e-03     5s
  12   2.75891575e+01  7.48991694e+01  6.48e+02 3.86e-04  2.92e-03     5s
  13   3.24904707e+01  8.32452008e+01  5.52e+02 3.29e-04  2.44e-03     5s
  14   3.37484255e+01  8.53830138e+01  5.32e+02 3.23e-04  2.34e-03     5s
  15   3.42895715e+01  8.88300952e+01  5.28e+02 3.14e-04  2.34e-03     5s
  16   3.60501487e+01  9.43197733e+01  5.04e+02 2.93e-04  2.22e-03     5s
  17   4.04225181e+01  9.72383660e+01  4.53e+02 2.78e-04  1.95e-03     5s
  18   4.31266544e+01  1.03431225e+02  4.22e+02 2.58e-04  1.80e-03     5s
  19   4.64004576e+01  1.06430379e+02  3.89e+02 2.51e-04  1.64e-03     5s
  20   4.81587694e+01  1.14729316e+02  3.72e+02 2.32e-04  1.57e-03     5s
  21   5.17838240e+01  1.18424746e+02  3.44e+02 2.23e-04  1.43e-03     5s
  22   5.48387611e+01  1.24708780e+02  3.22e+02 2.12e-04  1.33e-03     5s
  23   5.75816128e+01  1.28453263e+02  3.07e+02 2.02e-04  1.26e-03     5s
  24   6.14390872e+01  1.33125349e+02  2.86e+02 1.91e-04  1.17e-03     5s
  25   6.56039316e+01  1.38685343e+02  2.64e+02 1.83e-04  1.06e-03     5s
  26   6.96840426e+01  1.41588880e+02  2.45e+02 1.77e-04  9.65e-04     5s
  27   7.16779798e+01  1.46575685e+02  2.36e+02 1.69e-04  9.32e-04     5s
  28   7.54790977e+01  1.54039112e+02  2.20e+02 1.55e-04  8.69e-04     5s
  29   7.91390766e+01  1.59812060e+02  2.06e+02 1.47e-04  8.00e-04     5s
  30   8.35801259e+01  1.66990603e+02  1.90e+02 1.38e-04  7.18e-04     5s
  31   8.68086998e+01  1.69732643e+02  1.80e+02 1.35e-04  6.61e-04     5s
  32   8.80383104e+01  1.70401782e+02  1.77e+02 1.35e-04  6.39e-04     5s
  33   8.95283207e+01  1.75972320e+02  1.72e+02 1.31e-04  6.25e-04     5s
  34   9.17175001e+01  1.81793866e+02  1.66e+02 1.28e-04  5.98e-04     5s
  35   9.39924654e+01  1.84340784e+02  1.60e+02 1.26e-04  5.64e-04     5s
  36   9.69369972e+01  1.91696526e+02  1.54e+02 1.22e-04  5.35e-04     5s
  37   1.00904859e+02  1.98545606e+02  1.46e+02 1.17e-04  5.07e-04     5s
  38   1.01245365e+02  2.00788876e+02  1.46e+02 1.15e-04  5.13e-04     5s
  39   1.04329807e+02  2.02474650e+02  1.41e+02 1.14e-04  4.87e-04     5s
  40   1.07615317e+02  2.08750751e+02  1.35e+02 1.11e-04  4.58e-04     5s
  41   1.10696553e+02  2.17848226e+02  1.30e+02 1.07e-04  4.42e-04     5s
  42   1.12535132e+02  2.28106188e+02  1.27e+02 1.04e-04  4.39e-04     5s
  43   1.15193719e+02  2.32056855e+02  1.24e+02 1.03e-04  4.14e-04     5s
  44   1.17901094e+02  2.38643196e+02  1.20e+02 1.01e-04  3.89e-04     5s
  45   1.18069569e+02  2.41900211e+02  1.20e+02 1.01e-04  3.93e-04     5s
  46   1.20946486e+02  2.42570603e+02  1.17e+02 1.00e-04  3.75e-04     5s
  47   1.23038707e+02  2.44038167e+02  1.14e+02 9.82e-05  3.66e-04     5s
  48   1.26279674e+02  2.47763903e+02  1.11e+02 9.61e-05  3.55e-04     5s

Barrier performed 48 iterations in 5.36 seconds (5.36 work units)
Barrier solve interrupted - model solved by another algorithm


Solved with primal simplex
Extra simplex iterations after uncrush: 2
Iteration    Objective       Primal Inf.    Dual Inf.      Time
    9739    4.2778702e+02   0.000000e+00   0.000000e+00      9s

Solved in 9739 iterations and 8.78 seconds (11.11 work units)
Optimal objective  4.277870183e+02
the solution is feasible and optimal
Solution time: 16.531461477279663
Function combined_sets Took 0.4118 seconds
-----
Constructing full SP model...
Done constructing model.
Time used constructing the model: 94.18994641304016
----------
Solving model...
Set parameter Username
Academic license - for non-commercial use only - expires 2025-09-27
Read LP format model from file C:\Users\sandee\Documents\Github\STraM_ntnu_development\temp\pyomo\tmpph9lompx.pyomo.lp
Reading time = 15.99 seconds
x1: 4553029 rows, 1834336 columns, 25934527 nonzeros
Set parameter FeasibilityTol to value 0.01
Set parameter MIPGap to value 0.002
Gurobi Optimizer version 11.0.0 build v11.0.0rc2 (win64 - Windows 10.0 (19045.2))

CPU model: Intel(R) Core(TM) i7-10700 CPU @ 2.90GHz, instruction set [SSE2|AVX|AVX2]
Thread count: 8 physical cores, 16 logical processors, using up to 16 threads

Optimize a model with 4553029 rows, 1834336 columns and 25934527 nonzeros
Model fingerprint: 0x2f487bb6
Variable types: 1834030 continuous, 306 integer (306 binary)
Coefficient statistics:
  Matrix range     [6e-06, 1e+03]
  Objective range  [8e-02, 3e-01]
  Bounds range     [1e+00, 5e+04]
  RHS range        [1e-03, 9e+01]
Presolve removed 4277224 rows and 946038 columns (presolve time = 5s) ...
Presolve removed 4354984 rows and 1037470 columns
Presolve time: 9.30s
Presolved: 198045 rows, 796866 columns, 16308414 nonzeros
Variable types: 796832 continuous, 34 integer (34 binary)
Deterministic concurrent LP optimizer: primal simplex, dual simplex, and barrier
Showing barrier log only...

Root barrier log...

Ordering time: 1.72s

Barrier statistics:
 AA' NZ     : 4.372e+06
 Factor NZ  : 1.148e+07 (roughly 400 MB of memory)
 Factor Ops : 2.888e+09 (less than 1 second per iteration)
 Threads    : 5

                  Objective                Residual
Iter       Primal          Dual         Primal    Dual     Compl     Time
   0   7.24156800e+12 -8.24148870e+12  7.27e+10 5.70e+01  2.01e+09    53s
   1   4.99234786e+12 -8.11618356e+12  4.99e+10 1.95e+02  1.39e+09    53s
   2   2.25914241e+12 -7.04617479e+12  2.22e+10 1.45e+02  6.41e+08    54s
   3   5.18375112e+11 -2.96790478e+12  4.19e+09 8.54e+00  1.28e+08    56s
   4   1.33502150e+11 -1.12121032e+12  4.05e+08 1.55e-01  1.40e+07    57s
   5   5.17227896e+10 -2.91685575e+11  1.21e+08 3.46e-02  4.13e+06    57s
   6   1.94925023e+10 -1.26695023e+11  3.55e+07 1.02e-02  1.23e+06    58s
   7   8.90314647e+09 -4.56702193e+10  1.36e+07 5.45e-04  4.84e+05    59s
   8   4.98818018e+09 -2.25560676e+10  7.24e+06 1.64e-11  2.57e+05    60s
   9   4.30139789e+09 -1.94142580e+10  6.21e+06 9.82e-11  2.21e+05    61s
  10   4.10417680e+09 -1.83553732e+10  5.91e+06 1.46e-11  2.11e+05    62s
  11   3.44158242e+09 -1.75566474e+10  4.85e+06 9.55e-12  1.74e+05    63s
  12   2.96872104e+09 -1.49181464e+10  4.12e+06 4.33e-10  1.49e+05    64s
  13   1.79467245e+09 -8.64843863e+09  2.42e+06 6.82e-12  8.74e+04    65s
  14   9.88133743e+08 -2.99735333e+09  1.28e+06 1.27e-11  4.66e+04    66s
  15   5.00897789e+08 -1.89518758e+09  6.15e+05 8.14e-12  2.26e+04    67s
  16   2.25265589e+08 -1.31856332e+09  2.54e+05 6.82e-12  9.64e+03    68s
  17   9.46741341e+07 -9.91507490e+08  1.01e+05 4.55e-12  4.10e+03    68s
  18   4.75272418e+07 -5.40595561e+08  4.71e+04 2.71e-09  1.90e+03    69s
  19   2.43632898e+07 -2.48804103e+08  2.25e+04 6.52e-09  8.55e+02    70s
  20   9.90821164e+06 -1.25842394e+08  8.30e+03 7.28e-12  3.21e+02    70s
  21   5.00581649e+06 -4.26843946e+07  3.98e+03 7.28e-12  1.30e+02    71s
  22   2.22443681e+06 -1.90930259e+07  1.64e+03 5.46e-12  5.24e+01    72s
  23   8.62265670e+05 -9.76173841e+06  5.91e+02 7.28e-12  2.03e+01    73s
  24   4.94273384e+05 -7.54007169e+06  3.29e+02 5.00e-12  1.26e+01    74s
  25   3.43137390e+05 -6.01420841e+06  2.24e+02 4.32e-12  9.09e+00    76s
  26   2.22835640e+05 -4.14286989e+06  1.40e+02 2.96e-12  5.87e+00    77s
  27   1.46043782e+05 -3.05711236e+06  8.82e+01 1.82e-12  3.96e+00    78s
  28   1.06337051e+05 -2.31283768e+06  6.27e+01 1.36e-12  2.87e+00    78s
  29   7.11237908e+04 -2.03228401e+06  4.05e+01 1.19e-12  2.20e+00    79s
  30   5.77585111e+04 -1.55824853e+06  3.19e+01 1.26e-12  1.68e+00    81s
  31   4.29969598e+04 -1.34858255e+06  2.26e+01 1.62e-12  1.35e+00    82s
  32   3.13321285e+04 -9.93385923e+05  1.51e+01 1.33e-12  9.47e-01    83s
  33   2.44560895e+04 -8.82360226e+05  1.09e+01 1.38e-12  7.90e-01    84s
  34   2.37561373e+04 -8.35441542e+05  1.05e+01 1.34e-12  7.48e-01    85s
  35   2.05771475e+04 -7.44139451e+05  8.53e+00 1.09e-12  6.49e-01    86s
  36   1.94801949e+04 -6.54827551e+05  7.83e+00 1.70e-12  5.72e-01    87s
  37   1.54507743e+04 -5.84603858e+05  5.40e+00 2.42e-12  4.82e-01    89s
  38   1.45079294e+04 -5.14810242e+05  4.80e+00 1.53e-12  4.23e-01    90s
  39   1.31238924e+04 -4.55841844e+05  3.94e+00 1.46e-12  3.67e-01    92s
  40   1.15149944e+04 -3.80331119e+05  2.96e+00 1.25e-12  3.00e-01    93s
  41   1.09918670e+04 -3.34538908e+05  2.64e+00 1.62e-12  2.63e-01    94s
  42   9.74501805e+03 -2.93696130e+05  1.94e+00 1.76e-12  2.25e-01    96s
  43   9.42184227e+03 -2.51544737e+05  1.75e+00 1.49e-12  1.93e-01    97s
  44   8.65851922e+03 -2.16679010e+05  1.34e+00 1.99e-12  1.64e-01    98s
  45   7.75898392e+03 -1.91009476e+05  8.61e-01 2.24e-12  1.41e-01   100s
  46   7.56924554e+03 -1.71386579e+05  7.53e-01 1.57e-12  1.26e-01   101s
  47   7.23998596e+03 -1.29611237e+05  5.92e-01 2.44e-12  9.59e-02   104s
  48   6.87165726e+03 -1.10453620e+05  4.40e-01 1.43e-12  8.14e-02   106s
  49   6.42335662e+03 -9.20660463e+04  2.75e-01 2.63e-12  6.75e-02   108s
  50   6.12070949e+03 -6.46653926e+04  1.85e-01 1.51e-12  4.82e-02   109s
  51   5.85445521e+03 -5.33804637e+04  1.34e-01 1.22e-12  4.02e-02   111s
  52   5.60856530e+03 -3.95437988e+04  1.02e-01 1.26e-12  3.05e-02   112s
  53   5.33393113e+03 -3.14665152e+04  7.17e-02 1.47e-12  2.48e-02   114s
  54   5.21412603e+03 -2.90400073e+04  6.23e-02 1.00e-12  2.31e-02   116s
  55   4.87050631e+03 -2.24412517e+04  3.75e-02 9.68e-13  1.83e-02   118s
  56   4.66853665e+03 -1.83638138e+04  2.91e-02 9.87e-13  1.54e-02   119s
  57   4.43512154e+03 -1.50201452e+04  2.01e-02 5.05e-13  1.30e-02   121s
  58   4.33782459e+03 -1.21670292e+04  1.74e-02 4.07e-13  1.11e-02   122s
  59   4.27175268e+03 -1.02176624e+04  1.61e-02 3.57e-13  9.70e-03   124s

Barrier performed 59 iterations in 123.56 seconds (79.08 work units)
Barrier solve interrupted - model solved by another algorithm

Concurrent spin time: 0.39s

Solved with dual simplex

Root simplex log...

Iteration    Objective       Primal Inf.    Dual Inf.      Time
   89625    1.8926139e+03   7.637410e-02   3.089080e+10    126s
  102802    1.8925389e+03   1.150766e+02   0.000000e+00    130s
  104072    1.8926189e+03   0.000000e+00   0.000000e+00    132s
Extra simplex iterations after uncrush: 20712

Root relaxation: objective 1.892619e+03, 104072 iterations, 91.31 seconds (39.15 work units)

    Nodes    |    Current Node    |     Objective Bounds      |     Work
 Expl Unexpl |  Obj  Depth IntInf | Incumbent    BestBd   Gap | It/Node Time

     0     0 1892.61892    0    3          - 1892.61892      -     -  132s
H    0     0                    1892.6407697 1892.61892  0.00%     -  135s

Explored 1 nodes (104072 simplex iterations) in 137.27 seconds (84.07 work units)
Thread count was 16 (of 16 available processors)

Solution count 2: 1892.64 1892.64 

Optimal solution found (tolerance 2.00e-03)
Warning: max constraint violation (8.5055e-02) exceeds tolerance
Warning: max bound violation (7.9959e-02) exceeds tolerance
Best objective 1.892640769721e+03, best bound 1.892640769721e+03, gap 0.0000%
the solution is feasible and optimal
Solution time: 161.19387984275818
Done solving model.
Time used solving the model: 246.02282524108887
----------Dumping data in pickle file...done.
Dumping results in pickle file.....done.
objective function value:  1892.6407697205068
objective function value normalized (Billion EURO):  189.26
                         2023                                            \
                           OO     OB     OP     BO     BB     BP     PO   
LCOT                    3.296  3.296  3.296  3.296  3.296  3.296  3.296   
LCOT (Empty Trips)      0.984  0.984  0.984  0.984  0.984  0.984  0.984   
Emission                0.305  0.305  0.305  0.305  0.305  0.305  0.305   
Emission (Empty Trips)  0.143  0.143  0.143  0.143  0.143  0.143  0.143   
CO2_Penalty             0.000  0.000  0.000  0.000  0.000  0.000  0.000   
Time value              1.085  1.085  1.085  1.085  1.085  1.085  1.085   
Transfer                1.778  1.778  1.778  1.778  1.778  1.778  1.778   
RailTrack               0.116  0.116  0.116  0.116  0.116  0.116  0.116   
Terminal                0.047  0.047  0.047  0.047  0.047  0.047  0.047   
RailElectr.             0.000  0.000  0.000  0.000  0.000  0.000  0.000   
Charging                0.000  0.000  0.000  0.000  0.000  0.000  0.000   
H2_Filling             -0.000 -0.000 -0.000 -0.000 -0.000 -0.000 -0.000   

                                       2028                              \
                           PB     PP     OO     OB     OP     BO     BB   
LCOT                    3.296  3.296  3.655  3.655  3.655  3.655  3.655   
LCOT (Empty Trips)      0.984  0.984  0.851  0.851  0.851  0.851  0.851   
Emission                0.305  0.305  0.688  0.688  0.688  0.688  0.688   
Emission (Empty Trips)  0.143  0.143  0.193  0.193  0.193  0.193  0.193   
CO2_Penalty             0.000  0.000  0.000  0.000  0.000  0.000  0.000   
Time value              1.085  1.085  1.226  1.226  1.226  1.226  1.226   
Transfer                1.778  1.778  1.991  1.991  1.991  1.991  1.991   
RailTrack               0.116  0.116  0.000  0.000  0.000  0.000  0.000   
Terminal                0.047  0.047  0.021  0.021  0.021  0.021  0.021   
RailElectr.             0.000  0.000  0.000  0.000  0.000  0.000  0.000   
Charging                0.000  0.000  0.006  0.006  0.006  0.006  0.006   
H2_Filling             -0.000 -0.000  0.000  0.000  0.000  0.000  0.000   

                                                     2034                \
                           BP     PO     PB     PP     OO     OB     OP   
LCOT                    3.655  3.655  3.655  3.655  3.858  3.748  3.754   
LCOT (Empty Trips)      0.851  0.851  0.851  0.851  0.880  0.860  0.864   
Emission                0.688  0.688  0.688  0.688  0.712  0.835  0.834   
Emission (Empty Trips)  0.193  0.193  0.193  0.193  0.213  0.234  0.234   
CO2_Penalty             0.000  0.000  0.000  0.000  0.000  0.000  0.000   
Time value              1.226  1.226  1.226  1.226  1.444  1.445  1.445   
Transfer                1.991  1.991  1.991  1.991  2.395  2.398  2.391   
RailTrack               0.000  0.000  0.000  0.000  0.000  0.000  0.000   
Terminal                0.021  0.021  0.021  0.021  0.000  0.000  0.000   
RailElectr.             0.000  0.000  0.000  0.000  0.000  0.000  0.000   
Charging                0.006  0.006  0.006  0.006  0.043  0.011  0.011   
H2_Filling              0.000  0.000  0.000  0.000  0.000  0.000  0.000   

                                                                   2040  \
                           BO     BB     BP     PO     PB     PP     OO   
LCOT                    4.315  4.366  4.219  4.404  4.452  4.524  4.078   
LCOT (Empty Trips)      1.043  0.970  0.979  1.073  1.081  1.011  0.908   
Emission                0.512  0.512  0.659  0.510  0.511  0.511  0.560   
Emission (Empty Trips)  0.102  0.181  0.181  0.090  0.102  0.179  0.171   
CO2_Penalty             0.000  0.000  0.000  0.000  0.000  0.000  0.000   
Time value              1.446  1.447  1.446  1.446  1.447  1.448  1.536   
Transfer                2.412  2.415  2.412  2.407  2.415  2.415  2.320   
RailTrack               0.000  0.000  0.000  0.000  0.000  0.000  0.000   
Terminal                0.000  0.000  0.000  0.000  0.000 -0.000  0.000   
RailElectr.             0.000  0.000  0.000  0.000  0.000  0.000  0.000   
Charging                0.062  0.061  0.061  0.062  0.062  0.062  0.125   
H2_Filling              0.000  0.000  0.000  0.000  0.000  0.000  0.001   

                                                                         \
                           OB     OP     BO     BB     BP     PO     PB   
LCOT                    4.043  4.056  4.578  4.677  4.493  4.626  4.744   
LCOT (Empty Trips)      0.904  0.906  1.119  1.015  0.995  1.121  1.171   
Emission                0.625  0.626  0.271  0.274  0.512  0.270  0.271   
Emission (Empty Trips)  0.172  0.172  0.003  0.155  0.171  0.003  0.003   
CO2_Penalty             0.000  0.000  0.000  0.000  0.000  0.000  0.000   
Time value              1.538  1.539  1.537  1.538  1.538  1.539  1.538   
Transfer                2.322  2.339  2.324  2.320  2.326  2.341  2.323   
RailTrack               0.000  0.000  0.000  0.000  0.000  0.000  0.000   
Terminal                0.000  0.000  0.000  0.000  0.000  0.000  0.000   
RailElectr.             0.000  0.000  0.000  0.000  0.000  0.000  0.000   
Charging                0.124  0.124  0.125  0.125  0.124  0.124  0.125   
H2_Filling              0.000  0.000  0.001  0.001  0.001  0.001  0.001   

                                2050                                     \
                           PP     OO     OB     OP     BO     BB     BP   
LCOT                    4.867  4.771  4.702  4.717  5.060  5.246  5.226   
LCOT (Empty Trips)      1.062  1.131  1.015  1.012  1.151  1.188  1.228   
Emission                0.275  0.330  0.570  0.594  0.041  0.041  0.280   
Emission (Empty Trips)  0.155  0.024  0.170  0.182  0.000  0.000 -0.000   
CO2_Penalty             0.000  0.000  0.000  0.000  0.000  0.000  0.000   
Time value              1.538  1.828  1.825  1.825  1.827  1.825  1.823   
Transfer                2.312  2.586  2.541  2.540  2.541  2.537  2.539   
RailTrack               0.000  0.000  0.000  0.000  0.000  0.000  0.000   
Terminal                0.000  0.000  0.000  0.000  0.000  0.000  0.000   
RailElectr.             0.000  0.000  0.000  0.000  0.000  0.000  0.000   
Charging                0.125  0.127  0.128  0.128  0.128  0.128  0.128   
H2_Filling              0.001  0.001  0.001  0.001  0.001  0.001  0.001   

                                              2023                 2028  \
                           PO     PB     PP   mean           std   mean   
LCOT                    5.080  5.257  5.406  3.296  0.000000e+00  3.655   
LCOT (Empty Trips)      1.150  1.183  1.228  0.984  0.000000e+00  0.851   
Emission                0.041  0.042  0.041  0.305  0.000000e+00  0.688   
Emission (Empty Trips)  0.000  0.000 -0.000  0.143  0.000000e+00  0.193   
CO2_Penalty             0.000  0.000  0.000  0.000  0.000000e+00  0.000   
Time value              1.827  1.824  1.823  1.085  0.000000e+00  1.226   
Transfer                2.540  2.543  2.542  1.778  2.355139e-16  1.991   
RailTrack               0.000  0.000  0.000  0.116  0.000000e+00  0.000   
Terminal                0.000  0.000  0.000  0.047  0.000000e+00  0.021   
RailElectr.             0.000  0.000  0.000  0.000  0.000000e+00  0.000   
Charging                0.128  0.128  0.128  0.000  0.000000e+00  0.006   
H2_Filling              0.001  0.001  0.001  0.000  0.000000e+00  0.000   

                                          2034                2040            \
                                 std      mean       std      mean       std   
LCOT                    4.710277e-16  4.182222  0.309955  4.462444  0.319949   
LCOT (Empty Trips)      0.000000e+00  0.973444  0.087572  1.022333  0.102569   
Emission                0.000000e+00  0.621778  0.141936  0.409333  0.166111   
Emission (Empty Trips)  0.000000e+00  0.168444  0.056998  0.111667  0.081779   
CO2_Penalty             0.000000e+00  0.000000  0.000000  0.000000  0.000000   
Time value              0.000000e+00  1.446000  0.001225  1.537889  0.000928   
Transfer                0.000000e+00  2.406667  0.009500  2.325222  0.009257   
RailTrack               0.000000e+00  0.000000  0.000000  0.000000  0.000000   
Terminal                0.000000e+00  0.000000  0.000000  0.000000  0.000000   
RailElectr.             0.000000e+00  0.000000  0.000000  0.000000  0.000000   
Charging                0.000000e+00  0.048333  0.022034  0.124556  0.000527   
H2_Filling              0.000000e+00  0.000000  0.000000  0.000778  0.000441   

                            2050            
                            mean       std  
LCOT                    5.051667  0.262151  
LCOT (Empty Trips)      1.142889  0.080527  
Emission                0.220000  0.233967  
Emission (Empty Trips)  0.041778  0.076560  
CO2_Penalty             0.000000  0.000000  
Time value              1.825222  0.001787  
Transfer                2.545444  0.015306  
RailTrack               0.000000  0.000000  
Terminal                0.000000  0.000000  
RailElectr.             0.000000  0.000000  
Charging                0.127889  0.000333  
H2_Filling              0.001000  0.000000  
                       2023     2028      2034      2040      2050     
                       mean std mean  std mean  std mean  std mean  std
LCOT                    3.3   0  3.7    0  4.2 0.31  4.5 0.32    5 0.26
LCOT (Empty Trips)     0.98   0 0.85    0 0.97 0.09    1  0.1  1.1 0.08
Emission                0.3   0 0.69    0 0.62 0.14 0.41 0.17 0.22 0.23
Emission (Empty Trips) 0.14   0 0.19    0 0.17 0.06 0.11 0.08 0.04 0.08
CO2_Penalty               0   0    0    0    0    0    0    0    0    0
Time value              1.1   0  1.2    0  1.4    0  1.5    0  1.8    0
Transfer                1.8   0    2    0  2.4 0.01  2.3 0.01  2.5 0.02
RailTrack              0.12   0    0    0    0    0    0    0    0    0
Terminal               0.05   0 0.02    0    0    0    0    0    0    0
RailElectr.               0   0    0    0    0    0    0    0    0    0
Charging                  0   0 0.01    0 0.05 0.02 0.12    0 0.13    0
H2_Filling                0   0    0    0    0    0    0    0    0    0
discount_factor           1   1 0.83 0.83 0.66 0.66 0.53 0.53 0.36 0.36
emissions (MTonnes CO2 eq.):
             AvgEmission  Std  AvgEmission_perc  Std_perc
time_period                                              
2023                 5.7    0             1e+02         0
2028                 5.1    0                89         0
2034                 3.7 0.94                66        16
2040                 2.5  1.2                43        20
2050                 1.2  1.5                21        26
----------------
Average transport work in GTONNES*km:
    mode            product time_period TransportArbeid
0   Rail  Break bulk (fast)        2023         -0.0013
1   Rail  Break bulk (slow)        2023        -0.00023
2   Rail   Container (fast)        2023        -0.00048
3   Rail           Dry bulk        2023             9.2
4   Rail           Neo bulk        2023          0.0012
5   Road  Break bulk (fast)        2023             4.3
6   Road  Break bulk (slow)        2023             4.1
7   Road   Container (fast)        2023             1.6
8   Road   Container (slow)        2023             2.1
9   Road           Dry bulk        2023            0.42
10  Road           Neo bulk        2023               9
11   Sea  Break bulk (fast)        2023            0.23
12   Sea  Break bulk (slow)        2023            0.74
13   Sea   Container (fast)        2023            0.14
14   Sea   Container (slow)        2023            0.84
15   Sea           Dry bulk        2023              75
16   Sea           Neo bulk        2023            0.26

